Component: ARM Compiler 5.06 (build 20) Tool: armlink [4d35a3]

==============================================================================

Section Cross References

    stm32f4xx_it.o(i.ADC_IRQHandler) refers to stm32f4xx_hal_adc.o(i.HAL_ADC_IRQHandler) for HAL_ADC_IRQHandler
    stm32f4xx_it.o(i.ADC_IRQHandler) refers to main.o(.bss) for hadc1
    stm32f4xx_it.o(i.DMA1_Stream0_IRQHandler) refers to stm32f4xx_hal_dma.o(i.HAL_DMA_IRQHandler) for HAL_DMA_IRQHandler
    stm32f4xx_it.o(i.DMA1_Stream0_IRQHandler) refers to main.o(.bss) for hdma_i2c1_rx
    stm32f4xx_it.o(i.DMA1_Stream1_IRQHandler) refers to stm32f4xx_hal_dma.o(i.HAL_DMA_IRQHandler) for HAL_DMA_IRQHandler
    stm32f4xx_it.o(i.DMA1_Stream1_IRQHandler) refers to main.o(.bss) for hdma_i2c3_rx
    stm32f4xx_it.o(i.DMA2_Stream0_IRQHandler) refers to stm32f4xx_hal_dma.o(i.HAL_DMA_IRQHandler) for HAL_DMA_IRQHandler
    stm32f4xx_it.o(i.DMA2_Stream0_IRQHandler) refers to main.o(.bss) for hdma_adc1
    stm32f4xx_it.o(i.DMA2_Stream1_IRQHandler) refers to stm32f4xx_hal_dma.o(i.HAL_DMA_IRQHandler) for HAL_DMA_IRQHandler
    stm32f4xx_it.o(i.DMA2_Stream1_IRQHandler) refers to main.o(.bss) for hdma_usart6_rx
    stm32f4xx_it.o(i.DMA2_Stream2_IRQHandler) refers to stm32f4xx_hal_dma.o(i.HAL_DMA_IRQHandler) for HAL_DMA_IRQHandler
    stm32f4xx_it.o(i.DMA2_Stream2_IRQHandler) refers to main.o(.bss) for hdma_usart1_rx
    stm32f4xx_it.o(i.DMA2_Stream6_IRQHandler) refers to stm32f4xx_hal_dma.o(i.HAL_DMA_IRQHandler) for HAL_DMA_IRQHandler
    stm32f4xx_it.o(i.DMA2_Stream6_IRQHandler) refers to main.o(.bss) for hdma_usart6_tx
    stm32f4xx_it.o(i.DMA2_Stream7_IRQHandler) refers to stm32f4xx_hal_dma.o(i.HAL_DMA_IRQHandler) for HAL_DMA_IRQHandler
    stm32f4xx_it.o(i.DMA2_Stream7_IRQHandler) refers to main.o(.bss) for hdma_usart1_tx
    stm32f4xx_it.o(i.EXTI9_5_IRQHandler) refers to stm32f4xx_hal_gpio.o(i.HAL_GPIO_EXTI_IRQHandler) for HAL_GPIO_EXTI_IRQHandler
    stm32f4xx_it.o(i.I2C1_ER_IRQHandler) refers to stm32f4xx_hal_i2c.o(i.HAL_I2C_ER_IRQHandler) for HAL_I2C_ER_IRQHandler
    stm32f4xx_it.o(i.I2C1_ER_IRQHandler) refers to main.o(.bss) for hi2c1
    stm32f4xx_it.o(i.I2C1_EV_IRQHandler) refers to stm32f4xx_hal_i2c.o(i.HAL_I2C_EV_IRQHandler) for HAL_I2C_EV_IRQHandler
    stm32f4xx_it.o(i.I2C1_EV_IRQHandler) refers to main.o(.bss) for hi2c1
    stm32f4xx_it.o(i.I2C3_ER_IRQHandler) refers to stm32f4xx_hal_i2c.o(i.HAL_I2C_ER_IRQHandler) for HAL_I2C_ER_IRQHandler
    stm32f4xx_it.o(i.I2C3_ER_IRQHandler) refers to main.o(.bss) for hi2c3
    stm32f4xx_it.o(i.I2C3_EV_IRQHandler) refers to stm32f4xx_hal_i2c.o(i.HAL_I2C_EV_IRQHandler) for HAL_I2C_EV_IRQHandler
    stm32f4xx_it.o(i.I2C3_EV_IRQHandler) refers to main.o(.bss) for hi2c3
    stm32f4xx_it.o(i.SysTick_Handler) refers to stm32f4xx_hal.o(i.HAL_IncTick) for HAL_IncTick
    stm32f4xx_it.o(i.SysTick_Handler) refers to stm32f4xx_hal_cortex.o(i.HAL_SYSTICK_IRQHandler) for HAL_SYSTICK_IRQHandler
    stm32f4xx_it.o(i.TIM2_IRQHandler) refers to stm32f4xx_hal_tim.o(i.HAL_TIM_IRQHandler) for HAL_TIM_IRQHandler
    stm32f4xx_it.o(i.TIM2_IRQHandler) refers to main.o(.bss) for htim2
    stm32f4xx_it.o(i.TIM3_IRQHandler) refers to stm32f4xx_hal_tim.o(i.HAL_TIM_IRQHandler) for HAL_TIM_IRQHandler
    stm32f4xx_it.o(i.TIM3_IRQHandler) refers to main.o(.bss) for htim3
    stm32f4xx_it.o(i.TIM5_IRQHandler) refers to stm32f4xx_hal_tim.o(i.HAL_TIM_IRQHandler) for HAL_TIM_IRQHandler
    stm32f4xx_it.o(i.TIM5_IRQHandler) refers to main.o(.bss) for htim5
    stm32f4xx_it.o(i.USART1_IRQHandler) refers to stm32f4xx_hal_uart.o(i.HAL_UART_IRQHandler) for HAL_UART_IRQHandler
    stm32f4xx_it.o(i.USART1_IRQHandler) refers to main.o(.bss) for huart1
    stm32f4xx_it.o(i.USART6_IRQHandler) refers to stm32f4xx_hal_uart.o(i.HAL_UART_IRQHandler) for HAL_UART_IRQHandler
    stm32f4xx_it.o(i.USART6_IRQHandler) refers to main.o(.bss) for huart6
    stm32f4xx_hal_msp.o(i.HAL_ADC_MspDeInit) refers to stm32f4xx_hal_gpio.o(i.HAL_GPIO_DeInit) for HAL_GPIO_DeInit
    stm32f4xx_hal_msp.o(i.HAL_ADC_MspDeInit) refers to stm32f4xx_hal_dma.o(i.HAL_DMA_DeInit) for HAL_DMA_DeInit
    stm32f4xx_hal_msp.o(i.HAL_ADC_MspDeInit) refers to stm32f4xx_hal_cortex.o(i.HAL_NVIC_DisableIRQ) for HAL_NVIC_DisableIRQ
    stm32f4xx_hal_msp.o(i.HAL_ADC_MspInit) refers to stm32f4xx_hal_gpio.o(i.HAL_GPIO_Init) for HAL_GPIO_Init
    stm32f4xx_hal_msp.o(i.HAL_ADC_MspInit) refers to stm32f4xx_hal_dma.o(i.HAL_DMA_Init) for HAL_DMA_Init
    stm32f4xx_hal_msp.o(i.HAL_ADC_MspInit) refers to main.o(i.Error_Handler) for Error_Handler
    stm32f4xx_hal_msp.o(i.HAL_ADC_MspInit) refers to stm32f4xx_hal_cortex.o(i.HAL_NVIC_SetPriority) for HAL_NVIC_SetPriority
    stm32f4xx_hal_msp.o(i.HAL_ADC_MspInit) refers to stm32f4xx_hal_cortex.o(i.HAL_NVIC_EnableIRQ) for HAL_NVIC_EnableIRQ
    stm32f4xx_hal_msp.o(i.HAL_ADC_MspInit) refers to main.o(.bss) for hdma_adc1
    stm32f4xx_hal_msp.o(i.HAL_I2C_MspDeInit) refers to stm32f4xx_hal_gpio.o(i.HAL_GPIO_DeInit) for HAL_GPIO_DeInit
[...]
    .text                                    0x080003e0   Section        0  fepilogue.o(.text)
    .text                                    0x0800044e   Section        0  depilogue.o(.text)
    .text                                    0x08000508   Section       36  init.o(.text)
    .text                                    0x0800052c   Section        0  llshl.o(.text)
    .text                                    0x0800054a   Section        0  llushr.o(.text)
    i.ADC_DMAConvCplt                        0x0800056a   Section        0  stm32f4xx_hal_adc.o(i.ADC_DMAConvCplt)
    ADC_DMAConvCplt                          0x0800056b   Thumb Code   110  stm32f4xx_hal_adc.o(i.ADC_DMAConvCplt)
    i.ADC_DMAError                           0x080005d8   Section        0  stm32f4xx_hal_adc.o(i.ADC_DMAError)
    ADC_DMAError                             0x080005d9   Thumb Code    26  stm32f4xx_hal_adc.o(i.ADC_DMAError)
    i.ADC_DMAHalfConvCplt                    0x080005f2   Section        0  stm32f4xx_hal_adc.o(i.ADC_DMAHalfConvCplt)
    ADC_DMAHalfConvCplt                      0x080005f3   Thumb Code    14  stm32f4xx_hal_adc.o(i.ADC_DMAHalfConvCplt)
    i.ADC_IRQHandler                         0x08000600   Section        0  stm32f4xx_it.o(i.ADC_IRQHandler)
    i.ADC_Init                               0x08000610   Section        0  stm32f4xx_hal_adc.o(i.ADC_Init)
    ADC_Init                                 0x08000611   Thumb Code   362  stm32f4xx_hal_adc.o(i.ADC_Init)
    i.AW9106_Hw_reset                        0x08000788   Section        0  left_breaking.o(i.AW9106_Hw_reset)
    AW9106_Hw_reset                          0x08000789   Thumb Code    38  left_breaking.o(i.AW9106_Hw_reset)
    i.AW9106_Hw_reset                        0x080007b4   Section        0  right_breaking.o(i.AW9106_Hw_reset)
    AW9106_Hw_reset                          0x080007b5   Thumb Code    38  right_breaking.o(i.AW9106_Hw_reset)
    i.AW9106_Hw_reset                        0x080007e0   Section        0  front_breaking.o(i.AW9106_Hw_reset)
    AW9106_Hw_reset                          0x080007e1   Thumb Code    38  front_breaking.o(i.AW9106_Hw_reset)
    i.AW9106_SoftReset                       0x0800080c   Section        0  left_breaking.o(i.AW9106_SoftReset)
    AW9106_SoftReset                         0x0800080d   Thumb Code    18  left_breaking.o(i.AW9106_SoftReset)
    i.AW9106_SoftReset                       0x0800081e   Section        0  right_breaking.o(i.AW9106_SoftReset)
    AW9106_SoftReset                         0x0800081f   Thumb Code    18  right_breaking.o(i.AW9106_SoftReset)
    i.AW9106_SoftReset                       0x08000830   Section        0  front_breaking.o(i.AW9106_SoftReset)
    AW9106_SoftReset                         0x08000831   Thumb Code    18  front_breaking.o(i.AW9106_SoftReset)
    i.AW9106_delay_1us                       0x08000842   Section        0  left_breaking.o(i.AW9106_delay_1us)
    AW9106_delay_1us                         0x08000843   Thumb Code    20  left_breaking.o(i.AW9106_delay_1us)
    i.AW9106_delay_1us                       0x08000856   Section        0  right_breaking.o(i.AW9106_delay_1us)
    AW9106_delay_1us                         0x08000857   Thumb Code    20  right_breaking.o(i.AW9106_delay_1us)
    i.AW9106_delay_1us                       0x0800086a   Section        0  front_breaking.o(i.AW9106_delay_1us)
    AW9106_delay_1us                         0x0800086b   Thumb Code    20  front_breaking.o(i.AW9106_delay_1us)
    i.AW9106_front_init                      0x0800087e   Section        0  front_breaking.o(i.AW9106_front_init)
    i.AW9106_gpio_front_Init                 0x08000920   Section        0  front_breaking.o(i.AW9106_gpio_front_Init)
    i.AW9106_gpio_left_Init                  0x08000984   Section        0  left_breaking.o(i.AW9106_gpio_left_Init)
    i.AW9106_gpio_right_Init                 0x080009e4   Section        0  right_breaking.o(i.AW9106_gpio_right_Init)
    i.AW9106_i2c_initial                     0x08000a48   Section        0  left_breaking.o(i.AW9106_i2c_initial)
    AW9106_i2c_initial                       0x08000a49   Thumb Code    44  left_breaking.o(i.AW9106_i2c_initial)
    i.AW9106_i2c_initial                     0x08000a78   Section        0  right_breaking.o(i.AW9106_i2c_initial)
    AW9106_i2c_initial                       0x08000a79   Thumb Code    44  right_breaking.o(i.AW9106_i2c_initial)
    i.AW9106_i2c_initial                     0x08000aa8   Section        0  front_breaking.o(i.AW9106_i2c_initial)
    AW9106_i2c_initial                       0x08000aa9   Thumb Code    44  front_breaking.o(i.AW9106_i2c_initial)
    i.AW9106_i2c_start                       0x08000ad8   Section        0  left_breaking.o(i.AW9106_i2c_start)
    AW9106_i2c_start                         0x08000ad9   Thumb Code    68  left_breaking.o(i.AW9106_i2c_start)
    i.AW9106_i2c_start                       0x08000b20   Section        0  right_breaking.o(i.AW9106_i2c_start)
    AW9106_i2c_start                         0x08000b21   Thumb Code    68  right_breaking.o(i.AW9106_i2c_start)
    i.AW9106_i2c_start                       0x08000b68   Section        0  front_breaking.o(i.AW9106_i2c_start)
    AW9106_i2c_start                         0x08000b69   Thumb Code    68  front_breaking.o(i.AW9106_i2c_start)
    i.AW9106_i2c_stop                        0x08000bb0   Section        0  left_breaking.o(i.AW9106_i2c_stop)
    AW9106_i2c_stop                          0x08000bb1   Thumb Code    52  left_breaking.o(i.AW9106_i2c_stop)
    i.AW9106_i2c_stop                        0x08000be8   Section        0  right_breaking.o(i.AW9106_i2c_stop)
    AW9106_i2c_stop                          0x08000be9   Thumb Code    52  right_breaking.o(i.AW9106_i2c_stop)
    i.AW9106_i2c_stop                        0x08000c20   Section        0  front_breaking.o(i.AW9106_i2c_stop)
    AW9106_i2c_stop                          0x08000c21   Thumb Code    52  front_breaking.o(i.AW9106_i2c_stop)
    i.AW9106_i2c_write_byte                  0x08000c58   Section        0  left_breaking.o(i.AW9106_i2c_write_byte)
    AW9106_i2c_write_byte                    0x08000c59   Thumb Code   140  left_breaking.o(i.AW9106_i2c_write_byte)
    i.AW9106_i2c_write_byte                  0x08000ce8   Section        0  right_breaking.o(i.AW9106_i2c_write_byte)
    AW9106_i2c_write_byte                    0x08000ce9   Thumb Code   140  right_breaking.o(i.AW9106_i2c_write_byte)
    i.AW9106_i2c_write_byte                  0x08000d78   Section        0  front_breaking.o(i.AW9106_i2c_write_byte)
    AW9106_i2c_write_byte                    0x08000d79   Thumb Code   140  front_breaking.o(i.AW9106_i2c_write_byte)
    i.AW9106_i2c_write_reg                   0x08000e08   Section        0  left_breaking.o(i.AW9106_i2c_write_reg)
    AW9106_i2c_write_reg                     0x08000e09   Thumb Code    44  left_breaking.o(i.AW9106_i2c_write_reg)
    i.AW9106_i2c_write_reg                   0x08000e34   Section        0  right_breaking.o(i.AW9106_i2c_write_reg)
    AW9106_i2c_write_reg                     0x08000e35   Thumb Code    44  right_breaking.o(i.AW9106_i2c_write_reg)
    i.AW9106_i2c_write_reg                   0x08000e60   Section        0  front_breaking.o(i.AW9106_i2c_write_reg)
    AW9106_i2c_write_reg                     0x08000e61   Thumb Code    44  front_breaking.o(i.AW9106_i2c_write_reg)
    i.AW9106_i2c_write_reg_org               0x08000e8c   Section        0  left_breaking.o(i.AW9106_i2c_write_reg_org)
    AW9106_i2c_write_reg_org                 0x08000e8d   Thumb Code    74  left_breaking.o(i.AW9106_i2c_write_reg_org)
    i.AW9106_i2c_write_reg_org               0x08000ed6   Section        0  right_breaking.o(i.AW9106_i2c_write_reg_org)
    AW9106_i2c_write_reg_org                 0x08000ed7   Thumb Code    74  right_breaking.o(i.AW9106_i2c_write_reg_org)
    i.AW9106_i2c_write_reg_org               0x08000f20   Section        0  front_breaking.o(i.AW9106_i2c_write_reg_org)
    AW9106_i2c_write_reg_org                 0x08000f21   Thumb Code    74  front_breaking.o(i.AW9106_i2c_write_reg_org)
    i.AW9106_left_init                       0x08000f6a   Section        0  left_breaking.o(i.AW9106_left_init)
    i.AW9106_right_init                      0x0800100a   Section        0  right_breaking.o(i.AW9106_right_init)
    i.AW9523_breath_front_loop               0x080010ac   Section        0  front_breaking.o(i.AW9523_breath_front_loop)
    i.AW9523_breath_left_loop                0x0800114c   Section        0  left_breaking.o(i.AW9523_breath_left_loop)
    i.AW9523_breath_right_loop               0x080011bc   Section        0  right_breaking.o(i.AW9523_breath_right_loop)
    i.BusFault_Handler                       0x0800122c   Section        0  stm32f4xx_it.o(i.BusFault_Handler)
    i.DMA1_Stream0_IRQHandler                0x08001230   Section        0  stm32f4xx_it.o(i.DMA1_Stream0_IRQHandler)
    i.DMA1_Stream1_IRQHandler                0x08001240   Section        0  stm32f4xx_it.o(i.DMA1_Stream1_IRQHandler)
    i.DMA2_Stream0_IRQHandler                0x08001250   Section        0  stm32f4xx_it.o(i.DMA2_Stream0_IRQHandler)
    i.DMA2_Stream1_IRQHandler                0x08001260   Section        0  stm32f4xx_it.o(i.DMA2_Stream1_IRQHandler)
    i.DMA2_Stream2_IRQHandler                0x08001270   Section        0  stm32f4xx_it.o(i.DMA2_Stream2_IRQHandler)
    i.DMA2_Stream6_IRQHandler                0x08001280   Section        0  stm32f4xx_it.o(i.DMA2_Stream6_IRQHandler)
    i.DMA2_Stream7_IRQHandler                0x08001290   Section        0  stm32f4xx_it.o(i.DMA2_Stream7_IRQHandler)
    i.DMA_CalcBaseAndBitshift                0x080012a0   Section        0  stm32f4xx_hal_dma.o(i.DMA_CalcBaseAndBitshift)
    DMA_CalcBaseAndBitshift                  0x080012a1   Thumb Code    46  stm32f4xx_hal_dma.o(i.DMA_CalcBaseAndBitshift)
    i.DMA_CheckFifoParam                     0x080012d4   Section        0  stm32f4xx_hal_dma.o(i.DMA_CheckFifoParam)
    DMA_CheckFifoParam                       0x080012d5   Thumb Code   186  stm32f4xx_hal_dma.o(i.DMA_CheckFifoParam)
    i.DMA_SetConfig                          0x0800138e   Section        0  stm32f4xx_hal_dma.o(i.DMA_SetConfig)
    DMA_SetConfig                            0x0800138f   Thumb Code    44  stm32f4xx_hal_dma.o(i.DMA_SetConfig)
    i.DebugMon_Handler                       0x080013ba   Section        0  stm32f4xx_it.o(i.DebugMon_Handler)
    i.EXTI9_5_IRQHandler                     0x080013bc   Section        0  stm32f4xx_it.o(i.EXTI9_5_IRQHandler)
    i.Error_Handler                          0x080013c8   Section        0  main.o(i.Error_Handler)
    i.HAL_ADCEx_InjectedConvCpltCallback     0x080013cc   Section        0  stm32f4xx_hal_adc_ex.o(i.HAL_ADCEx_InjectedConvCpltCallback)
    i.HAL_ADC_ConfigChannel                  0x080013d0   Section        0  stm32f4xx_hal_adc.o(i.HAL_ADC_ConfigChannel)
    i.HAL_ADC_ConvCpltCallback               0x08001564   Section        0  stm32f4xx_hal_adc.o(i.HAL_ADC_ConvCpltCallback)
    i.HAL_ADC_ConvHalfCpltCallback           0x08001566   Section        0  stm32f4xx_hal_adc.o(i.HAL_ADC_ConvHalfCpltCallback)
    i.HAL_ADC_ErrorCallback                  0x08001568   Section        0  stm32f4xx_hal_adc.o(i.HAL_ADC_ErrorCallback)
    i.HAL_ADC_IRQHandler                     0x0800156a   Section        0  stm32f4xx_hal_adc.o(i.HAL_ADC_IRQHandler)
    i.HAL_ADC_Init                           0x080016e0   Section        0  stm32f4xx_hal_adc.o(i.HAL_ADC_Init)
    i.HAL_ADC_LevelOutOfWindowCallback       0x08001748   Section        0  stm32f4xx_hal_adc.o(i.HAL_ADC_LevelOutOfWindowCallback)
    i.HAL_ADC_MspInit                        0x0800174c   Section        0  stm32f4xx_hal_msp.o(i.HAL_ADC_MspInit)
    i.HAL_ADC_Start_DMA                      0x080017f4   Section        0  stm32f4xx_hal_adc.o(i.HAL_ADC_Start_DMA)
    i.HAL_DMA_Abort_IT                       0x0800193c   Section        0  stm32f4xx_hal_dma.o(i.HAL_DMA_Abort_IT)
    i.HAL_DMA_IRQHandler                     0x08001964   Section        0  stm32f4xx_hal_dma.o(i.HAL_DMA_IRQHandler)
    i.HAL_DMA_Init                           0x08001bac   Section        0  stm32f4xx_hal_dma.o(i.HAL_DMA_Init)
    i.HAL_DMA_Start_IT                       0x08001c94   Section        0  stm32f4xx_hal_dma.o(i.HAL_DMA_Start_IT)
    i.HAL_GPIO_EXTI_Callback                 0x08001d34   Section        0  interrupt.o(i.HAL_GPIO_EXTI_Callback)
    i.HAL_GPIO_EXTI_IRQHandler               0x08001d48   Section        0  stm32f4xx_hal_gpio.o(i.HAL_GPIO_EXTI_IRQHandler)
    i.HAL_GPIO_Init                          0x08001d64   Section        0  stm32f4xx_hal_gpio.o(i.HAL_GPIO_Init)
    i.HAL_GPIO_WritePin                      0x08001f38   Section        0  stm32f4xx_hal_gpio.o(i.HAL_GPIO_WritePin)
    i.HAL_GetTick                            0x08001f44   Section        0  stm32f4xx_hal.o(i.HAL_GetTick)
    i.HAL_I2C_AbortCpltCallback              0x08001f50   Section        0  stm32f4xx_hal_i2c.o(i.HAL_I2C_AbortCpltCallback)
    i.HAL_I2C_AddrCallback                   0x08001f52   Section        0  stm32f4xx_hal_i2c.o(i.HAL_I2C_AddrCallback)
    i.HAL_I2C_ER_IRQHandler                  0x08001f54   Section        0  stm32f4xx_hal_i2c.o(i.HAL_I2C_ER_IRQHandler)
    i.HAL_I2C_EV_IRQHandler                  0x08002038   Section        0  stm32f4xx_hal_i2c.o(i.HAL_I2C_EV_IRQHandler)
    i.HAL_I2C_ErrorCallback                  0x080021b0   Section        0  stm32f4xx_hal_i2c.o(i.HAL_I2C_ErrorCallback)
    i.HAL_I2C_Init                           0x080021b4   Section        0  stm32f4xx_hal_i2c.o(i.HAL_I2C_Init)
    i.HAL_I2C_ListenCpltCallback             0x080022dc   Section        0  stm32f4xx_hal_i2c.o(i.HAL_I2C_ListenCpltCallback)
    i.HAL_I2C_MasterRxCpltCallback           0x080022de   Section        0  stm32f4xx_hal_i2c.o(i.HAL_I2C_MasterRxCpltCallback)
    i.HAL_I2C_MasterTxCpltCallback           0x080022e0   Section        0  stm32f4xx_hal_i2c.o(i.HAL_I2C_MasterTxCpltCallback)
    i.HAL_I2C_MemRxCpltCallback              0x080022e2   Section        0  stm32f4xx_hal_i2c.o(i.HAL_I2C_MemRxCpltCallback)
    i.HAL_I2C_MemTxCpltCallback              0x080022e4   Section        0  stm32f4xx_hal_i2c.o(i.HAL_I2C_MemTxCpltCallback)
    i.HAL_I2C_MspInit                        0x080022e8   Section        0  stm32f4xx_hal_msp.o(i.HAL_I2C_MspInit)
    i.HAL_I2C_SlaveRxCpltCallback            0x08002480   Section        0  stm32f4xx_hal_i2c.o(i.HAL_I2C_SlaveRxCpltCallback)
    i.HAL_I2C_SlaveTxCpltCallback            0x08002482   Section        0  stm32f4xx_hal_i2c.o(i.HAL_I2C_SlaveTxCpltCallback)
    i.HAL_IncTick                            0x08002484   Section        0  stm32f4xx_hal.o(i.HAL_IncTick)
    i.HAL_Init                               0x08002494   Section        0  stm32f4xx_hal.o(i.HAL_Init)
    i.HAL_InitTick                           0x080024d0   Section        0  stm32f4xx_hal.o(i.HAL_InitTick)
    i.HAL_MspInit                            0x080024f8   Section        0  stm32f4xx_hal_msp.o(i.HAL_MspInit)
    i.HAL_NVIC_EnableIRQ                     0x0800254e   Section        0  stm32f4xx_hal_cortex.o(i.HAL_NVIC_EnableIRQ)
    i.HAL_NVIC_SetPriority                   0x08002568   Section        0  stm32f4xx_hal_cortex.o(i.HAL_NVIC_SetPriority)
    i.HAL_NVIC_SetPriorityGrouping           0x080025e4   Section        0  stm32f4xx_hal_cortex.o(i.HAL_NVIC_SetPriorityGrouping)
    i.HAL_RCC_ClockConfig                    0x0800260c   Section        0  stm32f4xx_hal_rcc.o(i.HAL_RCC_ClockConfig)
    i.HAL_RCC_GetHCLKFreq                    0x080027dc   Section        0  stm32f4xx_hal_rcc.o(i.HAL_RCC_GetHCLKFreq)
    i.HAL_RCC_GetPCLK1Freq                   0x080027e8   Section        0  stm32f4xx_hal_rcc.o(i.HAL_RCC_GetPCLK1Freq)
    i.HAL_RCC_GetPCLK2Freq                   0x08002814   Section        0  stm32f4xx_hal_rcc.o(i.HAL_RCC_GetPCLK2Freq)
    i.HAL_RCC_GetSysClockFreq                0x08002840   Section        0  stm32f4xx_hal_rcc.o(i.HAL_RCC_GetSysClockFreq)
    i.HAL_RCC_OscConfig                      0x080028f4   Section        0  stm32f4xx_hal_rcc.o(i.HAL_RCC_OscConfig)
    i.HAL_SYSTICK_CLKSourceConfig            0x08002d40   Section        0  stm32f4xx_hal_cortex.o(i.HAL_SYSTICK_CLKSourceConfig)
    i.HAL_SYSTICK_Callback                   0x08002d68   Section        0  interrupt.o(i.HAL_SYSTICK_Callback)
    i.HAL_SYSTICK_Config                     0x08002d7c   Section        0  stm32f4xx_hal_cortex.o(i.HAL_SYSTICK_Config)
    i.HAL_SYSTICK_IRQHandler                 0x08002db0   Section        0  stm32f4xx_hal_cortex.o(i.HAL_SYSTICK_IRQHandler)
    i.HAL_TIMEx_BreakCallback                0x08002db8   Section        0  stm32f4xx_hal_tim_ex.o(i.HAL_TIMEx_BreakCallback)
    i.HAL_TIMEx_CommutationCallback          0x08002dba   Section        0  stm32f4xx_hal_tim_ex.o(i.HAL_TIMEx_CommutationCallback)
    i.HAL_TIMEx_MasterConfigSynchronization  0x08002dbc   Section        0  stm32f4xx_hal_tim_ex.o(i.HAL_TIMEx_MasterConfigSynchronization)
    i.HAL_TIM_Base_Init                      0x08002e1e   Section        0  stm32f4xx_hal_tim.o(i.HAL_TIM_Base_Init)
    i.HAL_TIM_Base_MspInit                   0x08002e54   Section        0  stm32f4xx_hal_msp.o(i.HAL_TIM_Base_MspInit)
    i.HAL_TIM_Base_Start_IT                  0x08002f14   Section        0  stm32f4xx_hal_tim.o(i.HAL_TIM_Base_Start_IT)
    i.HAL_TIM_ConfigClockSource              0x08002f32   Section        0  stm32f4xx_hal_tim.o(i.HAL_TIM_ConfigClockSource)
    i.HAL_TIM_IC_CaptureCallback             0x08003064   Section        0  stm32f4xx_hal_tim.o(i.HAL_TIM_IC_CaptureCallback)
    i.HAL_TIM_IRQHandler                     0x08003066   Section        0  stm32f4xx_hal_tim.o(i.HAL_TIM_IRQHandler)
    i.HAL_TIM_MspPostInit                    0x080031fc   Section        0  stm32f4xx_hal_msp.o(i.HAL_TIM_MspPostInit)
    i.HAL_TIM_OC_DelayElapsedCallback        0x08003280   Section        0  stm32f4xx_hal_tim.o(i.HAL_TIM_OC_DelayElapsedCallback)
    i.HAL_TIM_PWM_ConfigChannel              0x08003282   Section        0  stm32f4xx_hal_tim.o(i.HAL_TIM_PWM_ConfigChannel)
    i.HAL_TIM_PWM_Init                       0x0800338a   Section        0  stm32f4xx_hal_tim.o(i.HAL_TIM_PWM_Init)
    i.HAL_TIM_PWM_MspInit                    0x080033be   Section        0  stm32f4xx_hal_tim.o(i.HAL_TIM_PWM_MspInit)
    i.HAL_TIM_PWM_PulseFinishedCallback      0x080033c0   Section        0  stm32f4xx_hal_tim.o(i.HAL_TIM_PWM_PulseFinishedCallback)
    i.HAL_TIM_PWM_Start_IT                   0x080033c4   Section        0  stm32f4xx_hal_tim.o(i.HAL_TIM_PWM_Start_IT)
    i.HAL_TIM_PWM_Stop_IT                    0x08003450   Section        0  stm32f4xx_hal_tim.o(i.HAL_TIM_PWM_Stop_IT)
    i.HAL_TIM_PeriodElapsedCallback          0x08003510   Section        0  interrupt.o(i.HAL_TIM_PeriodElapsedCallback)
    i.HAL_TIM_TriggerCallback                0x08003568   Section        0  stm32f4xx_hal_tim.o(i.HAL_TIM_TriggerCallback)
    i.HAL_TIM_WritePWMValue                  0x0800356a   Section        0  interrupt.o(i.HAL_TIM_WritePWMValue)
    HAL_TIM_WritePWMValue                    0x0800356b   Thumb Code    86  interrupt.o(i.HAL_TIM_WritePWMValue)
    i.HAL_UART_ErrorCallback                 0x080035c0   Section        0  stm32f4xx_hal_uart.o(i.HAL_UART_ErrorCallback)
    i.HAL_UART_IRQHandler                    0x080035c4   Section        0  stm32f4xx_hal_uart.o(i.HAL_UART_IRQHandler)
    i.HAL_UART_Init                          0x08003710   Section        0  stm32f4xx_hal_uart.o(i.HAL_UART_Init)
    i.HAL_UART_MspInit                       0x08003784   Section        0  stm32f4xx_hal_msp.o(i.HAL_UART_MspInit)
    i.HAL_UART_RxCpltCallback                0x0800395c   Section        0  stm32f4xx_hal_uart.o(i.HAL_UART_RxCpltCallback)
    i.HAL_UART_TxCpltCallback                0x0800395e   Section        0  stm32f4xx_hal_uart.o(i.HAL_UART_TxCpltCallback)
    i.HardFault_Handler                      0x08003960   Section        0  stm32f4xx_it.o(i.HardFault_Handler)
    i.I2C1_ER_IRQHandler                     0x08003964   Section        0  stm32f4xx_it.o(i.I2C1_ER_IRQHandler)
    i.I2C1_EV_IRQHandler                     0x08003974   Section        0  stm32f4xx_it.o(i.I2C1_EV_IRQHandler)
    i.I2C3_ER_IRQHandler                     0x08003984   Section        0  stm32f4xx_it.o(i.I2C3_ER_IRQHandler)
    i.I2C3_EV_IRQHandler                     0x08003994   Section        0  stm32f4xx_it.o(i.I2C3_EV_IRQHandler)
    i.I2C_DMAAbort                           0x080039a4   Section        0  stm32f4xx_hal_i2c.o(i.I2C_DMAAbort)
    I2C_DMAAbort                             0x080039a5   Thumb Code   104  stm32f4xx_hal_i2c.o(i.I2C_DMAAbort)
    i.I2C_ITError                            0x08003a0c   Section        0  stm32f4xx_hal_i2c.o(i.I2C_ITError)
    I2C_ITError                              0x08003a0d   Thumb Code   358  stm32f4xx_hal_i2c.o(i.I2C_ITError)
    i.I2C_MasterReceive_BTF                  0x08003b7c   Section        0  stm32f4xx_hal_i2c.o(i.I2C_MasterReceive_BTF)
    I2C_MasterReceive_BTF                    0x08003b7d   Thumb Code   248  stm32f4xx_hal_i2c.o(i.I2C_MasterReceive_BTF)
    i.I2C_MasterReceive_RXNE                 0x08003c74   Section        0  stm32f4xx_hal_i2c.o(i.I2C_MasterReceive_RXNE)
    I2C_MasterReceive_RXNE                   0x08003c75   Thumb Code   224  stm32f4xx_hal_i2c.o(i.I2C_MasterReceive_RXNE)
    i.I2C_MasterTransmit_BTF                 0x08003d54   Section        0  stm32f4xx_hal_i2c.o(i.I2C_MasterTransmit_BTF)
    I2C_MasterTransmit_BTF                   0x08003d55   Thumb Code   160  stm32f4xx_hal_i2c.o(i.I2C_MasterTransmit_BTF)
    i.I2C_MasterTransmit_TXE                 0x08003df4   Section        0  stm32f4xx_hal_i2c.o(i.I2C_MasterTransmit_TXE)
    I2C_MasterTransmit_TXE                   0x08003df5   Thumb Code   330  stm32f4xx_hal_i2c.o(i.I2C_MasterTransmit_TXE)
    i.I2C_Master_ADD10                       0x08003f3e   Section        0  stm32f4xx_hal_i2c.o(i.I2C_Master_ADD10)
    I2C_Master_ADD10                         0x08003f3f   Thumb Code    14  stm32f4xx_hal_i2c.o(i.I2C_Master_ADD10)
    i.I2C_Master_ADDR                        0x08003f4c   Section        0  stm32f4xx_hal_i2c.o(i.I2C_Master_ADDR)
    I2C_Master_ADDR                          0x08003f4d   Thumb Code   558  stm32f4xx_hal_i2c.o(i.I2C_Master_ADDR)
    i.I2C_Master_SB                          0x0800417a   Section        0  stm32f4xx_hal_i2c.o(i.I2C_Master_SB)
    I2C_Master_SB                            0x0800417b   Thumb Code   130  stm32f4xx_hal_i2c.o(i.I2C_Master_SB)
    i.I2C_NoAck                              0x080041fc   Section        0  demo_iic_7514.o(i.I2C_NoAck)
    i.I2C_SlaveReceive_BTF                   0x08004268   Section        0  stm32f4xx_hal_i2c.o(i.I2C_SlaveReceive_BTF)
    I2C_SlaveReceive_BTF                     0x08004269   Thumb Code    30  stm32f4xx_hal_i2c.o(i.I2C_SlaveReceive_BTF)
    i.I2C_SlaveReceive_RXNE                  0x08004286   Section        0  stm32f4xx_hal_i2c.o(i.I2C_SlaveReceive_RXNE)
    I2C_SlaveReceive_RXNE                    0x08004287   Thumb Code    72  stm32f4xx_hal_i2c.o(i.I2C_SlaveReceive_RXNE)
    i.I2C_SlaveTransmit_BTF                  0x080042ce   Section        0  stm32f4xx_hal_i2c.o(i.I2C_SlaveTransmit_BTF)
    I2C_SlaveTransmit_BTF                    0x080042cf   Thumb Code    28  stm32f4xx_hal_i2c.o(i.I2C_SlaveTransmit_BTF)
    i.I2C_SlaveTransmit_TXE                  0x080042ea   Section        0  stm32f4xx_hal_i2c.o(i.I2C_SlaveTransmit_TXE)
    I2C_SlaveTransmit_TXE                    0x080042eb   Thumb Code    70  stm32f4xx_hal_i2c.o(i.I2C_SlaveTransmit_TXE)
    i.I2C_Slave_ADDR                         0x08004330   Section        0  stm32f4xx_hal_i2c.o(i.I2C_Slave_ADDR)
    I2C_Slave_ADDR                           0x08004331   Thumb Code    54  stm32f4xx_hal_i2c.o(i.I2C_Slave_ADDR)
    i.I2C_Slave_AF                           0x08004368   Section        0  stm32f4xx_hal_i2c.o(i.I2C_Slave_AF)
    I2C_Slave_AF                             0x08004369   Thumb Code   158  stm32f4xx_hal_i2c.o(i.I2C_Slave_AF)
    i.I2C_Slave_STOPF                        0x0800440c   Section        0  stm32f4xx_hal_i2c.o(i.I2C_Slave_STOPF)
    I2C_Slave_STOPF                          0x0800440d   Thumb Code   268  stm32f4xx_hal_i2c.o(i.I2C_Slave_STOPF)
    i.I2C_ack                                0x0800451c   Section        0  demo_iic_7514.o(i.I2C_ack)
    i.I2C_receive_1byte                      0x08004588   Section        0  demo_iic_7514.o(i.I2C_receive_1byte)
    i.I2C_send_1byte                         0x080045f4   Section        0  demo_iic_7514.o(i.I2C_send_1byte)
    i.I2C_start                              0x080046cc   Section        0  demo_iic_7514.o(i.I2C_start)
    i.I2C_stop                               0x08004720   Section        0  demo_iic_7514.o(i.I2C_stop)
    i.MX_ADC1_Init                           0x08004788   Section        0  main.o(i.MX_ADC1_Init)
    MX_ADC1_Init                             0x08004789   Thumb Code   110  main.o(i.MX_ADC1_Init)
    i.MX_DMA_Init                            0x08004804   Section        0  main.o(i.MX_DMA_Init)
    MX_DMA_Init                              0x08004805   Thumb Code   178  main.o(i.MX_DMA_Init)
    i.MX_GPIO_Init                           0x080048bc   Section        0  main.o(i.MX_GPIO_Init)
    MX_GPIO_Init                             0x080048bd   Thumb Code   372  main.o(i.MX_GPIO_Init)
    i.MX_I2C1_Init                           0x08004a48   Section        0  main.o(i.MX_I2C1_Init)
    MX_I2C1_Init                             0x08004a49   Thumb Code    50  main.o(i.MX_I2C1_Init)
    i.MX_I2C3_Init                           0x08004a88   Section        0  main.o(i.MX_I2C3_Init)
    MX_I2C3_Init                             0x08004a89   Thumb Code    48  main.o(i.MX_I2C3_Init)
    i.MX_TIM2_Init                           0x08004ac4   Section        0  main.o(i.MX_TIM2_Init)
    MX_TIM2_Init                             0x08004ac5   Thumb Code   130  main.o(i.MX_TIM2_Init)
    i.MX_TIM3_Init                           0x08004b4c   Section        0  main.o(i.MX_TIM3_Init)
    MX_TIM3_Init                             0x08004b4d   Thumb Code   144  main.o(i.MX_TIM3_Init)
    i.MX_TIM5_Init                           0x08004be4   Section        0  main.o(i.MX_TIM5_Init)
    MX_TIM5_Init                             0x08004be5   Thumb Code   130  main.o(i.MX_TIM5_Init)
    i.MX_USART1_UART_Init                    0x08004c70   Section        0  main.o(i.MX_USART1_UART_Init)
    MX_USART1_UART_Init                      0x08004c71   Thumb Code    46  main.o(i.MX_USART1_UART_Init)
    i.MX_USART6_UART_Init                    0x08004ca8   Section        0  main.o(i.MX_USART6_UART_Init)
    MX_USART6_UART_Init                      0x08004ca9   Thumb Code    46  main.o(i.MX_USART6_UART_Init)
    i.MemManage_Handler                      0x08004ce0   Section        0  stm32f4xx_it.o(i.MemManage_Handler)
    i.NMI_Handler                            0x08004ce4   Section        0  stm32f4xx_it.o(i.NMI_Handler)
    i.NVIC_GetPriorityGrouping               0x08004ce8   Section        0  stm32f4xx_hal_cortex.o(i.NVIC_GetPriorityGrouping)
    NVIC_GetPriorityGrouping                 0x08004ce9   Thumb Code    10  stm32f4xx_hal_cortex.o(i.NVIC_GetPriorityGrouping)
    i.NVIC_SetPriority                       0x08004cf8   Section        0  stm32f4xx_hal_cortex.o(i.NVIC_SetPriority)
    NVIC_SetPriority                         0x08004cf9   Thumb Code    32  stm32f4xx_hal_cortex.o(i.NVIC_SetPriority)
    i.PendSV_Handler                         0x08004d20   Section        0  stm32f4xx_it.o(i.PendSV_Handler)
    i.ReadData                               0x08004d22   Section        0  demo_iic_7514.o(i.ReadData)
    i.SVC_Handler                            0x08004d80   Section        0  stm32f4xx_it.o(i.SVC_Handler)
    i.SysTick_Handler                        0x08004d82   Section        0  stm32f4xx_it.o(i.SysTick_Handler)
    i.SystemClock_Config                     0x08004d90   Section        0  main.o(i.SystemClock_Config)
    i.SystemInit                             0x08004e5c   Section        0  system_stm32f4xx.o(i.SystemInit)
    i.TIM2_IRQHandler                        0x08004ec0   Section        0  stm32f4xx_it.o(i.TIM2_IRQHandler)
    i.TIM3_IRQHandler                        0x08004ed0   Section        0  stm32f4xx_it.o(i.TIM3_IRQHandler)
    i.TIM5_IRQHandler                        0x08004ee0   Section        0  stm32f4xx_it.o(i.TIM5_IRQHandler)
    i.TIM_Base_SetConfig                     0x08004ef0   Section        0  stm32f4xx_hal_tim.o(i.TIM_Base_SetConfig)
    i.TIM_CCxChannelCmd                      0x08004fa0   Section        0  stm32f4xx_hal_tim.o(i.TIM_CCxChannelCmd)
    i.TIM_ETR_SetConfig                      0x08004fbc   Section        0  stm32f4xx_hal_tim.o(i.TIM_ETR_SetConfig)
    TIM_ETR_SetConfig                        0x08004fbd   Thumb Code    24  stm32f4xx_hal_tim.o(i.TIM_ETR_SetConfig)
    i.TIM_ITRx_SetConfig                     0x08004fd4   Section        0  stm32f4xx_hal_tim.o(i.TIM_ITRx_SetConfig)
    TIM_ITRx_SetConfig                       0x08004fd5   Thumb Code    20  stm32f4xx_hal_tim.o(i.TIM_ITRx_SetConfig)
    i.TIM_OC1_SetConfig                      0x08004fe8   Section        0  stm32f4xx_hal_tim.o(i.TIM_OC1_SetConfig)
    TIM_OC1_SetConfig                        0x08004fe9   Thumb Code    96  stm32f4xx_hal_tim.o(i.TIM_OC1_SetConfig)
    i.TIM_OC2_SetConfig                      0x0800504c   Section        0  stm32f4xx_hal_tim.o(i.TIM_OC2_SetConfig)
    i.TIM_OC3_SetConfig                      0x080050bc   Section        0  stm32f4xx_hal_tim.o(i.TIM_OC3_SetConfig)
    TIM_OC3_SetConfig                        0x080050bd   Thumb Code   104  stm32f4xx_hal_tim.o(i.TIM_OC3_SetConfig)
    i.TIM_OC4_SetConfig                      0x08005128   Section        0  stm32f4xx_hal_tim.o(i.TIM_OC4_SetConfig)
    TIM_OC4_SetConfig                        0x08005129   Thumb Code    82  stm32f4xx_hal_tim.o(i.TIM_OC4_SetConfig)
    i.TIM_TI1_ConfigInputStage               0x08005180   Section        0  stm32f4xx_hal_tim.o(i.TIM_TI1_ConfigInputStage)
    TIM_TI1_ConfigInputStage                 0x08005181   Thumb Code    42  stm32f4xx_hal_tim.o(i.TIM_TI1_ConfigInputStage)
    i.TIM_TI2_ConfigInputStage               0x080051aa   Section        0  stm32f4xx_hal_tim.o(i.TIM_TI2_ConfigInputStage)
    TIM_TI2_ConfigInputStage                 0x080051ab   Thumb Code    44  stm32f4xx_hal_tim.o(i.TIM_TI2_ConfigInputStage)
    i.UART_DMAAbortOnError                   0x080051d6   Section        0  stm32f4xx_hal_uart.o(i.UART_DMAAbortOnError)
    UART_DMAAbortOnError                     0x080051d7   Thumb Code    20  stm32f4xx_hal_uart.o(i.UART_DMAAbortOnError)
    i.UART_EndRxTransfer                     0x080051ea   Section        0  stm32f4xx_hal_uart.o(i.UART_EndRxTransfer)
    UART_EndRxTransfer                       0x080051eb   Thumb Code    32  stm32f4xx_hal_uart.o(i.UART_EndRxTransfer)
    i.UART_EndTransmit_IT                    0x0800520a   Section        0  stm32f4xx_hal_uart.o(i.UART_EndTransmit_IT)
    UART_EndTransmit_IT                      0x0800520b   Thumb Code    32  stm32f4xx_hal_uart.o(i.UART_EndTransmit_IT)
    i.UART_Receive_IT                        0x0800522a   Section        0  stm32f4xx_hal_uart.o(i.UART_Receive_IT)
    UART_Receive_IT                          0x0800522b   Thumb Code   154  stm32f4xx_hal_uart.o(i.UART_Receive_IT)
    i.UART_SetConfig                         0x080052c4   Section        0  stm32f4xx_hal_uart.o(i.UART_SetConfig)
    UART_SetConfig                           0x080052c5   Thumb Code   864  stm32f4xx_hal_uart.o(i.UART_SetConfig)
    i.UART_Transmit_IT                       0x0800562c   Section        0  stm32f4xx_hal_uart.o(i.UART_Transmit_IT)
    UART_Transmit_IT                         0x0800562d   Thumb Code   104  stm32f4xx_hal_uart.o(i.UART_Transmit_IT)
    i.USART1_IRQHandler                      0x08005694   Section        0  stm32f4xx_it.o(i.USART1_IRQHandler)
    i.USART6_IRQHandler                      0x080056a4   Section        0  stm32f4xx_it.o(i.USART6_IRQHandler)
    i.UsageFault_Handler                     0x080056b4   Section        0  stm32f4xx_it.o(i.UsageFault_Handler)
    i.WTC7514_init_gpio                      0x080056b8   Section        0  demo_iic_7514.o(i.WTC7514_init_gpio)
    i.WTC7514_init_param                     0x08005720   Section        0  demo_iic_7514.o(i.WTC7514_init_param)
    i.WTC7514_read_param                     0x08005750   Section        0  demo_iic_7514.o(i.WTC7514_read_param)
    i.WriteData                              0x08005764   Section        0  demo_iic_7514.o(i.WriteData)
    i.__scatterload_copy                     0x080057c6   Section       14  handlers.o(i.__scatterload_copy)
    i.__scatterload_null                     0x080057d4   Section        2  handlers.o(i.__scatterload_null)
    i.__scatterload_zeroinit                 0x080057d6   Section       14  handlers.o(i.__scatterload_zeroinit)
    i.control_pwm5_width                     0x080057e4   Section        0  interrupt.o(i.control_pwm5_width)
    control_pwm5_width                       0x080057e5   Thumb Code    36  interrupt.o(i.control_pwm5_width)
    i.control_walkingmotor_speed             0x08005810   Section        0  interrupt.o(i.control_walkingmotor_speed)
    i.delay                                  0x08005830   Section        0  demo_iic_7514.o(i.delay)
    i.loop_app                               0x08005840   Section        0  loop_main.o(i.loop_app)
    i.main                                   0x08005978   Section        0  main.o(i.main)
    i.motor_Start_working                    0x080059b0   Section        0  motor.o(i.motor_Start_working)
    i.motor_Stop_working                     0x080059ec   Section        0  motor.o(i.motor_Stop_working)
    i.servo_turn_left                        0x08005a1c   Section        0  loop_main.o(i.servo_turn_left)
    i.servo_turn_right                       0x08005a4c   Section        0  loop_main.o(i.servo_turn_right)
    i.set_motor_init_param                   0x08005a7c   Section        0  motor.o(i.set_motor_init_param)
    .constdata                               0x08005a8c   Section       16  stm32f4xx_hal_rcc.o(.constdata)
    .constdata                               0x08005a9c   Section        8  stm32f4xx_hal_dma.o(.constdata)
    flagBitshiftOffset                       0x08005a9c   Data           8  stm32f4xx_hal_dma.o(.constdata)
    .data                                    0x20000000   Section        5  loop_main.o(.data)
    .data                                    0x20000008   Section        9  interrupt.o(.data)
    .data                                    0x20000014   Section        4  system_stm32f4xx.o(.data)
    .data                                    0x20000018   Section        4  stm32f4xx_hal.o(.data)
    .data                                    0x2000001c   Section       72  left_breaking.o(.data)
    breath_step                              0x2000001f   Data          69  left_breaking.o(.data)
    .data                                    0x20000064   Section       72  right_breaking.o(.data)
    breath_step                              0x20000067   Data          69  right_breaking.o(.data)
    .data                                    0x200000ac   Section       72  front_breaking.o(.data)
    breath_step                              0x200000af   Data          69  front_breaking.o(.data)
    .data                                    0x200000f4   Section        2  demo_iic_7514.o(.data)
    .bss                                     0x200000f8   Section     1220  main.o(.bss)
    .bss                                     0x200005bc   Section      400  loop_main.o(.bss)
    .bss                                     0x2000074c   Section       32  motor.o(.bss)
    STACK                                    0x20000770   Section     1024  startup_stm32f401xc.o(STACK)

    Global Symbols

    Symbol Name                              Value     Ov Type        Size  Object(Section)

    BuildAttributes$$THM_ISAv4$E$P$D$K$B$S$7EM$VFPi3$EXTD16$VFPS$VFMA$PE$A:L22UL41UL21$X:L11$S22US41US21$IEEE1$IW$USESV6$~STKCKD$USESV7$~SHL$OTIME$ROPI$EBA8$MICROLIB$REQ8$PRES8$EABIv2 0x00000000   Number         0  anon$$obj.o ABSOLUTE
    __ARM_use_no_argv                        0x00000000   Number         0  main.o ABSOLUTE
    __cpp_initialize__aeabi_                  - Undefined Weak Reference
    __cxa_finalize                            - Undefined Weak Reference
    __decompress                              - Undefined Weak Reference
    _clock_init                               - Undefined Weak Reference
    _microlib_exit                            - Undefined Weak Reference
    __Vectors_Size                           0x00000194   Number         0  startup_stm32f401xc.o ABSOLUTE
    __Vectors                                0x08000000   Data           4  startup_stm32f401xc.o(RESET)
    __Vectors_End                            0x08000194   Data           0  startup_stm32f401xc.o(RESET)
    __main                                   0x08000195   Thumb Code     0  entry.o(.ARM.Collect$$$$00000000)
    _main_stk                                0x08000195   Thumb Code     0  entry2.o(.ARM.Collect$$$$00000001)
    _main_scatterload                        0x08000199   Thumb Code     0  entry5.o(.ARM.Collect$$$$00000004)
    __main_after_scatterload                 0x0800019d   Thumb Code     0  entry5.o(.ARM.Collect$$$$00000004)
    _main_clock                              0x0800019d   Thumb Code     0  entry7b.o(.ARM.Collect$$$$00000008)
    _main_cpp_init                           0x0800019d   Thumb Code     0  entry8b.o(.ARM.Collect$$$$0000000A)
    _main_init                               0x0800019d   Thumb Code     0  entry9a.o(.ARM.Collect$$$$0000000B)
    __rt_final_cpp                           0x080001a5   Thumb Code     0  entry10a.o(.ARM.Collect$$$$0000000D)
    __rt_final_exit                          0x080001a5   Thumb Code     0  entry11a.o(.ARM.Collect$$$$0000000F)
    Reset_Handler                            0x080001a9   Thumb Code     8  startup_stm32f401xc.o(.text)
    DMA1_Stream2_IRQHandler                  0x080001c3   Thumb Code     0  startup_stm32f401xc.o(.text)
    DMA1_Stream3_IRQHandler                  0x080001c3   Thumb Code     0  startup_stm32f401xc.o(.text)
    DMA1_Stream4_IRQHandler                  0x080001c3   Thumb Code     0  startup_stm32f401xc.o(.text)
    DMA1_Stream5_IRQHandler                  0x080001c3   Thumb Code     0  startup_stm32f401xc.o(.text)
    DMA1_Stream6_IRQHandler                  0x080001c3   Thumb Code     0  startup_stm32f401xc.o(.text)
    DMA1_Stream7_IRQHandler                  0x080001c3   Thumb Code     0  startup_stm32f401xc.o(.text)
    DMA2_Stream3_IRQHandler                  0x080001c3   Thumb Code     0  startup_stm32f401xc.o(.text)
    DMA2_Stream4_IRQHandler                  0x080001c3   Thumb Code     0  startup_stm32f401xc.o(.text)
    DMA2_Stream5_IRQHandler                  0x080001c3   Thumb Code     0  startup_stm32f401xc.o(.text)
    EXTI0_IRQHandler                         0x080001c3   Thumb Code     0  startup_stm32f401xc.o(.text)
    EXTI15_10_IRQHandler                     0x080001c3   Thumb Code     0  startup_stm32f401xc.o(.text)
    EXTI1_IRQHandler                         0x080001c3   Thumb Code     0  startup_stm32f401xc.o(.text)
    EXTI2_IRQHandler                         0x080001c3   Thumb Code     0  startup_stm32f401xc.o(.text)
    EXTI3_IRQHandler                         0x080001c3   Thumb Code     0  startup_stm32f401xc.o(.text)
    EXTI4_IRQHandler                         0x080001c3   Thumb Code     0  startup_stm32f401xc.o(.text)
    FLASH_IRQHandler                         0x080001c3   Thumb Code     0  startup_stm32f401xc.o(.text)
    FPU_IRQHandler                           0x080001c3   Thumb Code     0  startup_stm32f401xc.o(.text)
    I2C2_ER_IRQHandler                       0x080001c3   Thumb Code     0  startup_stm32f401xc.o(.text)
    I2C2_EV_IRQHandler                       0x080001c3   Thumb Code     0  startup_stm32f401xc.o(.text)
    OTG_FS_IRQHandler                        0x080001c3   Thumb Code     0  startup_stm32f401xc.o(.text)
    OTG_FS_WKUP_IRQHandler                   0x080001c3   Thumb Code     0  startup_stm32f401xc.o(.text)
    PVD_IRQHandler                           0x080001c3   Thumb Code     0  startup_stm32f401xc.o(.text)
    RCC_IRQHandler                           0x080001c3   Thumb Code     0  startup_stm32f401xc.o(.text)
    RTC_Alarm_IRQHandler                     0x080001c3   Thumb Code     0  startup_stm32f401xc.o(.text)
    RTC_WKUP_IRQHandler                      0x080001c3   Thumb Code     0  startup_stm32f401xc.o(.text)
    SDIO_IRQHandler                          0x080001c3   Thumb Code     0  startup_stm32f401xc.o(.text)
    SPI1_IRQHandler                          0x080001c3   Thumb Code     0  startup_stm32f401xc.o(.text)
    SPI2_IRQHandler                          0x080001c3   Thumb Code     0  startup_stm32f401xc.o(.text)
    SPI3_IRQHandler                          0x080001c3   Thumb Code     0  startup_stm32f401xc.o(.text)
    SPI4_IRQHandler                          0x080001c3   Thumb Code     0  startup_stm32f401xc.o(.text)
    TAMP_STAMP_IRQHandler                    0x080001c3   Thumb Code     0  startup_stm32f401xc.o(.text)
    TIM1_BRK_TIM9_IRQHandler                 0x080001c3   Thumb Code     0  startup_stm32f401xc.o(.text)
    TIM1_CC_IRQHandler                       0x080001c3   Thumb Code     0  startup_stm32f401xc.o(.text)
    TIM1_TRG_COM_TIM11_IRQHandler            0x080001c3   Thumb Code     0  startup_stm32f401xc.o(.text)
    TIM1_UP_TIM10_IRQHandler                 0x080001c3   Thumb Code     0  startup_stm32f401xc.o(.text)
    TIM4_IRQHandler                          0x080001c3   Thumb Code     0  startup_stm32f401xc.o(.text)
    USART2_IRQHandler                        0x080001c3   Thumb Code     0  startup_stm32f401xc.o(.text)
    WWDG_IRQHandler                          0x080001c3   Thumb Code     0  startup_stm32f401xc.o(.text)
    __aeabi_dmul                             0x080001cd   Thumb Code   228  dmul.o(.text)
    __aeabi_ddiv                             0x080002b1   Thumb Code   222  ddiv.o(.text)
    __aeabi_ui2d                             0x0800038f   Thumb Code    26  dfltui.o(.text)
    __aeabi_d2f                              0x080003a9   Thumb Code    56  d2f.o(.text)
    __I$use$fp                               0x080003e1   Thumb Code     0  iusefp.o(.text)
    _float_round                             0x080003e1   Thumb Code    18  fepilogue.o(.text)
    _float_epilogue                          0x080003f3   Thumb Code    92  fepilogue.o(.text)
    _double_round                            0x0800044f   Thumb Code    30  depilogue.o(.text)
    _double_epilogue                         0x0800046d   Thumb Code   156  depilogue.o(.text)
    __scatterload                            0x08000509   Thumb Code    28  init.o(.text)
    __scatterload_rt2                        0x08000509   Thumb Code     0  init.o(.text)
    __aeabi_llsl                             0x0800052d   Thumb Code    30  llshl.o(.text)
    _ll_shift_l                              0x0800052d   Thumb Code     0  llshl.o(.text)
    __aeabi_llsr                             0x0800054b   Thumb Code    32  llushr.o(.text)
    _ll_ushift_r                             0x0800054b   Thumb Code     0  llushr.o(.text)
    ADC_IRQHandler                           0x08000601   Thumb Code    10  stm32f4xx_it.o(i.ADC_IRQHandler)
    AW9106_front_init                        0x0800087f   Thumb Code   160  front_breaking.o(i.AW9106_front_init)
    AW9106_gpio_front_Init                   0x08000921   Thumb Code    96  front_breaking.o(i.AW9106_gpio_front_Init)
    AW9106_gpio_left_Init                    0x08000985   Thumb Code    90  left_breaking.o(i.AW9106_gpio_left_Init)
    AW9106_gpio_right_Init                   0x080009e5   Thumb Code    90  right_breaking.o(i.AW9106_gpio_right_Init)
    AW9106_left_init                         0x08000f6b   Thumb Code   160  left_breaking.o(i.AW9106_left_init)
    AW9106_right_init                        0x0800100b   Thumb Code   160  right_breaking.o(i.AW9106_right_init)
    AW9523_breath_front_loop                 0x080010ad   Thumb Code   150  front_breaking.o(i.AW9523_breath_front_loop)
    AW9523_breath_left_loop                  0x0800114d   Thumb Code   102  left_breaking.o(i.AW9523_breath_left_loop)
    AW9523_breath_right_loop                 0x080011bd   Thumb Code   102  right_breaking.o(i.AW9523_breath_right_loop)
    BusFault_Handler                         0x0800122d   Thumb Code     4  stm32f4xx_it.o(i.BusFault_Handler)
    DMA1_Stream0_IRQHandler                  0x08001231   Thumb Code    10  stm32f4xx_it.o(i.DMA1_Stream0_IRQHandler)
    DMA1_Stream1_IRQHandler                  0x08001241   Thumb Code    10  stm32f4xx_it.o(i.DMA1_Stream1_IRQHandler)
    DMA2_Stream0_IRQHandler                  0x08001251   Thumb Code    10  stm32f4xx_it.o(i.DMA2_Stream0_IRQHandler)
    DMA2_Stream1_IRQHandler                  0x08001261   Thumb Code    10  stm32f4xx_it.o(i.DMA2_Stream1_IRQHandler)
    DMA2_Stream2_IRQHandler                  0x08001271   Thumb Code    10  stm32f4xx_it.o(i.DMA2_Stream2_IRQHandler)
    DMA2_Stream6_IRQHandler                  0x08001281   Thumb Code    10  stm32f4xx_it.o(i.DMA2_Stream6_IRQHandler)
    DMA2_Stream7_IRQHandler                  0x08001291   Thumb Code    10  stm32f4xx_it.o(i.DMA2_Stream7_IRQHandler)
    DebugMon_Handler                         0x080013bb   Thumb Code     2  stm32f4xx_it.o(i.DebugMon_Handler)
    EXTI9_5_IRQHandler                       0x080013bd   Thumb Code    12  stm32f4xx_it.o(i.EXTI9_5_IRQHandler)
    Error_Handler                            0x080013c9   Thumb Code     4  main.o(i.Error_Handler)
    HAL_ADCEx_InjectedConvCpltCallback       0x080013cd   Thumb Code     2  stm32f4xx_hal_adc_ex.o(i.HAL_ADCEx_InjectedConvCpltCallback)
    HAL_ADC_ConfigChannel                    0x080013d1   Thumb Code   386  stm32f4xx_hal_adc.o(i.HAL_ADC_ConfigChannel)
    HAL_ADC_ConvCpltCallback                 0x08001565   Thumb Code     2  stm32f4xx_hal_adc.o(i.HAL_ADC_ConvCpltCallback)
    HAL_ADC_ConvHalfCpltCallback             0x08001567   Thumb Code     2  stm32f4xx_hal_adc.o(i.HAL_ADC_ConvHalfCpltCallback)
    HAL_ADC_ErrorCallback                    0x08001569   Thumb Code     2  stm32f4xx_hal_adc.o(i.HAL_ADC_ErrorCallback)
    HAL_ADC_IRQHandler                       0x0800156b   Thumb Code   372  stm32f4xx_hal_adc.o(i.HAL_ADC_IRQHandler)
    HAL_ADC_Init                             0x080016e1   Thumb Code   100  stm32f4xx_hal_adc.o(i.HAL_ADC_Init)
    HAL_ADC_LevelOutOfWindowCallback         0x08001749   Thumb Code     2  stm32f4xx_hal_adc.o(i.HAL_ADC_LevelOutOfWindowCallback)
    HAL_ADC_MspInit                          0x0800174d   Thumb Code   148  stm32f4xx_hal_msp.o(i.HAL_ADC_MspInit)
    HAL_ADC_Start_DMA                        0x080017f5   Thumb Code   300  stm32f4xx_hal_adc.o(i.HAL_ADC_Start_DMA)
    HAL_DMA_Abort_IT                         0x0800193d   Thumb Code    40  stm32f4xx_hal_dma.o(i.HAL_DMA_Abort_IT)
    HAL_DMA_IRQHandler                       0x08001965   Thumb Code   574  stm32f4xx_hal_dma.o(i.HAL_DMA_IRQHandler)
    HAL_DMA_Init                             0x08001bad   Thumb Code   228  stm32f4xx_hal_dma.o(i.HAL_DMA_Init)
    HAL_DMA_Start_IT                         0x08001c95   Thumb Code   158  stm32f4xx_hal_dma.o(i.HAL_DMA_Start_IT)
    HAL_GPIO_EXTI_Callback                   0x08001d35   Thumb Code    14  interrupt.o(i.HAL_GPIO_EXTI_Callback)
    HAL_GPIO_EXTI_IRQHandler                 0x08001d49   Thumb Code    24  stm32f4xx_hal_gpio.o(i.HAL_GPIO_EXTI_IRQHandler)
    HAL_GPIO_Init                            0x08001d65   Thumb Code   436  stm32f4xx_hal_gpio.o(i.HAL_GPIO_Init)
    HAL_GPIO_WritePin                        0x08001f39   Thumb Code    12  stm32f4xx_hal_gpio.o(i.HAL_GPIO_WritePin)
    HAL_GetTick                              0x08001f45   Thumb Code     6  stm32f4xx_hal.o(i.HAL_GetTick)
    HAL_I2C_AbortCpltCallback                0x08001f51   Thumb Code     2  stm32f4xx_hal_i2c.o(i.HAL_I2C_AbortCpltCallback)
    HAL_I2C_AddrCallback                     0x08001f53   Thumb Code     2  stm32f4xx_hal_i2c.o(i.HAL_I2C_AddrCallback)
    HAL_I2C_ER_IRQHandler                    0x08001f55   Thumb Code   224  stm32f4xx_hal_i2c.o(i.HAL_I2C_ER_IRQHandler)
    HAL_I2C_EV_IRQHandler                    0x08002039   Thumb Code   368  stm32f4xx_hal_i2c.o(i.HAL_I2C_EV_IRQHandler)
    HAL_I2C_ErrorCallback                    0x080021b1   Thumb Code     2  stm32f4xx_hal_i2c.o(i.HAL_I2C_ErrorCallback)
    HAL_I2C_Init                             0x080021b5   Thumb Code   286  stm32f4xx_hal_i2c.o(i.HAL_I2C_Init)
    HAL_I2C_ListenCpltCallback               0x080022dd   Thumb Code     2  stm32f4xx_hal_i2c.o(i.HAL_I2C_ListenCpltCallback)
    HAL_I2C_MasterRxCpltCallback             0x080022df   Thumb Code     2  stm32f4xx_hal_i2c.o(i.HAL_I2C_MasterRxCpltCallback)
    HAL_I2C_MasterTxCpltCallback             0x080022e1   Thumb Code     2  stm32f4xx_hal_i2c.o(i.HAL_I2C_MasterTxCpltCallback)
    HAL_I2C_MemRxCpltCallback                0x080022e3   Thumb Code     2  stm32f4xx_hal_i2c.o(i.HAL_I2C_MemRxCpltCallback)
    HAL_I2C_MemTxCpltCallback                0x080022e5   Thumb Code     2  stm32f4xx_hal_i2c.o(i.HAL_I2C_MemTxCpltCallback)
    HAL_I2C_MspInit                          0x080022e9   Thumb Code   372  stm32f4xx_hal_msp.o(i.HAL_I2C_MspInit)
    HAL_I2C_SlaveRxCpltCallback              0x08002481   Thumb Code     2  stm32f4xx_hal_i2c.o(i.HAL_I2C_SlaveRxCpltCallback)
    HAL_I2C_SlaveTxCpltCallback              0x08002483   Thumb Code     2  stm32f4xx_hal_i2c.o(i.HAL_I2C_SlaveTxCpltCallback)
    HAL_IncTick                              0x08002485   Thumb Code    12  stm32f4xx_hal.o(i.HAL_IncTick)
    HAL_Init                                 0x08002495   Thumb Code    54  stm32f4xx_hal.o(i.HAL_Init)
    HAL_InitTick                             0x080024d1   Thumb Code    36  stm32f4xx_hal.o(i.HAL_InitTick)
    HAL_MspInit                              0x080024f9   Thumb Code    86  stm32f4xx_hal_msp.o(i.HAL_MspInit)
    HAL_NVIC_EnableIRQ                       0x0800254f   Thumb Code    26  stm32f4xx_hal_cortex.o(i.HAL_NVIC_EnableIRQ)
    HAL_NVIC_SetPriority                     0x08002569   Thumb Code   124  stm32f4xx_hal_cortex.o(i.HAL_NVIC_SetPriority)
    HAL_NVIC_SetPriorityGrouping             0x080025e5   Thumb Code    32  stm32f4xx_hal_cortex.o(i.HAL_NVIC_SetPriorityGrouping)
    HAL_RCC_ClockConfig                      0x0800260d   Thumb Code   446  stm32f4xx_hal_rcc.o(i.HAL_RCC_ClockConfig)
    HAL_RCC_GetHCLKFreq                      0x080027dd   Thumb Code     6  stm32f4xx_hal_rcc.o(i.HAL_RCC_GetHCLKFreq)
    HAL_RCC_GetPCLK1Freq                     0x080027e9   Thumb Code    36  stm32f4xx_hal_rcc.o(i.HAL_RCC_GetPCLK1Freq)
    HAL_RCC_GetPCLK2Freq                     0x08002815   Thumb Code    36  stm32f4xx_hal_rcc.o(i.HAL_RCC_GetPCLK2Freq)
    HAL_RCC_GetSysClockFreq                  0x08002841   Thumb Code   168  stm32f4xx_hal_rcc.o(i.HAL_RCC_GetSysClockFreq)
    HAL_RCC_OscConfig                        0x080028f5   Thumb Code  1090  stm32f4xx_hal_rcc.o(i.HAL_RCC_OscConfig)
    HAL_SYSTICK_CLKSourceConfig              0x08002d41   Thumb Code    40  stm32f4xx_hal_cortex.o(i.HAL_SYSTICK_CLKSourceConfig)
    HAL_SYSTICK_Callback                     0x08002d69   Thumb Code    14  interrupt.o(i.HAL_SYSTICK_Callback)
    HAL_SYSTICK_Config                       0x08002d7d   Thumb Code    52  stm32f4xx_hal_cortex.o(i.HAL_SYSTICK_Config)
    HAL_SYSTICK_IRQHandler                   0x08002db1   Thumb Code     8  stm32f4xx_hal_cortex.o(i.HAL_SYSTICK_IRQHandler)
    HAL_TIMEx_BreakCallback                  0x08002db9   Thumb Code     2  stm32f4xx_hal_tim_ex.o(i.HAL_TIMEx_BreakCallback)
    HAL_TIMEx_CommutationCallback            0x08002dbb   Thumb Code     2  stm32f4xx_hal_tim_ex.o(i.HAL_TIMEx_CommutationCallback)
    HAL_TIMEx_MasterConfigSynchronization    0x08002dbd   Thumb Code    98  stm32f4xx_hal_tim_ex.o(i.HAL_TIMEx_MasterConfigSynchronization)
    HAL_TIM_Base_Init                        0x08002e1f   Thumb Code    52  stm32f4xx_hal_tim.o(i.HAL_TIM_Base_Init)
    HAL_TIM_Base_MspInit                     0x08002e55   Thumb Code   178  stm32f4xx_hal_msp.o(i.HAL_TIM_Base_MspInit)
    HAL_TIM_Base_Start_IT                    0x08002f15   Thumb Code    30  stm32f4xx_hal_tim.o(i.HAL_TIM_Base_Start_IT)
    HAL_TIM_ConfigClockSource                0x08002f33   Thumb Code   306  stm32f4xx_hal_tim.o(i.HAL_TIM_ConfigClockSource)
    HAL_TIM_IC_CaptureCallback               0x08003065   Thumb Code     2  stm32f4xx_hal_tim.o(i.HAL_TIM_IC_CaptureCallback)
    HAL_TIM_IRQHandler                       0x08003067   Thumb Code   406  stm32f4xx_hal_tim.o(i.HAL_TIM_IRQHandler)
    HAL_TIM_MspPostInit                      0x080031fd   Thumb Code   114  stm32f4xx_hal_msp.o(i.HAL_TIM_MspPostInit)
    HAL_TIM_OC_DelayElapsedCallback          0x08003281   Thumb Code     2  stm32f4xx_hal_tim.o(i.HAL_TIM_OC_DelayElapsedCallback)
    HAL_TIM_PWM_ConfigChannel                0x08003283   Thumb Code   264  stm32f4xx_hal_tim.o(i.HAL_TIM_PWM_ConfigChannel)
    HAL_TIM_PWM_Init                         0x0800338b   Thumb Code    52  stm32f4xx_hal_tim.o(i.HAL_TIM_PWM_Init)
    HAL_TIM_PWM_MspInit                      0x080033bf   Thumb Code     2  stm32f4xx_hal_tim.o(i.HAL_TIM_PWM_MspInit)
    HAL_TIM_PWM_PulseFinishedCallback        0x080033c1   Thumb Code     2  stm32f4xx_hal_tim.o(i.HAL_TIM_PWM_PulseFinishedCallback)
    HAL_TIM_PWM_Start_IT                     0x080033c5   Thumb Code   136  stm32f4xx_hal_tim.o(i.HAL_TIM_PWM_Start_IT)
    HAL_TIM_PWM_Stop_IT                      0x08003451   Thumb Code   188  stm32f4xx_hal_tim.o(i.HAL_TIM_PWM_Stop_IT)
    HAL_TIM_PeriodElapsedCallback            0x08003511   Thumb Code    70  interrupt.o(i.HAL_TIM_PeriodElapsedCallback)
    HAL_TIM_TriggerCallback                  0x08003569   Thumb Code     2  stm32f4xx_hal_tim.o(i.HAL_TIM_TriggerCallback)
    HAL_UART_ErrorCallback                   0x080035c1   Thumb Code     2  stm32f4xx_hal_uart.o(i.HAL_UART_ErrorCallback)
    HAL_UART_IRQHandler                      0x080035c5   Thumb Code   326  stm32f4xx_hal_uart.o(i.HAL_UART_IRQHandler)
    HAL_UART_Init                            0x08003711   Thumb Code   114  stm32f4xx_hal_uart.o(i.HAL_UART_Init)
    HAL_UART_MspInit                         0x08003785   Thumb Code   436  stm32f4xx_hal_msp.o(i.HAL_UART_MspInit)
    HAL_UART_RxCpltCallback                  0x0800395d   Thumb Code     2  stm32f4xx_hal_uart.o(i.HAL_UART_RxCpltCallback)
    HAL_UART_TxCpltCallback                  0x0800395f   Thumb Code     2  stm32f4xx_hal_uart.o(i.HAL_UART_TxCpltCallback)
    HardFault_Handler                        0x08003961   Thumb Code     4  stm32f4xx_it.o(i.HardFault_Handler)
    I2C1_ER_IRQHandler                       0x08003965   Thumb Code    10  stm32f4xx_it.o(i.I2C1_ER_IRQHandler)
    I2C1_EV_IRQHandler                       0x08003975   Thumb Code    10  stm32f4xx_it.o(i.I2C1_EV_IRQHandler)
    I2C3_ER_IRQHandler                       0x08003985   Thumb Code    10  stm32f4xx_it.o(i.I2C3_ER_IRQHandler)
    I2C3_EV_IRQHandler                       0x08003995   Thumb Code    10  stm32f4xx_it.o(i.I2C3_EV_IRQHandler)
    I2C_NoAck                                0x080041fd   Thumb Code   100  demo_iic_7514.o(i.I2C_NoAck)
    I2C_ack                                  0x0800451d   Thumb Code   100  demo_iic_7514.o(i.I2C_ack)
    I2C_receive_1byte                        0x08004589   Thumb Code   100  demo_iic_7514.o(i.I2C_receive_1byte)
    I2C_send_1byte                           0x080045f5   Thumb Code   206  demo_iic_7514.o(i.I2C_send_1byte)
    I2C_start                                0x080046cd   Thumb Code    76  demo_iic_7514.o(i.I2C_start)
    I2C_stop                                 0x08004721   Thumb Code    94  demo_iic_7514.o(i.I2C_stop)
    MemManage_Handler                        0x08004ce1   Thumb Code     4  stm32f4xx_it.o(i.MemManage_Handler)
    NMI_Handler                              0x08004ce5   Thumb Code     2  stm32f4xx_it.o(i.NMI_Handler)
    PendSV_Handler                           0x08004d21   Thumb Code     2  stm32f4xx_it.o(i.PendSV_Handler)
    ReadData                                 0x08004d23   Thumb Code    94  demo_iic_7514.o(i.ReadData)
    SVC_Handler                              0x08004d81   Thumb Code     2  stm32f4xx_it.o(i.SVC_Handler)
    SysTick_Handler                          0x08004d83   Thumb Code    12  stm32f4xx_it.o(i.SysTick_Handler)
    SystemClock_Config                       0x08004d91   Thumb Code   194  main.o(i.SystemClock_Config)
    SystemInit                               0x08004e5d   Thumb Code    82  system_stm32f4xx.o(i.SystemInit)
    TIM2_IRQHandler                          0x08004ec1   Thumb Code    10  stm32f4xx_it.o(i.TIM2_IRQHandler)
    TIM3_IRQHandler                          0x08004ed1   Thumb Code    10  stm32f4xx_it.o(i.TIM3_IRQHandler)
    TIM5_IRQHandler                          0x08004ee1   Thumb Code    10  stm32f4xx_it.o(i.TIM5_IRQHandler)
    TIM_Base_SetConfig                       0x08004ef1   Thumb Code   148  stm32f4xx_hal_tim.o(i.TIM_Base_SetConfig)
    TIM_CCxChannelCmd                        0x08004fa1   Thumb Code    28  stm32f4xx_hal_tim.o(i.TIM_CCxChannelCmd)
    TIM_OC2_SetConfig                        0x0800504d   Thumb Code   106  stm32f4xx_hal_tim.o(i.TIM_OC2_SetConfig)
    USART1_IRQHandler                        0x08005695   Thumb Code    10  stm32f4xx_it.o(i.USART1_IRQHandler)
    USART6_IRQHandler                        0x080056a5   Thumb Code    10  stm32f4xx_it.o(i.USART6_IRQHandler)
    UsageFault_Handler                       0x080056b5   Thumb Code     4  stm32f4xx_it.o(i.UsageFault_Handler)
    WTC7514_init_gpio                        0x080056b9   Thumb Code    94  demo_iic_7514.o(i.WTC7514_init_gpio)
    WTC7514_init_param                       0x08005721   Thumb Code    48  demo_iic_7514.o(i.WTC7514_init_param)
    WTC7514_read_param                       0x08005751   Thumb Code    16  demo_iic_7514.o(i.WTC7514_read_param)
    WriteData                                0x08005765   Thumb Code    98  demo_iic_7514.o(i.WriteData)
    __scatterload_copy                       0x080057c7   Thumb Code    14  handlers.o(i.__scatterload_copy)
    __scatterload_null                       0x080057d5   Thumb Code     2  handlers.o(i.__scatterload_null)
    __scatterload_zeroinit                   0x080057d7   Thumb Code    14  handlers.o(i.__scatterload_zeroinit)
    control_walkingmotor_speed               0x08005811   Thumb Code    28  interrupt.o(i.control_walkingmotor_speed)
    delay                                    0x08005831   Thumb Code    14  demo_iic_7514.o(i.delay)
    loop_app                                 0x08005841   Thumb Code   244  loop_main.o(i.loop_app)
    main                                     0x08005979   Thumb Code    56  main.o(i.main)
    motor_Start_working                      0x080059b1   Thumb Code    46  motor.o(i.motor_Start_working)
    motor_Stop_working                       0x080059ed   Thumb Code    36  motor.o(i.motor_Stop_working)
    servo_turn_left                          0x08005a1d   Thumb Code    40  loop_main.o(i.servo_turn_left)
    servo_turn_right                         0x08005a4d   Thumb Code    40  loop_main.o(i.servo_turn_right)
    set_motor_init_param                     0x08005a7d   Thumb Code    12  motor.o(i.set_motor_init_param)
    APBAHBPrescTable                         0x08005a8c   Data          16  stm32f4xx_hal_rcc.o(.constdata)
    Region$$Table$$Base                      0x08005aa4   Number         0  anon$$obj.o(Region$$Table)
    Region$$Table$$Limit                     0x08005ac4   Number         0  anon$$obj.o(Region$$Table)
    valueUmber                               0x20000000   Data           4  loop_main.o(.data)
    direct                                   0x20000004   Data           1  loop_main.o(.data)
    pwmWidth                                 0x20000008   Data           4  interrupt.o(.data)
    reTouch                                  0x2000000c   Data           4  interrupt.o(.data)
    msDelay                                  0x20000010   Data           1  interrupt.o(.data)
    SystemCoreClock                          0x20000014   Data           4  system_stm32f4xx.o(.data)
    uwTick                                   0x20000018   Data           4  stm32f4xx_hal.o(.data)
    Paoma_cnt                                0x2000001c   Data           1  left_breaking.o(.data)
    Breath_cnt                               0x2000001d   Data           1  left_breaking.o(.data)
    cnt2                                     0x2000001e   Data           1  left_breaking.o(.data)
    Paoma_cnt1                               0x20000064   Data           1  right_breaking.o(.data)
    Breath_cnt1                              0x20000065   Data           1  right_breaking.o(.data)
    cnt21                                    0x20000066   Data           1  right_breaking.o(.data)
    Paoma_cnt2                               0x200000ac   Data           1  front_breaking.o(.data)
    Breath_cnt2                              0x200000ad   Data           1  front_breaking.o(.data)
    cnt22                                    0x200000ae   Data           1  front_breaking.o(.data)
    ReadBuff                                 0x200000f4   Data           2  demo_iic_7514.o(.data)
    hadc1                                    0x200000f8   Data          72  main.o(.bss)
    hdma_adc1                                0x20000140   Data          96  main.o(.bss)
    hi2c1                                    0x200001a0   Data          84  main.o(.bss)
    hi2c3                                    0x200001f4   Data          84  main.o(.bss)
    hdma_i2c1_rx                             0x20000248   Data          96  main.o(.bss)
    hdma_i2c3_rx                             0x200002a8   Data          96  main.o(.bss)
    htim2                                    0x20000308   Data          60  main.o(.bss)
    htim3                                    0x20000344   Data          60  main.o(.bss)
    htim5                                    0x20000380   Data          60  main.o(.bss)
    huart1                                   0x200003bc   Data          64  main.o(.bss)
    huart6                                   0x200003fc   Data          64  main.o(.bss)
    hdma_usart1_rx                           0x2000043c   Data          96  main.o(.bss)
    hdma_usart1_tx                           0x2000049c   Data          96  main.o(.bss)
    hdma_usart6_rx                           0x200004fc   Data          96  main.o(.bss)
    hdma_usart6_tx                           0x2000055c   Data          96  main.o(.bss)
    adcValue                                 0x200005bc   Data         400  loop_main.o(.bss)
    MotorData                                0x2000074c   Data          32  motor.o(.bss)
    __initial_sp                             0x20000b70   Data           0  startup_stm32f401xc.o(STACK)



==============================================================================

Memory Map of the image

  Image Entry point : 0x08000195

  Load Region LR_IROM1 (Base: 0x08000000, Size: 0x00005bbc, Max: 0x00040000, ABSOLUTE)

    Execution Region ER_IROM1 (Base: 0x08000000, Size: 0x00005ac4, Max: 0x00040000, ABSOLUTE)

    Base Addr    Size         Type   Attr      Idx    E Section Name        Object

    0x08000000   0x00000194   Data   RO          659    RESET               startup_stm32f401xc.o
    0x08000194   0x00000000   Code   RO         4313  * .ARM.Collect$$$$00000000  mc_w.l(entry.o)
    0x08000194   0x00000004   Code   RO         4324    .ARM.Collect$$$$00000001  mc_w.l(entry2.o)
    0x08000198   0x00000004   Code   RO         4327    .ARM.Collect$$$$00000004  mc_w.l(entry5.o)
    0x0800019c   0x00000000   Code   RO         4329    .ARM.Collect$$$$00000008  mc_w.l(entry7b.o)
    0x0800019c   0x00000000   Code   RO         4331    .ARM.Collect$$$$0000000A  mc_w.l(entry8b.o)
    0x0800019c   0x00000008   Code   RO         4332    .ARM.Collect$$$$0000000B  mc_w.l(entry9a.o)
    0x080001a4   0x00000000   Code   RO         4334    .ARM.Collect$$$$0000000D  mc_w.l(entry10a.o)
    0x080001a4   0x00000000   Code   RO         4336    .ARM.Collect$$$$0000000F  mc_w.l(entry11a.o)
    0x080001a4   0x00000004   Code   RO         4325    .ARM.Collect$$$$00002712  mc_w.l(entry2.o)
    0x080001a8   0x00000024   Code   RO          660    .text               startup_stm32f401xc.o
    0x080001cc   0x000000e4   Code   RO         4316    .text               mf_w.l(dmul.o)
    0x080002b0   0x000000de   Code   RO         4318    .text               mf_w.l(ddiv.o)
    0x0800038e   0x0000001a   Code   RO         4320    .text               mf_w.l(dfltui.o)
    0x080003a8   0x00000038   Code   RO         4322    .text               mf_w.l(d2f.o)
    0x080003e0   0x00000000   Code   RO         4338    .text               mc_w.l(iusefp.o)
    0x080003e0   0x0000006e   Code   RO         4339    .text               mf_w.l(fepilogue.o)
    0x0800044e   0x000000ba   Code   RO         4341    .text               mf_w.l(depilogue.o)
    0x08000508   0x00000024   Code   RO         4343    .text               mc_w.l(init.o)
    0x0800052c   0x0000001e   Code   RO         4345    .text               mc_w.l(llshl.o)
    0x0800054a   0x00000020   Code   RO         4347    .text               mc_w.l(llushr.o)
    0x0800056a   0x0000006e   Code   RO         3518    i.ADC_DMAConvCplt   stm32f4xx_hal_adc.o
    0x080005d8   0x0000001a   Code   RO         3519    i.ADC_DMAError      stm32f4xx_hal_adc.o
    0x080005f2   0x0000000e   Code   RO         3520    i.ADC_DMAHalfConvCplt  stm32f4xx_hal_adc.o
    0x08000600   0x00000010   Code   RO            4    i.ADC_IRQHandler    stm32f4xx_it.o
    0x08000610   0x00000178   Code   RO         3521    i.ADC_Init          stm32f4xx_hal_adc.o
    0x08000788   0x0000002c   Code   RO         3722    i.AW9106_Hw_reset   left_breaking.o
    0x080007b4   0x0000002c   Code   RO         3897    i.AW9106_Hw_reset   right_breaking.o
    0x080007e0   0x0000002c   Code   RO         4062    i.AW9106_Hw_reset   front_breaking.o
    0x0800080c   0x00000012   Code   RO         3730    i.AW9106_SoftReset  left_breaking.o
    0x0800081e   0x00000012   Code   RO         3905    i.AW9106_SoftReset  right_breaking.o
    0x08000830   0x00000012   Code   RO         4070    i.AW9106_SoftReset  front_breaking.o
    0x08000842   0x00000014   Code   RO         3731    i.AW9106_delay_1us  left_breaking.o
    0x08000856   0x00000014   Code   RO         3906    i.AW9106_delay_1us  right_breaking.o
    0x0800086a   0x00000014   Code   RO         4071    i.AW9106_delay_1us  front_breaking.o
    0x0800087e   0x000000a0   Code   RO         4072    i.AW9106_front_init  front_breaking.o
    0x0800091e   0x00000002   PAD
    0x08000920   0x00000064   Code   RO         4073    i.AW9106_gpio_front_Init  front_breaking.o
    0x08000984   0x00000060   Code   RO         3732    i.AW9106_gpio_left_Init  left_breaking.o
    0x080009e4   0x00000064   Code   RO         3907    i.AW9106_gpio_right_Init  right_breaking.o
    0x08000a48   0x00000030   Code   RO         3733    i.AW9106_i2c_initial  left_breaking.o
    0x08000a78   0x00000030   Code   RO         3908    i.AW9106_i2c_initial  right_breaking.o
    0x08000aa8   0x00000030   Code   RO         4074    i.AW9106_i2c_initial  front_breaking.o
    0x08000ad8   0x00000048   Code   RO         3736    i.AW9106_i2c_start  left_breaking.o
    0x08000b20   0x00000048   Code   RO         3911    i.AW9106_i2c_start  right_breaking.o
    0x08000b68   0x00000048   Code   RO         4077    i.AW9106_i2c_start  front_breaking.o
    0x08000bb0   0x00000038   Code   RO         3737    i.AW9106_i2c_stop   left_breaking.o
    0x08000be8   0x00000038   Code   RO         3912    i.AW9106_i2c_stop   right_breaking.o
    0x08000c20   0x00000038   Code   RO         4078    i.AW9106_i2c_stop   front_breaking.o
    0x08000c58   0x00000090   Code   RO         3738    i.AW9106_i2c_write_byte  left_breaking.o
    0x08000ce8   0x00000090   Code   RO         3913    i.AW9106_i2c_write_byte  right_breaking.o
    0x08000d78   0x00000090   Code   RO         4079    i.AW9106_i2c_write_byte  front_breaking.o
    0x08000e08   0x0000002c   Code   RO         3739    i.AW9106_i2c_write_reg  left_breaking.o
    0x08000e34   0x0000002c   Code   RO         3914    i.AW9106_i2c_write_reg  right_breaking.o
    0x08000e60   0x0000002c   Code   RO         4080    i.AW9106_i2c_write_reg  front_breaking.o
    0x08000e8c   0x0000004a   Code   RO         3740    i.AW9106_i2c_write_reg_org  left_breaking.o
    0x08000ed6   0x0000004a   Code   RO         3915    i.AW9106_i2c_write_reg_org  right_breaking.o
    0x08000f20   0x0000004a   Code   RO         4081    i.AW9106_i2c_write_reg_org  front_breaking.o
    0x08000f6a   0x000000a0   Code   RO         3742    i.AW9106_left_init  left_breaking.o
    0x0800100a   0x000000a0   Code   RO         3918    i.AW9106_right_init  right_breaking.o
    0x080010aa   0x00000002   PAD
    0x080010ac   0x000000a0   Code   RO         4085    i.AW9523_breath_front_loop  front_breaking.o
    0x0800114c   0x00000070   Code   RO         3745    i.AW9523_breath_left_loop  left_breaking.o
    0x080011bc   0x00000070   Code   RO         3920    i.AW9523_breath_right_loop  right_breaking.o
    0x0800122c   0x00000004   Code   RO            5    i.BusFault_Handler  stm32f4xx_it.o
    0x08001230   0x00000010   Code   RO            6    i.DMA1_Stream0_IRQHandler  stm32f4xx_it.o
    0x08001240   0x00000010   Code   RO            7    i.DMA1_Stream1_IRQHandler  stm32f4xx_it.o
    0x08001250   0x00000010   Code   RO            8    i.DMA2_Stream0_IRQHandler  stm32f4xx_it.o
    0x08001260   0x00000010   Code   RO            9    i.DMA2_Stream1_IRQHandler  stm32f4xx_it.o
    0x08001270   0x00000010   Code   RO           10    i.DMA2_Stream2_IRQHandler  stm32f4xx_it.o
    0x08001280   0x00000010   Code   RO           11    i.DMA2_Stream6_IRQHandler  stm32f4xx_it.o
    0x08001290   0x00000010   Code   RO           12    i.DMA2_Stream7_IRQHandler  stm32f4xx_it.o
    0x080012a0   0x00000034   Code   RO         2543    i.DMA_CalcBaseAndBitshift  stm32f4xx_hal_dma.o
    0x080012d4   0x000000ba   Code   RO         2544    i.DMA_CheckFifoParam  stm32f4xx_hal_dma.o
    0x0800138e   0x0000002c   Code   RO         2545    i.DMA_SetConfig     stm32f4xx_hal_dma.o
    0x080013ba   0x00000002   Code   RO           13    i.DebugMon_Handler  stm32f4xx_it.o
    0x080013bc   0x0000000c   Code   RO           14    i.EXTI9_5_IRQHandler  stm32f4xx_it.o
    0x080013c8   0x00000004   Code   RO          375    i.Error_Handler     main.o
    0x080013cc   0x00000002   Code   RO         2653    i.HAL_ADCEx_InjectedConvCpltCallback  stm32f4xx_hal_adc_ex.o
    0x080013ce   0x00000002   PAD
    0x080013d0   0x00000194   Code   RO         3523    i.HAL_ADC_ConfigChannel  stm32f4xx_hal_adc.o
    0x08001564   0x00000002   Code   RO         3524    i.HAL_ADC_ConvCpltCallback  stm32f4xx_hal_adc.o
    0x08001566   0x00000002   Code   RO         3525    i.HAL_ADC_ConvHalfCpltCallback  stm32f4xx_hal_adc.o
    0x08001568   0x00000002   Code   RO         3527    i.HAL_ADC_ErrorCallback  stm32f4xx_hal_adc.o
    0x0800156a   0x00000174   Code   RO         3531    i.HAL_ADC_IRQHandler  stm32f4xx_hal_adc.o
    0x080016de   0x00000002   PAD
    0x080016e0   0x00000068   Code   RO         3532    i.HAL_ADC_Init      stm32f4xx_hal_adc.o
    0x08001748   0x00000002   Code   RO         3533    i.HAL_ADC_LevelOutOfWindowCallback  stm32f4xx_hal_adc.o
    0x0800174a   0x00000002   PAD
    0x0800174c   0x000000a8   Code   RO          297    i.HAL_ADC_MspInit   stm32f4xx_hal_msp.o
    0x080017f4   0x00000148   Code   RO         3539    i.HAL_ADC_Start_DMA  stm32f4xx_hal_adc.o
    0x0800193c   0x00000028   Code   RO         2547    i.HAL_DMA_Abort_IT  stm32f4xx_hal_dma.o
    0x08001964   0x00000248   Code   RO         2551    i.HAL_DMA_IRQHandler  stm32f4xx_hal_dma.o
    0x08001bac   0x000000e8   Code   RO         2552    i.HAL_DMA_Init      stm32f4xx_hal_dma.o
    0x08001c94   0x0000009e   Code   RO         2556    i.HAL_DMA_Start_IT  stm32f4xx_hal_dma.o
    0x08001d32   0x00000002   PAD
    0x08001d34   0x00000014   Code   RO          522    i.HAL_GPIO_EXTI_Callback  interrupt.o
    0x08001d48   0x0000001c   Code   RO         1110    i.HAL_GPIO_EXTI_IRQHandler  stm32f4xx_hal_gpio.o
    0x08001d64   0x000001d4   Code   RO         1111    i.HAL_GPIO_Init     stm32f4xx_hal_gpio.o
    0x08001f38   0x0000000c   Code   RO         1115    i.HAL_GPIO_WritePin  stm32f4xx_hal_gpio.o
    0x08001f44   0x0000000c   Code   RO          897    i.HAL_GetTick       stm32f4xx_hal.o
    0x08001f50   0x00000002   Code   RO         2754    i.HAL_I2C_AbortCpltCallback  stm32f4xx_hal_i2c.o
    0x08001f52   0x00000002   Code   RO         2755    i.HAL_I2C_AddrCallback  stm32f4xx_hal_i2c.o
    0x08001f54   0x000000e4   Code   RO         2758    i.HAL_I2C_ER_IRQHandler  stm32f4xx_hal_i2c.o
    0x08002038   0x00000178   Code   RO         2759    i.HAL_I2C_EV_IRQHandler  stm32f4xx_hal_i2c.o
    0x080021b0   0x00000002   Code   RO         2761    i.HAL_I2C_ErrorCallback  stm32f4xx_hal_i2c.o
    0x080021b2   0x00000002   PAD
    0x080021b4   0x00000128   Code   RO         2765    i.HAL_I2C_Init      stm32f4xx_hal_i2c.o
    0x080022dc   0x00000002   Code   RO         2767    i.HAL_I2C_ListenCpltCallback  stm32f4xx_hal_i2c.o
    0x080022de   0x00000002   Code   RO         2768    i.HAL_I2C_MasterRxCpltCallback  stm32f4xx_hal_i2c.o
    0x080022e0   0x00000002   Code   RO         2769    i.HAL_I2C_MasterTxCpltCallback  stm32f4xx_hal_i2c.o
    0x080022e2   0x00000002   Code   RO         2779    i.HAL_I2C_MemRxCpltCallback  stm32f4xx_hal_i2c.o
    0x080022e4   0x00000002   Code   RO         2780    i.HAL_I2C_MemTxCpltCallback  stm32f4xx_hal_i2c.o
    0x080022e6   0x00000002   PAD
    0x080022e8   0x00000198   Code   RO          299    i.HAL_I2C_MspInit   stm32f4xx_hal_msp.o
    0x08002480   0x00000002   Code   RO         2789    i.HAL_I2C_SlaveRxCpltCallback  stm32f4xx_hal_i2c.o
    0x08002482   0x00000002   Code   RO         2790    i.HAL_I2C_SlaveTxCpltCallback  stm32f4xx_hal_i2c.o
    0x08002484   0x00000010   Code   RO          898    i.HAL_IncTick       stm32f4xx_hal.o
    0x08002494   0x0000003c   Code   RO          899    i.HAL_Init          stm32f4xx_hal.o
    0x080024d0   0x00000028   Code   RO          900    i.HAL_InitTick      stm32f4xx_hal.o
    0x080024f8   0x00000056   Code   RO          300    i.HAL_MspInit       stm32f4xx_hal_msp.o
    0x0800254e   0x0000001a   Code   RO         2313    i.HAL_NVIC_EnableIRQ  stm32f4xx_hal_cortex.o
    0x08002568   0x0000007c   Code   RO         2319    i.HAL_NVIC_SetPriority  stm32f4xx_hal_cortex.o
    0x080025e4   0x00000028   Code   RO         2320    i.HAL_NVIC_SetPriorityGrouping  stm32f4xx_hal_cortex.o
    0x0800260c   0x000001d0   Code   RO         2439    i.HAL_RCC_ClockConfig  stm32f4xx_hal_rcc.o
    0x080027dc   0x0000000c   Code   RO         2444    i.HAL_RCC_GetHCLKFreq  stm32f4xx_hal_rcc.o
    0x080027e8   0x0000002c   Code   RO         2446    i.HAL_RCC_GetPCLK1Freq  stm32f4xx_hal_rcc.o
    0x08002814   0x0000002c   Code   RO         2447    i.HAL_RCC_GetPCLK2Freq  stm32f4xx_hal_rcc.o
    0x08002840   0x000000b4   Code   RO         2448    i.HAL_RCC_GetSysClockFreq  stm32f4xx_hal_rcc.o
    0x080028f4   0x0000044c   Code   RO         2451    i.HAL_RCC_OscConfig  stm32f4xx_hal_rcc.o
    0x08002d40   0x00000028   Code   RO         2322    i.HAL_SYSTICK_CLKSourceConfig  stm32f4xx_hal_cortex.o
    0x08002d68   0x00000014   Code   RO          523    i.HAL_SYSTICK_Callback  interrupt.o
    0x08002d7c   0x00000034   Code   RO         2324    i.HAL_SYSTICK_Config  stm32f4xx_hal_cortex.o
    0x08002db0   0x00000008   Code   RO         2325    i.HAL_SYSTICK_IRQHandler  stm32f4xx_hal_cortex.o
    0x08002db8   0x00000002   Code   RO         1174    i.HAL_TIMEx_BreakCallback  stm32f4xx_hal_tim_ex.o
    0x08002dba   0x00000002   Code   RO         1175    i.HAL_TIMEx_CommutationCallback  stm32f4xx_hal_tim_ex.o
    0x08002dbc   0x00000062   Code   RO         1191    i.HAL_TIMEx_MasterConfigSynchronization  stm32f4xx_hal_tim_ex.o
    0x08002e1e   0x00000034   Code   RO         1415    i.HAL_TIM_Base_Init  stm32f4xx_hal_tim.o
    0x08002e52   0x00000002   PAD
    0x08002e54   0x000000c0   Code   RO          302    i.HAL_TIM_Base_MspInit  stm32f4xx_hal_msp.o
    0x08002f14   0x0000001e   Code   RO         1420    i.HAL_TIM_Base_Start_IT  stm32f4xx_hal_tim.o
    0x08002f32   0x00000132   Code   RO         1424    i.HAL_TIM_ConfigClockSource  stm32f4xx_hal_tim.o
    0x08003064   0x00000002   Code   RO         1444    i.HAL_TIM_IC_CaptureCallback  stm32f4xx_hal_tim.o
    0x08003066   0x00000196   Code   RO         1457    i.HAL_TIM_IRQHandler  stm32f4xx_hal_tim.o
    0x080031fc   0x00000084   Code   RO          303    i.HAL_TIM_MspPostInit  stm32f4xx_hal_msp.o
    0x08003280   0x00000002   Code   RO         1460    i.HAL_TIM_OC_DelayElapsedCallback  stm32f4xx_hal_tim.o
    0x08003282   0x00000108   Code   RO         1481    i.HAL_TIM_PWM_ConfigChannel  stm32f4xx_hal_tim.o
    0x0800338a   0x00000034   Code   RO         1484    i.HAL_TIM_PWM_Init  stm32f4xx_hal_tim.o
    0x080033be   0x00000002   Code   RO         1486    i.HAL_TIM_PWM_MspInit  stm32f4xx_hal_tim.o
    0x080033c0   0x00000002   Code   RO         1487    i.HAL_TIM_PWM_PulseFinishedCallback  stm32f4xx_hal_tim.o
    0x080033c2   0x00000002   PAD
    0x080033c4   0x0000008c   Code   RO         1490    i.HAL_TIM_PWM_Start_IT  stm32f4xx_hal_tim.o
    0x08003450   0x000000c0   Code   RO         1493    i.HAL_TIM_PWM_Stop_IT  stm32f4xx_hal_tim.o
    0x08003510   0x00000058   Code   RO          524    i.HAL_TIM_PeriodElapsedCallback  interrupt.o
    0x08003568   0x00000002   Code   RO         1498    i.HAL_TIM_TriggerCallback  stm32f4xx_hal_tim.o
    0x0800356a   0x00000056   Code   RO          525    i.HAL_TIM_WritePWMValue  interrupt.o
    0x080035c0   0x00000002   Code   RO         3208    i.HAL_UART_ErrorCallback  stm32f4xx_hal_uart.o
    0x080035c2   0x00000002   PAD
    0x080035c4   0x0000014c   Code   RO         3211    i.HAL_UART_IRQHandler  stm32f4xx_hal_uart.o
    0x08003710   0x00000072   Code   RO         3212    i.HAL_UART_Init     stm32f4xx_hal_uart.o
    0x08003782   0x00000002   PAD
    0x08003784   0x000001d8   Code   RO          305    i.HAL_UART_MspInit  stm32f4xx_hal_msp.o
    0x0800395c   0x00000002   Code   RO         3218    i.HAL_UART_RxCpltCallback  stm32f4xx_hal_uart.o
    0x0800395e   0x00000002   Code   RO         3223    i.HAL_UART_TxCpltCallback  stm32f4xx_hal_uart.o
    0x08003960   0x00000004   Code   RO           15    i.HardFault_Handler  stm32f4xx_it.o
    0x08003964   0x00000010   Code   RO           16    i.I2C1_ER_IRQHandler  stm32f4xx_it.o
    0x08003974   0x00000010   Code   RO           17    i.I2C1_EV_IRQHandler  stm32f4xx_it.o
    0x08003984   0x00000010   Code   RO           18    i.I2C3_ER_IRQHandler  stm32f4xx_it.o
    0x08003994   0x00000010   Code   RO           19    i.I2C3_EV_IRQHandler  stm32f4xx_it.o
    0x080039a4   0x00000068   Code   RO         2799    i.I2C_DMAAbort      stm32f4xx_hal_i2c.o
    0x08003a0c   0x00000170   Code   RO         2802    i.I2C_ITError       stm32f4xx_hal_i2c.o
    0x08003b7c   0x000000f8   Code   RO         2804    i.I2C_MasterReceive_BTF  stm32f4xx_hal_i2c.o
    0x08003c74   0x000000e0   Code   RO         2805    i.I2C_MasterReceive_RXNE  stm32f4xx_hal_i2c.o
    0x08003d54   0x000000a0   Code   RO         2808    i.I2C_MasterTransmit_BTF  stm32f4xx_hal_i2c.o
    0x08003df4   0x0000014a   Code   RO         2809    i.I2C_MasterTransmit_TXE  stm32f4xx_hal_i2c.o
    0x08003f3e   0x0000000e   Code   RO         2810    i.I2C_Master_ADD10  stm32f4xx_hal_i2c.o
    0x08003f4c   0x0000022e   Code   RO         2811    i.I2C_Master_ADDR   stm32f4xx_hal_i2c.o
    0x0800417a   0x00000082   Code   RO         2812    i.I2C_Master_SB     stm32f4xx_hal_i2c.o
    0x080041fc   0x0000006c   Code   RO         4223    i.I2C_NoAck         demo_iic_7514.o
    0x08004268   0x0000001e   Code   RO         2815    i.I2C_SlaveReceive_BTF  stm32f4xx_hal_i2c.o
    0x08004286   0x00000048   Code   RO         2816    i.I2C_SlaveReceive_RXNE  stm32f4xx_hal_i2c.o
    0x080042ce   0x0000001c   Code   RO         2817    i.I2C_SlaveTransmit_BTF  stm32f4xx_hal_i2c.o
    0x080042ea   0x00000046   Code   RO         2818    i.I2C_SlaveTransmit_TXE  stm32f4xx_hal_i2c.o
    0x08004330   0x00000036   Code   RO         2819    i.I2C_Slave_ADDR    stm32f4xx_hal_i2c.o
    0x08004366   0x00000002   PAD
    0x08004368   0x000000a4   Code   RO         2820    i.I2C_Slave_AF      stm32f4xx_hal_i2c.o
    0x0800440c   0x00000110   Code   RO         2821    i.I2C_Slave_STOPF   stm32f4xx_hal_i2c.o
    0x0800451c   0x0000006c   Code   RO         4224    i.I2C_ack           demo_iic_7514.o
    0x08004588   0x0000006c   Code   RO         4225    i.I2C_receive_1byte  demo_iic_7514.o
    0x080045f4   0x000000d8   Code   RO         4226    i.I2C_send_1byte    demo_iic_7514.o
    0x080046cc   0x00000054   Code   RO         4227    i.I2C_start         demo_iic_7514.o
    0x08004720   0x00000068   Code   RO         4228    i.I2C_stop          demo_iic_7514.o
    0x08004788   0x0000007c   Code   RO          376    i.MX_ADC1_Init      main.o
    0x08004804   0x000000b8   Code   RO          377    i.MX_DMA_Init       main.o
    0x080048bc   0x0000018c   Code   RO          378    i.MX_GPIO_Init      main.o
    0x08004a48   0x00000040   Code   RO          379    i.MX_I2C1_Init      main.o
    0x08004a88   0x0000003c   Code   RO          380    i.MX_I2C3_Init      main.o
    0x08004ac4   0x00000088   Code   RO          381    i.MX_TIM2_Init      main.o
    0x08004b4c   0x00000098   Code   RO          382    i.MX_TIM3_Init      main.o
    0x08004be4   0x0000008c   Code   RO          383    i.MX_TIM5_Init      main.o
    0x08004c70   0x00000038   Code   RO          384    i.MX_USART1_UART_Init  main.o
    0x08004ca8   0x00000038   Code   RO          385    i.MX_USART6_UART_Init  main.o
    0x08004ce0   0x00000004   Code   RO           20    i.MemManage_Handler  stm32f4xx_it.o
    0x08004ce4   0x00000002   Code   RO           21    i.NMI_Handler       stm32f4xx_it.o
    0x08004ce6   0x00000002   PAD
    0x08004ce8   0x00000010   Code   RO         2326    i.NVIC_GetPriorityGrouping  stm32f4xx_hal_cortex.o
    0x08004cf8   0x00000028   Code   RO         2327    i.NVIC_SetPriority  stm32f4xx_hal_cortex.o
    0x08004d20   0x00000002   Code   RO           22    i.PendSV_Handler    stm32f4xx_it.o
    0x08004d22   0x0000005e   Code   RO         4229    i.ReadData          demo_iic_7514.o
    0x08004d80   0x00000002   Code   RO           23    i.SVC_Handler       stm32f4xx_it.o
    0x08004d82   0x0000000c   Code   RO           24    i.SysTick_Handler   stm32f4xx_it.o
    0x08004d8e   0x00000002   PAD
    0x08004d90   0x000000cc   Code   RO          386    i.SystemClock_Config  main.o
    0x08004e5c   0x00000064   Code   RO          624    i.SystemInit        system_stm32f4xx.o
    0x08004ec0   0x00000010   Code   RO           25    i.TIM2_IRQHandler   stm32f4xx_it.o
    0x08004ed0   0x00000010   Code   RO           26    i.TIM3_IRQHandler   stm32f4xx_it.o
    0x08004ee0   0x00000010   Code   RO           27    i.TIM5_IRQHandler   stm32f4xx_it.o
    0x08004ef0   0x000000b0   Code   RO         1499    i.TIM_Base_SetConfig  stm32f4xx_hal_tim.o
    0x08004fa0   0x0000001c   Code   RO         1500    i.TIM_CCxChannelCmd  stm32f4xx_hal_tim.o
    0x08004fbc   0x00000018   Code   RO         1506    i.TIM_ETR_SetConfig  stm32f4xx_hal_tim.o
    0x08004fd4   0x00000014   Code   RO         1507    i.TIM_ITRx_SetConfig  stm32f4xx_hal_tim.o
    0x08004fe8   0x00000064   Code   RO         1508    i.TIM_OC1_SetConfig  stm32f4xx_hal_tim.o
    0x0800504c   0x00000070   Code   RO         1509    i.TIM_OC2_SetConfig  stm32f4xx_hal_tim.o
    0x080050bc   0x0000006c   Code   RO         1510    i.TIM_OC3_SetConfig  stm32f4xx_hal_tim.o
    0x08005128   0x00000058   Code   RO         1511    i.TIM_OC4_SetConfig  stm32f4xx_hal_tim.o
    0x08005180   0x0000002a   Code   RO         1513    i.TIM_TI1_ConfigInputStage  stm32f4xx_hal_tim.o
    0x080051aa   0x0000002c   Code   RO         1515    i.TIM_TI2_ConfigInputStage  stm32f4xx_hal_tim.o
    0x080051d6   0x00000014   Code   RO         3225    i.UART_DMAAbortOnError  stm32f4xx_hal_uart.o
    0x080051ea   0x00000020   Code   RO         3235    i.UART_EndRxTransfer  stm32f4xx_hal_uart.o
    0x0800520a   0x00000020   Code   RO         3236    i.UART_EndTransmit_IT  stm32f4xx_hal_uart.o
    0x0800522a   0x0000009a   Code   RO         3238    i.UART_Receive_IT   stm32f4xx_hal_uart.o
    0x080052c4   0x00000368   Code   RO         3239    i.UART_SetConfig    stm32f4xx_hal_uart.o
    0x0800562c   0x00000068   Code   RO         3240    i.UART_Transmit_IT  stm32f4xx_hal_uart.o
    0x08005694   0x00000010   Code   RO           28    i.USART1_IRQHandler  stm32f4xx_it.o
    0x080056a4   0x00000010   Code   RO           29    i.USART6_IRQHandler  stm32f4xx_it.o
    0x080056b4   0x00000004   Code   RO           30    i.UsageFault_Handler  stm32f4xx_it.o
    0x080056b8   0x00000068   Code   RO         4230    i.WTC7514_init_gpio  demo_iic_7514.o
    0x08005720   0x00000030   Code   RO         4231    i.WTC7514_init_param  demo_iic_7514.o
    0x08005750   0x00000014   Code   RO         4232    i.WTC7514_read_param  demo_iic_7514.o
    0x08005764   0x00000062   Code   RO         4233    i.WriteData         demo_iic_7514.o
    0x080057c6   0x0000000e   Code   RO         4351    i.__scatterload_copy  mc_w.l(handlers.o)
    0x080057d4   0x00000002   Code   RO         4352    i.__scatterload_null  mc_w.l(handlers.o)
    0x080057d6   0x0000000e   Code   RO         4353    i.__scatterload_zeroinit  mc_w.l(handlers.o)
    0x080057e4   0x0000002c   Code   RO          527    i.control_pwm5_width  interrupt.o
    0x08005810   0x00000020   Code   RO          528    i.control_walkingmotor_speed  interrupt.o
    0x08005830   0x0000000e   Code   RO         4234    i.delay             demo_iic_7514.o
    0x0800583e   0x00000002   PAD
    0x08005840   0x00000138   Code   RO          464    i.loop_app          loop_main.o
    0x08005978   0x00000038   Code   RO          387    i.main              main.o
    0x080059b0   0x0000003c   Code   RO          583    i.motor_Start_working  motor.o
    0x080059ec   0x00000030   Code   RO          584    i.motor_Stop_working  motor.o
    0x08005a1c   0x00000030   Code   RO          465    i.servo_turn_left   loop_main.o
    0x08005a4c   0x00000030   Code   RO          466    i.servo_turn_right  loop_main.o
    0x08005a7c   0x00000010   Code   RO          585    i.set_motor_init_param  motor.o
    0x08005a8c   0x00000010   Data   RO         2452    .constdata          stm32f4xx_hal_rcc.o
    0x08005a9c   0x00000008   Data   RO         2558    .constdata          stm32f4xx_hal_dma.o
    0x08005aa4   0x00000020   Data   RO         4349    Region$$Table       anon$$obj.o


    Execution Region RW_IRAM1 (Base: 0x20000000, Size: 0x00000b70, Max: 0x00010000, ABSOLUTE)

    Base Addr    Size         Type   Attr      Idx    E Section Name        Object

    0x20000000   0x00000005   Data   RW          469    .data               loop_main.o
    0x20000005   0x00000003   PAD
    0x20000008   0x00000009   Data   RW          529    .data               interrupt.o
    0x20000011   0x00000003   PAD
    0x20000014   0x00000004   Data   RW          626    .data               system_stm32f4xx.o
    0x20000018   0x00000004   Data   RW          905    .data               stm32f4xx_hal.o
    0x2000001c   0x00000048   Data   RW         3747    .data               left_breaking.o
    0x20000064   0x00000048   Data   RW         3922    .data               right_breaking.o
    0x200000ac   0x00000048   Data   RW         4087    .data               front_breaking.o
    0x200000f4   0x00000002   Data   RW         4235    .data               demo_iic_7514.o
    0x200000f6   0x00000002   PAD
    0x200000f8   0x000004c4   Zero   RW          388    .bss                main.o
    0x200005bc   0x00000190   Zero   RW          468    .bss                loop_main.o
    0x2000074c   0x00000020   Zero   RW          586    .bss                motor.o
    0x2000076c   0x00000004   PAD
    0x20000770   0x00000400   Zero   RW          657    STACK               startup_stm32f401xc.o


==============================================================================

Image component sizes


      Code (inc. data)   RO Data    RW Data    ZI Data      Debug   Object Name

      1106         66          0          2          0       8394   demo_iic_7514.o
       940         36          0         72          0       8403   front_breaking.o
       290         42          0          9          0       4392   interrupt.o
       888         38          0         72          0       8348   left_breaking.o
       408         84          0          5        400       4330   loop_main.o
      1632        124          0          0       1220       8232   main.o
       124         30          0          0         32       2284   motor.o
       892         42          0         72          0       8395   right_breaking.o
        36          8        404          0       1024        796   startup_stm32f401xc.o
       128         20          0          4          0       3783   stm32f4xx_hal.o
      1742         64          0          0          0       8581   stm32f4xx_hal_adc.o
         2          0          0          0          0        989   stm32f4xx_hal_adc_ex.o
       346         22          0          0          0      32026   stm32f4xx_hal_cortex.o
      1296         20          8          0          0       6166   stm32f4xx_hal_dma.o
       508         36          0          0          0       2995   stm32f4xx_hal_gpio.o
      3746         42          0          0          0      21561   stm32f4xx_hal_i2c.o
      1458        124          0          0          0       5096   stm32f4xx_hal_msp.o
      1844         80         16          0          0       5699   stm32f4xx_hal_rcc.o
      2194         56          0          0          0      16557   stm32f4xx_hal_tim.o
       102          0          0          0          0       2310   stm32f4xx_hal_tim_ex.o
      1666         14          0          0          0       7715   stm32f4xx_hal_uart.o
       320        102          0          0          0     444664   stm32f4xx_it.o
       100         18          0          4          0       1131   system_stm32f4xx.o

    ----------------------------------------------------------------------
     21800       1068        460        248       2680     612847   Object Totals
         0          0         32          0          0          0   (incl. Generated)
        32          0          0          8          4          0   (incl. Padding)

    ----------------------------------------------------------------------

      Code (inc. data)   RO Data    RW Data    ZI Data      Debug   Library Member Name

         0          0          0          0          0          0   entry.o
         0          0          0          0          0          0   entry10a.o
         0          0          0          0          0          0   entry11a.o
         8          4          0          0          0          0   entry2.o
         4          0          0          0          0          0   entry5.o
         0          0          0          0          0          0   entry7b.o
         0          0          0          0          0          0   entry8b.o
         8          4          0          0          0          0   entry9a.o
        30          0          0          0          0          0   handlers.o
        36          8          0          0          0         68   init.o
         0          0          0          0          0          0   iusefp.o
        30          0          0          0          0         68   llshl.o
        32          0          0          0          0         68   llushr.o
        56          0          0          0          0         88   d2f.o
       222          0          0          0          0        100   ddiv.o
       186          0          0          0          0        176   depilogue.o
        26          0          0          0          0         76   dfltui.o
       228          0          0          0          0         96   dmul.o
       110          0          0          0          0        168   fepilogue.o

    ----------------------------------------------------------------------
       976         16          0          0          0        908   Library Totals
         0          0          0          0          0          0   (incl. Padding)

    ----------------------------------------------------------------------

      Code (inc. data)   RO Data    RW Data    ZI Data      Debug   Library Name

       148         16          0          0          0        204   mc_w.l
       828          0          0          0          0        704   mf_w.l

    ----------------------------------------------------------------------
       976         16          0          0          0        908   Library Totals

    ----------------------------------------------------------------------

==============================================================================


      Code (inc. data)   RO Data    RW Data    ZI Data      Debug   

     22776       1084        460        248       2680     592795   Grand Totals
     22776       1084        460        248       2680     592795   ELF Image Totals
     22776       1084        460        248          0          0   ROM Totals

==============================================================================

    Total RO  Size (Code + RO Data)                23236 (  22.69kB)
    Total RW  Size (RW Data + ZI Data)              2928 (   2.86kB)
    Total ROM Size (Code + RO Data + RW Data)      23484 (  22.93kB)

==============================================================================

