<!doctype html public "-//w3c//dtd html 4.0 transitional//en">
<html><head>
<title>Static Call Graph - [servo_control_system\servo_control_system.axf]</title></head>
<body><HR>
<H1>Static Call Graph for image servo_control_system\servo_control_system.axf</H1><HR>
<BR><P>#&#060CALLGRAPH&#062# ARM Linker, 5060020: Last Updated: Fri Jul 07 19:25:34 2017
<BR><P>
<H3>Maximum Stack Usage =        160 bytes + Unknown(Cycles, Untraceable Function Pointers)</H3><H3>
Call chain for Maximum Stack Depth:</H3>
main &rArr; SystemClock_Config &rArr; HAL_RCC_ClockConfig &rArr; HAL_InitTick &rArr; HAL_NVIC_SetPriority &rArr; NVIC_SetPriority
<P>
<H3>
Mutually Recursive functions
</H3> <LI><a href="#[17]">DMA1_Stream2_IRQHandler</a>&nbsp;&nbsp;&nbsp;&rArr;&nbsp;&nbsp;&nbsp;<a href="#[17]">DMA1_Stream2_IRQHandler</a><BR>
</UL>
<P>
<H3>
Function Pointers
</H3><UL>
 <LI><a href="#[45]">ADC_DMAConvCplt</a> from stm32f4xx_hal_adc.o(i.ADC_DMAConvCplt) referenced from stm32f4xx_hal_adc.o(i.HAL_ADC_Start_DMA)
 <LI><a href="#[47]">ADC_DMAError</a> from stm32f4xx_hal_adc.o(i.ADC_DMAError) referenced from stm32f4xx_hal_adc.o(i.HAL_ADC_Start_DMA)
 <LI><a href="#[46]">ADC_DMAHalfConvCplt</a> from stm32f4xx_hal_adc.o(i.ADC_DMAHalfConvCplt) referenced from stm32f4xx_hal_adc.o(i.HAL_ADC_Start_DMA)
 <LI><a href="#[1c]">ADC_IRQHandler</a> from stm32f4xx_it.o(i.ADC_IRQHandler) referenced from startup_stm32f401xc.o(RESET)
 <LI><a href="#[4]">BusFault_Handler</a> from stm32f4xx_it.o(i.BusFault_Handler) referenced from startup_stm32f401xc.o(RESET)
 <LI><a href="#[15]">DMA1_Stream0_IRQHandler</a> from stm32f4xx_it.o(i.DMA1_Stream0_IRQHandler) referenced from startup_stm32f401xc.o(RESET)
 <LI><a href="#[16]">DMA1_Stream1_IRQHandler</a> from stm32f4xx_it.o(i.DMA1_Stream1_IRQHandler) referenced from startup_stm32f401xc.o(RESET)
 <LI><a href="#[17]">DMA1_Stream2_IRQHandler</a> from startup_stm32f401xc.o(.text) referenced from startup_stm32f401xc.o(RESET)
 <LI><a href="#[18]">DMA1_Stream3_IRQHandler</a> from startup_stm32f401xc.o(.text) referenced from startup_stm32f401xc.o(RESET)
 <LI><a href="#[19]">DMA1_Stream4_IRQHandler</a> from startup_stm32f401xc.o(.text) referenced from startup_stm32f401xc.o(RESET)
 <LI><a href="#[1a]">DMA1_Stream5_IRQHandler</a> from startup_stm32f401xc.o(.text) referenced from startup_stm32f401xc.o(RESET)
 <LI><a href="#[1b]">DMA1_Stream6_IRQHandler</a> from startup_stm32f401xc.o(.text) referenced from startup_stm32f401xc.o(RESET)
 <LI><a href="#[30]">DMA1_Stream7_IRQHandler</a> from startup_stm32f401xc.o(.text) referenced from startup_stm32f401xc.o(RESET)
 <LI><a href="#[34]">DMA2_Stream0_IRQHandler</a> from stm32f4xx_it.o(i.DMA2_Stream0_IRQHandler) referenced from startup_stm32f401xc.o(RESET)
 <LI><a href="#[35]">DMA2_Stream1_IRQHandler</a> from stm32f4xx_it.o(i.DMA2_Stream1_IRQHandler) referenced from startup_stm32f401xc.o(RESET)
 <LI><a href="#[36]">DMA2_Stream2_IRQHandler</a> from stm32f4xx_it.o(i.DMA2_Stream2_IRQHandler) referenced from startup_stm32f401xc.o(RESET)
 <LI><a href="#[37]">DMA2_Stream3_IRQHandler</a> from startup_stm32f401xc.o(.text) referenced from startup_stm32f401xc.o(RESET)
 <LI><a href="#[38]">DMA2_Stream4_IRQHandler</a> from startup_stm32f401xc.o(.text) referenced from startup_stm32f401xc.o(RESET)
 <LI><a href="#[3a]">DMA2_Stream5_IRQHandler</a> from startup_stm32f401xc.o(.text) referenced from startup_stm32f401xc.o(RESET)
 <LI><a href="#[3b]">DMA2_Stream6_IRQHandler</a> from stm32f4xx_it.o(i.DMA2_Stream6_IRQHandler) referenced from startup_stm32f401xc.o(RESET)
 <LI><a href="#[3c]">DMA2_Stream7_IRQHandler</a> from stm32f4xx_it.o(i.DMA2_Stream7_IRQHandler) referenced from startup_stm32f401xc.o(RESET)
 <LI><a href="#[7]">DebugMon_Handler</a> from stm32f4xx_it.o(i.DebugMon_Handler) referenced from startup_stm32f401xc.o(RESET)
 <LI><a href="#[10]">EXTI0_IRQHandler</a> from startup_stm32f401xc.o(.text) referenced from startup_stm32f401xc.o(RESET)
 <LI><a href="#[2d]">EXTI15_10_IRQHandler</a> from startup_stm32f401xc.o(.text) referenced from startup_stm32f401xc.o(RESET)
 <LI><a href="#[11]">EXTI1_IRQHandler</a> from startup_stm32f401xc.o(.text) referenced from startup_stm32f401xc.o(RESET)
 <LI><a href="#[12]">EXTI2_IRQHandler</a> from startup_stm32f401xc.o(.text) referenced from startup_stm32f401xc.o(RESET)
 <LI><a href="#[13]">EXTI3_IRQHandler</a> from startup_stm32f401xc.o(.text) referenced from startup_stm32f401xc.o(RESET)
 <LI><a href="#[14]">EXTI4_IRQHandler</a> from startup_stm32f401xc.o(.text) referenced from startup_stm32f401xc.o(RESET)
 <LI><a href="#[1d]">EXTI9_5_IRQHandler</a> from stm32f4xx_it.o(i.EXTI9_5_IRQHandler) referenced from startup_stm32f401xc.o(RESET)
 <LI><a href="#[e]">FLASH_IRQHandler</a> from startup_stm32f401xc.o(.text) referenced from startup_stm32f401xc.o(RESET)
 <LI><a href="#[40]">FPU_IRQHandler</a> from startup_stm32f401xc.o(.text) referenced from startup_stm32f401xc.o(RESET)
 <LI><a href="#[2]">HardFault_Handler</a> from stm32f4xx_it.o(i.HardFault_Handler) referenced from startup_stm32f401xc.o(RESET)
 <LI><a href="#[26]">I2C1_ER_IRQHandler</a> from stm32f4xx_it.o(i.I2C1_ER_IRQHandler) referenced from startup_stm32f401xc.o(RESET)
 <LI><a href="#[25]">I2C1_EV_IRQHandler</a> from stm32f4xx_it.o(i.I2C1_EV_IRQHandler) referenced from startup_stm32f401xc.o(RESET)
 <LI><a href="#[28]">I2C2_ER_IRQHandler</a> from startup_stm32f401xc.o(.text) referenced from startup_stm32f401xc.o(RESET)
 <LI><a href="#[27]">I2C2_EV_IRQHandler</a> from startup_stm32f401xc.o(.text) referenced from startup_stm32f401xc.o(RESET)
 <LI><a href="#[3f]">I2C3_ER_IRQHandler</a> from stm32f4xx_it.o(i.I2C3_ER_IRQHandler) referenced from startup_stm32f401xc.o(RESET)
 <LI><a href="#[3e]">I2C3_EV_IRQHandler</a> from stm32f4xx_it.o(i.I2C3_EV_IRQHandler) referenced from startup_stm32f401xc.o(RESET)
 <LI><a href="#[49]">I2C_DMAAbort</a> from stm32f4xx_hal_i2c.o(i.I2C_DMAAbort) referenced from stm32f4xx_hal_i2c.o(i.I2C_ITError)
 <LI><a href="#[3]">MemManage_Handler</a> from stm32f4xx_it.o(i.MemManage_Handler) referenced from startup_stm32f401xc.o(RESET)
 <LI><a href="#[1]">NMI_Handler</a> from stm32f4xx_it.o(i.NMI_Handler) referenced from startup_stm32f401xc.o(RESET)
 <LI><a href="#[39]">OTG_FS_IRQHandler</a> from startup_stm32f401xc.o(.text) referenced from startup_stm32f401xc.o(RESET)
 <LI><a href="#[2f]">OTG_FS_WKUP_IRQHandler</a> from startup_stm32f401xc.o(.text) referenced from startup_stm32f401xc.o(RESET)
 <LI><a href="#[b]">PVD_IRQHandler</a> from startup_stm32f401xc.o(.text) referenced from startup_stm32f401xc.o(RESET)
 <LI><a href="#[8]">PendSV_Handler</a> from stm32f4xx_it.o(i.PendSV_Handler) referenced from startup_stm32f401xc.o(RESET)
 <LI><a href="#[f]">RCC_IRQHandler</a> from startup_stm32f401xc.o(.text) referenced from startup_stm32f401xc.o(RESET)
 <LI><a href="#[2e]">RTC_Alarm_IRQHandler</a> from startup_stm32f401xc.o(.text) referenced from startup_stm32f401xc.o(RESET)
 <LI><a href="#[d]">RTC_WKUP_IRQHandler</a> from startup_stm32f401xc.o(.text) referenced from startup_stm32f401xc.o(RESET)
 <LI><a href="#[0]">Reset_Handler</a> from startup_stm32f401xc.o(.text) referenced from startup_stm32f401xc.o(RESET)
 <LI><a href="#[31]">SDIO_IRQHandler</a> from startup_stm32f401xc.o(.text) referenced from startup_stm32f401xc.o(RESET)
 <LI><a href="#[29]">SPI1_IRQHandler</a> from startup_stm32f401xc.o(.text) referenced from startup_stm32f401xc.o(RESET)
 <LI><a href="#[2a]">SPI2_IRQHandler</a> from startup_stm32f401xc.o(.text) referenced from startup_stm32f401xc.o(RESET)
 <LI><a href="#[33]">SPI3_IRQHandler</a> from startup_stm32f401xc.o(.text) referenced from startup_stm32f401xc.o(RESET)
 <LI><a href="#[41]">SPI4_IRQHandler</a> from startup_stm32f401xc.o(.text) referenced from startup_stm32f401xc.o(RESET)
 <LI><a href="#[6]">SVC_Handler</a> from stm32f4xx_it.o(i.SVC_Handler) referenced from startup_stm32f401xc.o(RESET)
 <LI><a href="#[9]">SysTick_Handler</a> from stm32f4xx_it.o(i.SysTick_Handler) referenced from startup_stm32f401xc.o(RESET)
 <LI><a href="#[43]">SystemInit</a> from system_stm32f4xx.o(i.SystemInit) referenced from startup_stm32f401xc.o(.text)
 <LI><a href="#[c]">TAMP_STAMP_IRQHandler</a> from startup_stm32f401xc.o(.text) referenced from startup_stm32f401xc.o(RESET)
 <LI><a href="#[1e]">TIM1_BRK_TIM9_IRQHandler</a> from startup_stm32f401xc.o(.text) referenced from startup_stm32f401xc.o(RESET)
 <LI><a href="#[21]">TIM1_CC_IRQHandler</a> from startup_stm32f401xc.o(.text) referenced from startup_stm32f401xc.o(RESET)
 <LI><a href="#[20]">TIM1_TRG_COM_TIM11_IRQHandler</a> from startup_stm32f401xc.o(.text) referenced from startup_stm32f401xc.o(RESET)
 <LI><a href="#[1f]">TIM1_UP_TIM10_IRQHandler</a> from startup_stm32f401xc.o(.text) referenced from startup_stm32f401xc.o(RESET)
 <LI><a href="#[22]">TIM2_IRQHandler</a> from stm32f4xx_it.o(i.TIM2_IRQHandler) referenced from startup_stm32f401xc.o(RESET)
 <LI><a href="#[23]">TIM3_IRQHandler</a> from stm32f4xx_it.o(i.TIM3_IRQHandler) referenced from startup_stm32f401xc.o(RESET)
 <LI><a href="#[24]">TIM4_IRQHandler</a> from startup_stm32f401xc.o(.text) referenced from startup_stm32f401xc.o(RESET)
 <LI><a href="#[32]">TIM5_IRQHandler</a> from stm32f4xx_it.o(i.TIM5_IRQHandler) referenced from startup_stm32f401xc.o(RESET)
 <LI><a href="#[48]">UART_DMAAbortOnError</a> from stm32f4xx_hal_uart.o(i.UART_DMAAbortOnError) referenced from stm32f4xx_hal_uart.o(i.HAL_UART_IRQHandler)
 <LI><a href="#[2b]">USART1_IRQHandler</a> from stm32f4xx_it.o(i.USART1_IRQHandler) referenced from startup_stm32f401xc.o(RESET)
 <LI><a href="#[2c]">USART2_IRQHandler</a> from startup_stm32f401xc.o(.text) referenced from startup_stm32f401xc.o(RESET)
 <LI><a href="#[3d]">USART6_IRQHandler</a> from stm32f4xx_it.o(i.USART6_IRQHandler) referenced from startup_stm32f401xc.o(RESET)
 <LI><a href="#[5]">UsageFault_Handler</a> from stm32f4xx_it.o(i.UsageFault_Handler) referenced from startup_stm32f401xc.o(RESET)
 <LI><a href="#[a]">WWDG_IRQHandler</a> from startup_stm32f401xc.o(.text) referenced from startup_stm32f401xc.o(RESET)
 <LI><a href="#[44]">__main</a> from entry.o(.ARM.Collect$$$$00000000) referenced from startup_stm32f401xc.o(.text)
 <LI><a href="#[42]">main</a> from main.o(i.main) referenced from entry9a.o(.ARM.Collect$$$$0000000B)
</UL>
<P>
<H3>
Global Symbols
</H3>
<P><STRONG><a name="[44]"></a>__main</STRONG> (Thumb, 0 bytes, Stack size unknown bytes, entry.o(.ARM.Collect$$$$00000000))
<BR>[Address Reference Count : 1]<UL><LI> startup_stm32f401xc.o(.text)
</UL>
<P><STRONG><a name="[109]"></a>_main_stk</STRONG> (Thumb, 0 bytes, Stack size unknown bytes, entry2.o(.ARM.Collect$$$$00000001))

<P><STRONG><a name="[4a]"></a>_main_scatterload</STRONG> (Thumb, 0 bytes, Stack size unknown bytes, entry5.o(.ARM.Collect$$$$00000004))
<BR><BR>[Calls]<UL><LI><a href="#[4b]">&gt;&gt;</a>&nbsp;&nbsp;&nbsp;__scatterload
</UL>

<P><STRONG><a name="[53]"></a>__main_after_scatterload</STRONG> (Thumb, 0 bytes, Stack size unknown bytes, entry5.o(.ARM.Collect$$$$00000004))
<BR><BR>[Called By]<UL><LI><a href="#[4b]">&gt;&gt;</a>&nbsp;&nbsp;&nbsp;__scatterload
</UL>

<P><STRONG><a name="[10a]"></a>_main_clock</STRONG> (Thumb, 0 bytes, Stack size unknown bytes, entry7b.o(.ARM.Collect$$$$00000008))

<P><STRONG><a name="[10b]"></a>_main_cpp_init</STRONG> (Thumb, 0 bytes, Stack size unknown bytes, entry8b.o(.ARM.Collect$$$$0000000A))

<P><STRONG><a name="[10c]"></a>_main_init</STRONG> (Thumb, 0 bytes, Stack size unknown bytes, entry9a.o(.ARM.Collect$$$$0000000B))

<P><STRONG><a name="[10d]"></a>__rt_final_cpp</STRONG> (Thumb, 0 bytes, Stack size unknown bytes, entry10a.o(.ARM.Collect$$$$0000000D))

<P><STRONG><a name="[10e]"></a>__rt_final_exit</STRONG> (Thumb, 0 bytes, Stack size unknown bytes, entry11a.o(.ARM.Collect$$$$0000000F))

<P><STRONG><a name="[0]"></a>Reset_Handler</STRONG> (Thumb, 8 bytes, Stack size 0 bytes, startup_stm32f401xc.o(.text))
<BR>[Address Reference Count : 1]<UL><LI> startup_stm32f401xc.o(RESET)
</UL>
<P><STRONG><a name="[17]"></a>DMA1_Stream2_IRQHandler</STRONG> (Thumb, 0 bytes, Stack size 0 bytes, startup_stm32f401xc.o(.text))
<BR><BR>[Calls]<UL><LI><a href="#[17]">&gt;&gt;</a>&nbsp;&nbsp;&nbsp;DMA1_Stream2_IRQHandler
</UL>
<BR>[Called By]<UL><LI><a href="#[17]">&gt;&gt;</a>&nbsp;&nbsp;&nbsp;DMA1_Stream2_IRQHandler
</UL>
<BR>[Address Reference Count : 1]<UL><LI> startup_stm32f401xc.o(RESET)
</UL>
<P><STRONG><a name="[18]"></a>DMA1_Stream3_IRQHandler</STRONG> (Thumb, 0 bytes, Stack size 0 bytes, startup_stm32f401xc.o(.text))
<BR>[Address Reference Count : 1]<UL><LI> startup_stm32f401xc.o(RESET)
</UL>
<P><STRONG><a name="[19]"></a>DMA1_Stream4_IRQHandler</STRONG> (Thumb, 0 bytes, Stack size 0 bytes, startup_stm32f401xc.o(.text))
<BR>[Address Reference Count : 1]<UL><LI> startup_stm32f401xc.o(RESET)
</UL>
<P><STRONG><a name="[1a]"></a>DMA1_Stream5_IRQHandler</STRONG> (Thumb, 0 bytes, Stack size 0 bytes, startup_stm32f401xc.o(.text))
<BR>[Address Reference Count : 1]<UL><LI> startup_stm32f401xc.o(RESET)
</UL>
<P><STRONG><a name="[1b]"></a>DMA1_Stream6_IRQHandler</STRONG> (Thumb, 0 bytes, Stack size 0 bytes, startup_stm32f401xc.o(.text))
<BR>[Address Reference Count : 1]<UL><LI> startup_stm32f401xc.o(RESET)
</UL>
<P><STRONG><a name="[30]"></a>DMA1_Stream7_IRQHandler</STRONG> (Thumb, 0 bytes, Stack size 0 bytes, startup_stm32f401xc.o(.text))
<BR>[Address Reference Count : 1]<UL><LI> startup_stm32f401xc.o(RESET)
</UL>
<P><STRONG><a name="[37]"></a>DMA2_Stream3_IRQHandler</STRONG> (Thumb, 0 bytes, Stack size 0 bytes, startup_stm32f401xc.o(.text))
<BR>[Address Reference Count : 1]<UL><LI> startup_stm32f401xc.o(RESET)
</UL>
<P><STRONG><a name="[38]"></a>DMA2_Stream4_IRQHandler</STRONG> (Thumb, 0 bytes, Stack size 0 bytes, startup_stm32f401xc.o(.text))
<BR>[Address Reference Count : 1]<UL><LI> startup_stm32f401xc.o(RESET)
</UL>
<P><STRONG><a name="[3a]"></a>DMA2_Stream5_IRQHandler</STRONG> (Thumb, 0 bytes, Stack size 0 bytes, startup_stm32f401xc.o(.text))
<BR>[Address Reference Count : 1]<UL><LI> startup_stm32f401xc.o(RESET)
</UL>
<P><STRONG><a name="[10]"></a>EXTI0_IRQHandler</STRONG> (Thumb, 0 bytes, Stack size 0 bytes, startup_stm32f401xc.o(.text))
<BR>[Address Reference Count : 1]<UL><LI> startup_stm32f401xc.o(RESET)
</UL>
<P><STRONG><a name="[2d]"></a>EXTI15_10_IRQHandler</STRONG> (Thumb, 0 bytes, Stack size 0 bytes, startup_stm32f401xc.o(.text))
<BR>[Address Reference Count : 1]<UL><LI> startup_stm32f401xc.o(RESET)
</UL>
<P><STRONG><a name="[11]"></a>EXTI1_IRQHandler</STRONG> (Thumb, 0 bytes, Stack size 0 bytes, startup_stm32f401xc.o(.text))
<BR>[Address Reference Count : 1]<UL><LI> startup_stm32f401xc.o(RESET)
</UL>
<P><STRONG><a name="[12]"></a>EXTI2_IRQHandler</STRONG> (Thumb, 0 bytes, Stack size 0 bytes, startup_stm32f401xc.o(.text))
<BR>[Address Reference Count : 1]<UL><LI> startup_stm32f401xc.o(RESET)
</UL>
<P><STRONG><a name="[13]"></a>EXTI3_IRQHandler</STRONG> (Thumb, 0 bytes, Stack size 0 bytes, startup_stm32f401xc.o(.text))
<BR>[Address Reference Count : 1]<UL><LI> startup_stm32f401xc.o(RESET)
</UL>
<P><STRONG><a name="[14]"></a>EXTI4_IRQHandler</STRONG> (Thumb, 0 bytes, Stack size 0 bytes, startup_stm32f401xc.o(.text))
<BR>[Address Reference Count : 1]<UL><LI> startup_stm32f401xc.o(RESET)
</UL>
<P><STRONG><a name="[e]"></a>FLASH_IRQHandler</STRONG> (Thumb, 0 bytes, Stack size 0 bytes, startup_stm32f401xc.o(.text))
<BR>[Address Reference Count : 1]<UL><LI> startup_stm32f401xc.o(RESET)
</UL>
<P><STRONG><a name="[40]"></a>FPU_IRQHandler</STRONG> (Thumb, 0 bytes, Stack size 0 bytes, startup_stm32f401xc.o(.text))
<BR>[Address Reference Count : 1]<UL><LI> startup_stm32f401xc.o(RESET)
</UL>
<P><STRONG><a name="[28]"></a>I2C2_ER_IRQHandler</STRONG> (Thumb, 0 bytes, Stack size 0 bytes, startup_stm32f401xc.o(.text))
<BR>[Address Reference Count : 1]<UL><LI> startup_stm32f401xc.o(RESET)
</UL>
<P><STRONG><a name="[27]"></a>I2C2_EV_IRQHandler</STRONG> (Thumb, 0 bytes, Stack size 0 bytes, startup_stm32f401xc.o(.text))
<BR>[Address Reference Count : 1]<UL><LI> startup_stm32f401xc.o(RESET)
</UL>
<P><STRONG><a name="[39]"></a>OTG_FS_IRQHandler</STRONG> (Thumb, 0 bytes, Stack size 0 bytes, startup_stm32f401xc.o(.text))
<BR>[Address Reference Count : 1]<UL><LI> startup_stm32f401xc.o(RESET)
</UL>
<P><STRONG><a name="[2f]"></a>OTG_FS_WKUP_IRQHandler</STRONG> (Thumb, 0 bytes, Stack size 0 bytes, startup_stm32f401xc.o(.text))
<BR>[Address Reference Count : 1]<UL><LI> startup_stm32f401xc.o(RESET)
</UL>
<P><STRONG><a name="[b]"></a>PVD_IRQHandler</STRONG> (Thumb, 0 bytes, Stack size 0 bytes, startup_stm32f401xc.o(.text))
<BR>[Address Reference Count : 1]<UL><LI> startup_stm32f401xc.o(RESET)
</UL>
<P><STRONG><a name="[f]"></a>RCC_IRQHandler</STRONG> (Thumb, 0 bytes, Stack size 0 bytes, startup_stm32f401xc.o(.text))
<BR>[Address Reference Count : 1]<UL><LI> startup_stm32f401xc.o(RESET)
</UL>
<P><STRONG><a name="[2e]"></a>RTC_Alarm_IRQHandler</STRONG> (Thumb, 0 bytes, Stack size 0 bytes, startup_stm32f401xc.o(.text))
<BR>[Address Reference Count : 1]<UL><LI> startup_stm32f401xc.o(RESET)
</UL>
<P><STRONG><a name="[d]"></a>RTC_WKUP_IRQHandler</STRONG> (Thumb, 0 bytes, Stack size 0 bytes, startup_stm32f401xc.o(.text))
<BR>[Address Reference Count : 1]<UL><LI> startup_stm32f401xc.o(RESET)
</UL>
<P><STRONG><a name="[31]"></a>SDIO_IRQHandler</STRONG> (Thumb, 0 bytes, Stack size 0 bytes, startup_stm32f401xc.o(.text))
<BR>[Address Reference Count : 1]<UL><LI> startup_stm32f401xc.o(RESET)
</UL>
<P><STRONG><a name="[29]"></a>SPI1_IRQHandler</STRONG> (Thumb, 0 bytes, Stack size 0 bytes, startup_stm32f401xc.o(.text))
<BR>[Address Reference Count : 1]<UL><LI> startup_stm32f401xc.o(RESET)
</UL>
<P><STRONG><a name="[2a]"></a>SPI2_IRQHandler</STRONG> (Thumb, 0 bytes, Stack size 0 bytes, startup_stm32f401xc.o(.text))
<BR>[Address Reference Count : 1]<UL><LI> startup_stm32f401xc.o(RESET)
</UL>
<P><STRONG><a name="[33]"></a>SPI3_IRQHandler</STRONG> (Thumb, 0 bytes, Stack size 0 bytes, startup_stm32f401xc.o(.text))
<BR>[Address Reference Count : 1]<UL><LI> startup_stm32f401xc.o(RESET)
</UL>
<P><STRONG><a name="[41]"></a>SPI4_IRQHandler</STRONG> (Thumb, 0 bytes, Stack size 0 bytes, startup_stm32f401xc.o(.text))
<BR>[Address Reference Count : 1]<UL><LI> startup_stm32f401xc.o(RESET)
</UL>
<P><STRONG><a name="[c]"></a>TAMP_STAMP_IRQHandler</STRONG> (Thumb, 0 bytes, Stack size 0 bytes, startup_stm32f401xc.o(.text))
<BR>[Address Reference Count : 1]<UL><LI> startup_stm32f401xc.o(RESET)
</UL>
<P><STRONG><a name="[1e]"></a>TIM1_BRK_TIM9_IRQHandler</STRONG> (Thumb, 0 bytes, Stack size 0 bytes, startup_stm32f401xc.o(.text))
<BR>[Address Reference Count : 1]<UL><LI> startup_stm32f401xc.o(RESET)
</UL>
<P><STRONG><a name="[21]"></a>TIM1_CC_IRQHandler</STRONG> (Thumb, 0 bytes, Stack size 0 bytes, startup_stm32f401xc.o(.text))
<BR>[Address Reference Count : 1]<UL><LI> startup_stm32f401xc.o(RESET)
</UL>
<P><STRONG><a name="[20]"></a>TIM1_TRG_COM_TIM11_IRQHandler</STRONG> (Thumb, 0 bytes, Stack size 0 bytes, startup_stm32f401xc.o(.text))
<BR>[Address Reference Count : 1]<UL><LI> startup_stm32f401xc.o(RESET)
</UL>
<P><STRONG><a name="[1f]"></a>TIM1_UP_TIM10_IRQHandler</STRONG> (Thumb, 0 bytes, Stack size 0 bytes, startup_stm32f401xc.o(.text))
<BR>[Address Reference Count : 1]<UL><LI> startup_stm32f401xc.o(RESET)
</UL>
<P><STRONG><a name="[24]"></a>TIM4_IRQHandler</STRONG> (Thumb, 0 bytes, Stack size 0 bytes, startup_stm32f401xc.o(.text))
<BR>[Address Reference Count : 1]<UL><LI> startup_stm32f401xc.o(RESET)
</UL>
<P><STRONG><a name="[2c]"></a>USART2_IRQHandler</STRONG> (Thumb, 0 bytes, Stack size 0 bytes, startup_stm32f401xc.o(.text))
<BR>[Address Reference Count : 1]<UL><LI> startup_stm32f401xc.o(RESET)
</UL>
<P><STRONG><a name="[a]"></a>WWDG_IRQHandler</STRONG> (Thumb, 0 bytes, Stack size 0 bytes, startup_stm32f401xc.o(.text))
<BR>[Address Reference Count : 1]<UL><LI> startup_stm32f401xc.o(RESET)
</UL>
<P><STRONG><a name="[4c]"></a>__aeabi_dmul</STRONG> (Thumb, 228 bytes, Stack size 48 bytes, dmul.o(.text))
<BR><BR>[Stack]<UL><LI>Max Depth = 88<LI>Call Chain = __aeabi_dmul &rArr; _double_epilogue &rArr; _double_round
</UL>
<BR>[Calls]<UL><LI><a href="#[4d]">&gt;&gt;</a>&nbsp;&nbsp;&nbsp;_double_epilogue
</UL>
<BR>[Called By]<UL><LI><a href="#[101]">&gt;&gt;</a>&nbsp;&nbsp;&nbsp;loop_app
</UL>

<P><STRONG><a name="[4e]"></a>__aeabi_ddiv</STRONG> (Thumb, 222 bytes, Stack size 32 bytes, ddiv.o(.text))
<BR><BR>[Stack]<UL><LI>Max Depth = 40<LI>Call Chain = __aeabi_ddiv &rArr; _double_round
</UL>
<BR>[Calls]<UL><LI><a href="#[4f]">&gt;&gt;</a>&nbsp;&nbsp;&nbsp;_double_round
</UL>
<BR>[Called By]<UL><LI><a href="#[101]">&gt;&gt;</a>&nbsp;&nbsp;&nbsp;loop_app
</UL>

<P><STRONG><a name="[50]"></a>__aeabi_ui2d</STRONG> (Thumb, 26 bytes, Stack size 16 bytes, dfltui.o(.text))
<BR><BR>[Stack]<UL><LI>Max Depth = 56<LI>Call Chain = __aeabi_ui2d &rArr; _double_epilogue &rArr; _double_round
</UL>
<BR>[Calls]<UL><LI><a href="#[4d]">&gt;&gt;</a>&nbsp;&nbsp;&nbsp;_double_epilogue
</UL>
<BR>[Called By]<UL><LI><a href="#[101]">&gt;&gt;</a>&nbsp;&nbsp;&nbsp;loop_app
</UL>

<P><STRONG><a name="[108]"></a>__aeabi_d2f</STRONG> (Thumb, 56 bytes, Stack size 8 bytes, d2f.o(.text))
<BR><BR>[Stack]<UL><LI>Max Depth = 8<LI>Call Chain = __aeabi_d2f
</UL>
<BR>[Called By]<UL><LI><a href="#[101]">&gt;&gt;</a>&nbsp;&nbsp;&nbsp;loop_app
</UL>

<P><STRONG><a name="[10f]"></a>__I$use$fp</STRONG> (Thumb, 0 bytes, Stack size 0 bytes, iusefp.o(.text), UNUSED)

<P><STRONG><a name="[110]"></a>_float_round</STRONG> (Thumb, 18 bytes, Stack size 0 bytes, fepilogue.o(.text), UNUSED)

<P><STRONG><a name="[111]"></a>_float_epilogue</STRONG> (Thumb, 92 bytes, Stack size 4 bytes, fepilogue.o(.text), UNUSED)

<P><STRONG><a name="[4f]"></a>_double_round</STRONG> (Thumb, 30 bytes, Stack size 8 bytes, depilogue.o(.text))
<BR><BR>[Stack]<UL><LI>Max Depth = 8<LI>Call Chain = _double_round
</UL>
<BR>[Called By]<UL><LI><a href="#[4e]">&gt;&gt;</a>&nbsp;&nbsp;&nbsp;__aeabi_ddiv
<LI><a href="#[4d]">&gt;&gt;</a>&nbsp;&nbsp;&nbsp;_double_epilogue
</UL>

<P><STRONG><a name="[4d]"></a>_double_epilogue</STRONG> (Thumb, 156 bytes, Stack size 32 bytes, depilogue.o(.text))
<BR><BR>[Stack]<UL><LI>Max Depth = 40<LI>Call Chain = _double_epilogue &rArr; _double_round
</UL>
<BR>[Calls]<UL><LI><a href="#[52]">&gt;&gt;</a>&nbsp;&nbsp;&nbsp;__aeabi_llsr
<LI><a href="#[51]">&gt;&gt;</a>&nbsp;&nbsp;&nbsp;__aeabi_llsl
<LI><a href="#[4f]">&gt;&gt;</a>&nbsp;&nbsp;&nbsp;_double_round
</UL>
<BR>[Called By]<UL><LI><a href="#[50]">&gt;&gt;</a>&nbsp;&nbsp;&nbsp;__aeabi_ui2d
<LI><a href="#[4c]">&gt;&gt;</a>&nbsp;&nbsp;&nbsp;__aeabi_dmul
</UL>

<P><STRONG><a name="[4b]"></a>__scatterload</STRONG> (Thumb, 28 bytes, Stack size 0 bytes, init.o(.text))
<BR><BR>[Calls]<UL><LI><a href="#[53]">&gt;&gt;</a>&nbsp;&nbsp;&nbsp;__main_after_scatterload
</UL>
<BR>[Called By]<UL><LI><a href="#[4a]">&gt;&gt;</a>&nbsp;&nbsp;&nbsp;_main_scatterload
</UL>

<P><STRONG><a name="[112]"></a>__scatterload_rt2</STRONG> (Thumb, 0 bytes, Stack size 0 bytes, init.o(.text), UNUSED)

<P><STRONG><a name="[51]"></a>__aeabi_llsl</STRONG> (Thumb, 30 bytes, Stack size 0 bytes, llshl.o(.text))
<BR><BR>[Called By]<UL><LI><a href="#[4d]">&gt;&gt;</a>&nbsp;&nbsp;&nbsp;_double_epilogue
</UL>

<P><STRONG><a name="[113]"></a>_ll_shift_l</STRONG> (Thumb, 0 bytes, Stack size 0 bytes, llshl.o(.text), UNUSED)

<P><STRONG><a name="[52]"></a>__aeabi_llsr</STRONG> (Thumb, 32 bytes, Stack size 0 bytes, llushr.o(.text))
<BR><BR>[Called By]<UL><LI><a href="#[4d]">&gt;&gt;</a>&nbsp;&nbsp;&nbsp;_double_epilogue
</UL>

<P><STRONG><a name="[114]"></a>_ll_ushift_r</STRONG> (Thumb, 0 bytes, Stack size 0 bytes, llushr.o(.text), UNUSED)

<P><STRONG><a name="[1c]"></a>ADC_IRQHandler</STRONG> (Thumb, 10 bytes, Stack size 8 bytes, stm32f4xx_it.o(i.ADC_IRQHandler))
<BR><BR>[Stack]<UL><LI>Max Depth = 24<LI>Call Chain = ADC_IRQHandler &rArr; HAL_ADC_IRQHandler
</UL>
<BR>[Calls]<UL><LI><a href="#[57]">&gt;&gt;</a>&nbsp;&nbsp;&nbsp;HAL_ADC_IRQHandler
</UL>
<BR>[Address Reference Count : 1]<UL><LI> startup_stm32f401xc.o(RESET)
</UL>
<P><STRONG><a name="[65]"></a>AW9106_front_init</STRONG> (Thumb, 160 bytes, Stack size 8 bytes, front_breaking.o(i.AW9106_front_init))
<BR><BR>[Stack]<UL><LI>Max Depth = 72<LI>Call Chain = AW9106_front_init &rArr; AW9106_SoftReset &rArr; AW9106_i2c_write_reg &rArr; AW9106_i2c_write_reg_org &rArr; AW9106_i2c_write_byte
</UL>
<BR>[Calls]<UL><LI><a href="#[64]">&gt;&gt;</a>&nbsp;&nbsp;&nbsp;AW9106_i2c_write_reg
<LI><a href="#[66]">&gt;&gt;</a>&nbsp;&nbsp;&nbsp;AW9106_i2c_initial
<LI><a href="#[63]">&gt;&gt;</a>&nbsp;&nbsp;&nbsp;AW9106_SoftReset
<LI><a href="#[5d]">&gt;&gt;</a>&nbsp;&nbsp;&nbsp;AW9106_Hw_reset
</UL>
<BR>[Called By]<UL><LI><a href="#[101]">&gt;&gt;</a>&nbsp;&nbsp;&nbsp;loop_app
</UL>

<P><STRONG><a name="[67]"></a>AW9106_gpio_front_Init</STRONG> (Thumb, 96 bytes, Stack size 24 bytes, front_breaking.o(i.AW9106_gpio_front_Init))
<BR><BR>[Stack]<UL><LI>Max Depth = 48<LI>Call Chain = AW9106_gpio_front_Init &rArr; HAL_GPIO_Init
</UL>
<BR>[Calls]<UL><LI><a href="#[59]">&gt;&gt;</a>&nbsp;&nbsp;&nbsp;HAL_GPIO_WritePin
<LI><a href="#[68]">&gt;&gt;</a>&nbsp;&nbsp;&nbsp;HAL_GPIO_Init
</UL>
<BR>[Called By]<UL><LI><a href="#[101]">&gt;&gt;</a>&nbsp;&nbsp;&nbsp;loop_app
</UL>

<P><STRONG><a name="[69]"></a>AW9106_gpio_left_Init</STRONG> (Thumb, 90 bytes, Stack size 24 bytes, left_breaking.o(i.AW9106_gpio_left_Init))
<BR><BR>[Stack]<UL><LI>Max Depth = 48<LI>Call Chain = AW9106_gpio_left_Init &rArr; HAL_GPIO_Init
</UL>
<BR>[Calls]<UL><LI><a href="#[59]">&gt;&gt;</a>&nbsp;&nbsp;&nbsp;HAL_GPIO_WritePin
<LI><a href="#[68]">&gt;&gt;</a>&nbsp;&nbsp;&nbsp;HAL_GPIO_Init
</UL>
<BR>[Called By]<UL><LI><a href="#[101]">&gt;&gt;</a>&nbsp;&nbsp;&nbsp;loop_app
</UL>

<P><STRONG><a name="[6a]"></a>AW9106_gpio_right_Init</STRONG> (Thumb, 90 bytes, Stack size 24 bytes, right_breaking.o(i.AW9106_gpio_right_Init))
<BR><BR>[Stack]<UL><LI>Max Depth = 48<LI>Call Chain = AW9106_gpio_right_Init &rArr; HAL_GPIO_Init
</UL>
<BR>[Calls]<UL><LI><a href="#[59]">&gt;&gt;</a>&nbsp;&nbsp;&nbsp;HAL_GPIO_WritePin
<LI><a href="#[68]">&gt;&gt;</a>&nbsp;&nbsp;&nbsp;HAL_GPIO_Init
</UL>
<BR>[Called By]<UL><LI><a href="#[101]">&gt;&gt;</a>&nbsp;&nbsp;&nbsp;loop_app
</UL>

<P><STRONG><a name="[79]"></a>AW9106_left_init</STRONG> (Thumb, 160 bytes, Stack size 8 bytes, left_breaking.o(i.AW9106_left_init))
<BR><BR>[Stack]<UL><LI>Max Depth = 72<LI>Call Chain = AW9106_left_init &rArr; AW9106_SoftReset &rArr; AW9106_i2c_write_reg &rArr; AW9106_i2c_write_reg_org &rArr; AW9106_i2c_write_byte
</UL>
<BR>[Calls]<UL><LI><a href="#[60]">&gt;&gt;</a>&nbsp;&nbsp;&nbsp;AW9106_i2c_write_reg
<LI><a href="#[6b]">&gt;&gt;</a>&nbsp;&nbsp;&nbsp;AW9106_i2c_initial
<LI><a href="#[5f]">&gt;&gt;</a>&nbsp;&nbsp;&nbsp;AW9106_SoftReset
<LI><a href="#[58]">&gt;&gt;</a>&nbsp;&nbsp;&nbsp;AW9106_Hw_reset
</UL>
<BR>[Called By]<UL><LI><a href="#[101]">&gt;&gt;</a>&nbsp;&nbsp;&nbsp;loop_app
</UL>

<P><STRONG><a name="[7a]"></a>AW9106_right_init</STRONG> (Thumb, 160 bytes, Stack size 8 bytes, right_breaking.o(i.AW9106_right_init))
<BR><BR>[Stack]<UL><LI>Max Depth = 72<LI>Call Chain = AW9106_right_init &rArr; AW9106_SoftReset &rArr; AW9106_i2c_write_reg &rArr; AW9106_i2c_write_reg_org &rArr; AW9106_i2c_write_byte
</UL>
<BR>[Calls]<UL><LI><a href="#[62]">&gt;&gt;</a>&nbsp;&nbsp;&nbsp;AW9106_i2c_write_reg
<LI><a href="#[6c]">&gt;&gt;</a>&nbsp;&nbsp;&nbsp;AW9106_i2c_initial
<LI><a href="#[61]">&gt;&gt;</a>&nbsp;&nbsp;&nbsp;AW9106_SoftReset
<LI><a href="#[5b]">&gt;&gt;</a>&nbsp;&nbsp;&nbsp;AW9106_Hw_reset
</UL>
<BR>[Called By]<UL><LI><a href="#[101]">&gt;&gt;</a>&nbsp;&nbsp;&nbsp;loop_app
</UL>

<P><STRONG><a name="[7b]"></a>AW9523_breath_front_loop</STRONG> (Thumb, 150 bytes, Stack size 8 bytes, front_breaking.o(i.AW9523_breath_front_loop))
<BR><BR>[Stack]<UL><LI>Max Depth = 64<LI>Call Chain = AW9523_breath_front_loop &rArr; AW9106_i2c_write_reg &rArr; AW9106_i2c_write_reg_org &rArr; AW9106_i2c_write_byte
</UL>
<BR>[Calls]<UL><LI><a href="#[64]">&gt;&gt;</a>&nbsp;&nbsp;&nbsp;AW9106_i2c_write_reg
</UL>
<BR>[Called By]<UL><LI><a href="#[101]">&gt;&gt;</a>&nbsp;&nbsp;&nbsp;loop_app
</UL>

<P><STRONG><a name="[7c]"></a>AW9523_breath_left_loop</STRONG> (Thumb, 102 bytes, Stack size 8 bytes, left_breaking.o(i.AW9523_breath_left_loop))
<BR><BR>[Stack]<UL><LI>Max Depth = 64<LI>Call Chain = AW9523_breath_left_loop &rArr; AW9106_i2c_write_reg &rArr; AW9106_i2c_write_reg_org &rArr; AW9106_i2c_write_byte
</UL>
<BR>[Calls]<UL><LI><a href="#[60]">&gt;&gt;</a>&nbsp;&nbsp;&nbsp;AW9106_i2c_write_reg
</UL>
<BR>[Called By]<UL><LI><a href="#[101]">&gt;&gt;</a>&nbsp;&nbsp;&nbsp;loop_app
</UL>

<P><STRONG><a name="[7d]"></a>AW9523_breath_right_loop</STRONG> (Thumb, 102 bytes, Stack size 8 bytes, right_breaking.o(i.AW9523_breath_right_loop))
<BR><BR>[Stack]<UL><LI>Max Depth = 64<LI>Call Chain = AW9523_breath_right_loop &rArr; AW9106_i2c_write_reg &rArr; AW9106_i2c_write_reg_org &rArr; AW9106_i2c_write_byte
</UL>
<BR>[Calls]<UL><LI><a href="#[62]">&gt;&gt;</a>&nbsp;&nbsp;&nbsp;AW9106_i2c_write_reg
</UL>
<BR>[Called By]<UL><LI><a href="#[101]">&gt;&gt;</a>&nbsp;&nbsp;&nbsp;loop_app
</UL>

<P><STRONG><a name="[4]"></a>BusFault_Handler</STRONG> (Thumb, 4 bytes, Stack size 0 bytes, stm32f4xx_it.o(i.BusFault_Handler))
<BR>[Address Reference Count : 1]<UL><LI> startup_stm32f401xc.o(RESET)
</UL>
<P><STRONG><a name="[15]"></a>DMA1_Stream0_IRQHandler</STRONG> (Thumb, 10 bytes, Stack size 8 bytes, stm32f4xx_it.o(i.DMA1_Stream0_IRQHandler))
<BR><BR>[Stack]<UL><LI>Max Depth = 32<LI>Call Chain = DMA1_Stream0_IRQHandler &rArr; HAL_DMA_IRQHandler
</UL>
<BR>[Calls]<UL><LI><a href="#[7e]">&gt;&gt;</a>&nbsp;&nbsp;&nbsp;HAL_DMA_IRQHandler
</UL>
<BR>[Address Reference Count : 1]<UL><LI> startup_stm32f401xc.o(RESET)
</UL>
<P><STRONG><a name="[16]"></a>DMA1_Stream1_IRQHandler</STRONG> (Thumb, 10 bytes, Stack size 8 bytes, stm32f4xx_it.o(i.DMA1_Stream1_IRQHandler))
<BR><BR>[Stack]<UL><LI>Max Depth = 32<LI>Call Chain = DMA1_Stream1_IRQHandler &rArr; HAL_DMA_IRQHandler
</UL>
<BR>[Calls]<UL><LI><a href="#[7e]">&gt;&gt;</a>&nbsp;&nbsp;&nbsp;HAL_DMA_IRQHandler
</UL>
<BR>[Address Reference Count : 1]<UL><LI> startup_stm32f401xc.o(RESET)
</UL>
<P><STRONG><a name="[34]"></a>DMA2_Stream0_IRQHandler</STRONG> (Thumb, 10 bytes, Stack size 8 bytes, stm32f4xx_it.o(i.DMA2_Stream0_IRQHandler))
<BR><BR>[Stack]<UL><LI>Max Depth = 32<LI>Call Chain = DMA2_Stream0_IRQHandler &rArr; HAL_DMA_IRQHandler
</UL>
<BR>[Calls]<UL><LI><a href="#[7e]">&gt;&gt;</a>&nbsp;&nbsp;&nbsp;HAL_DMA_IRQHandler
</UL>
<BR>[Address Reference Count : 1]<UL><LI> startup_stm32f401xc.o(RESET)
</UL>
<P><STRONG><a name="[35]"></a>DMA2_Stream1_IRQHandler</STRONG> (Thumb, 10 bytes, Stack size 8 bytes, stm32f4xx_it.o(i.DMA2_Stream1_IRQHandler))
<BR><BR>[Stack]<UL><LI>Max Depth = 32<LI>Call Chain = DMA2_Stream1_IRQHandler &rArr; HAL_DMA_IRQHandler
</UL>
<BR>[Calls]<UL><LI><a href="#[7e]">&gt;&gt;</a>&nbsp;&nbsp;&nbsp;HAL_DMA_IRQHandler
</UL>
<BR>[Address Reference Count : 1]<UL><LI> startup_stm32f401xc.o(RESET)
</UL>
<P><STRONG><a name="[36]"></a>DMA2_Stream2_IRQHandler</STRONG> (Thumb, 10 bytes, Stack size 8 bytes, stm32f4xx_it.o(i.DMA2_Stream2_IRQHandler))
<BR><BR>[Stack]<UL><LI>Max Depth = 32<LI>Call Chain = DMA2_Stream2_IRQHandler &rArr; HAL_DMA_IRQHandler
</UL>
<BR>[Calls]<UL><LI><a href="#[7e]">&gt;&gt;</a>&nbsp;&nbsp;&nbsp;HAL_DMA_IRQHandler
</UL>
<BR>[Address Reference Count : 1]<UL><LI> startup_stm32f401xc.o(RESET)
</UL>
<P><STRONG><a name="[3b]"></a>DMA2_Stream6_IRQHandler</STRONG> (Thumb, 10 bytes, Stack size 8 bytes, stm32f4xx_it.o(i.DMA2_Stream6_IRQHandler))
<BR><BR>[Stack]<UL><LI>Max Depth = 32<LI>Call Chain = DMA2_Stream6_IRQHandler &rArr; HAL_DMA_IRQHandler
</UL>
<BR>[Calls]<UL><LI><a href="#[7e]">&gt;&gt;</a>&nbsp;&nbsp;&nbsp;HAL_DMA_IRQHandler
</UL>
<BR>[Address Reference Count : 1]<UL><LI> startup_stm32f401xc.o(RESET)
</UL>
<P><STRONG><a name="[3c]"></a>DMA2_Stream7_IRQHandler</STRONG> (Thumb, 10 bytes, Stack size 8 bytes, stm32f4xx_it.o(i.DMA2_Stream7_IRQHandler))
<BR><BR>[Stack]<UL><LI>Max Depth = 32<LI>Call Chain = DMA2_Stream7_IRQHandler &rArr; HAL_DMA_IRQHandler
</UL>
<BR>[Calls]<UL><LI><a href="#[7e]">&gt;&gt;</a>&nbsp;&nbsp;&nbsp;HAL_DMA_IRQHandler
</UL>
<BR>[Address Reference Count : 1]<UL><LI> startup_stm32f401xc.o(RESET)
</UL>
<P><STRONG><a name="[7]"></a>DebugMon_Handler</STRONG> (Thumb, 2 bytes, Stack size 0 bytes, stm32f4xx_it.o(i.DebugMon_Handler))
<BR>[Address Reference Count : 1]<UL><LI> startup_stm32f401xc.o(RESET)
</UL>
<P><STRONG><a name="[1d]"></a>EXTI9_5_IRQHandler</STRONG> (Thumb, 12 bytes, Stack size 8 bytes, stm32f4xx_it.o(i.EXTI9_5_IRQHandler))
<BR><BR>[Stack]<UL><LI>Max Depth = 16<LI>Call Chain = EXTI9_5_IRQHandler &rArr; HAL_GPIO_EXTI_IRQHandler
</UL>
<BR>[Calls]<UL><LI><a href="#[7f]">&gt;&gt;</a>&nbsp;&nbsp;&nbsp;HAL_GPIO_EXTI_IRQHandler
</UL>
<BR>[Address Reference Count : 1]<UL><LI> startup_stm32f401xc.o(RESET)
</UL>
<P><STRONG><a name="[86]"></a>Error_Handler</STRONG> (Thumb, 4 bytes, Stack size 0 bytes, main.o(i.Error_Handler))
<BR><BR>[Called By]<UL><LI><a href="#[f8]">&gt;&gt;</a>&nbsp;&nbsp;&nbsp;SystemClock_Config
<LI><a href="#[f5]">&gt;&gt;</a>&nbsp;&nbsp;&nbsp;MX_USART6_UART_Init
<LI><a href="#[f4]">&gt;&gt;</a>&nbsp;&nbsp;&nbsp;MX_USART1_UART_Init
<LI><a href="#[f3]">&gt;&gt;</a>&nbsp;&nbsp;&nbsp;MX_TIM5_Init
<LI><a href="#[f2]">&gt;&gt;</a>&nbsp;&nbsp;&nbsp;MX_TIM3_Init
<LI><a href="#[f0]">&gt;&gt;</a>&nbsp;&nbsp;&nbsp;MX_TIM2_Init
<LI><a href="#[ef]">&gt;&gt;</a>&nbsp;&nbsp;&nbsp;MX_I2C3_Init
<LI><a href="#[ee]">&gt;&gt;</a>&nbsp;&nbsp;&nbsp;MX_I2C1_Init
<LI><a href="#[ea]">&gt;&gt;</a>&nbsp;&nbsp;&nbsp;MX_ADC1_Init
<LI><a href="#[d7]">&gt;&gt;</a>&nbsp;&nbsp;&nbsp;HAL_UART_MspInit
<LI><a href="#[a2]">&gt;&gt;</a>&nbsp;&nbsp;&nbsp;HAL_I2C_MspInit
<LI><a href="#[83]">&gt;&gt;</a>&nbsp;&nbsp;&nbsp;HAL_ADC_MspInit
</UL>

<P><STRONG><a name="[80]"></a>HAL_ADCEx_InjectedConvCpltCallback</STRONG> (Thumb, 2 bytes, Stack size 0 bytes, stm32f4xx_hal_adc_ex.o(i.HAL_ADCEx_InjectedConvCpltCallback))
<BR><BR>[Called By]<UL><LI><a href="#[57]">&gt;&gt;</a>&nbsp;&nbsp;&nbsp;HAL_ADC_IRQHandler
</UL>

<P><STRONG><a name="[eb]"></a>HAL_ADC_ConfigChannel</STRONG> (Thumb, 386 bytes, Stack size 12 bytes, stm32f4xx_hal_adc.o(i.HAL_ADC_ConfigChannel))
<BR><BR>[Stack]<UL><LI>Max Depth = 12<LI>Call Chain = HAL_ADC_ConfigChannel
</UL>
<BR>[Called By]<UL><LI><a href="#[ea]">&gt;&gt;</a>&nbsp;&nbsp;&nbsp;MX_ADC1_Init
</UL>

<P><STRONG><a name="[54]"></a>HAL_ADC_ConvCpltCallback</STRONG> (Thumb, 2 bytes, Stack size 0 bytes, stm32f4xx_hal_adc.o(i.HAL_ADC_ConvCpltCallback))
<BR><BR>[Called By]<UL><LI><a href="#[57]">&gt;&gt;</a>&nbsp;&nbsp;&nbsp;HAL_ADC_IRQHandler
<LI><a href="#[45]">&gt;&gt;</a>&nbsp;&nbsp;&nbsp;ADC_DMAConvCplt
</UL>

<P><STRONG><a name="[56]"></a>HAL_ADC_ConvHalfCpltCallback</STRONG> (Thumb, 2 bytes, Stack size 0 bytes, stm32f4xx_hal_adc.o(i.HAL_ADC_ConvHalfCpltCallback))
<BR><BR>[Called By]<UL><LI><a href="#[46]">&gt;&gt;</a>&nbsp;&nbsp;&nbsp;ADC_DMAHalfConvCplt
</UL>

<P><STRONG><a name="[55]"></a>HAL_ADC_ErrorCallback</STRONG> (Thumb, 2 bytes, Stack size 0 bytes, stm32f4xx_hal_adc.o(i.HAL_ADC_ErrorCallback))
<BR><BR>[Called By]<UL><LI><a href="#[57]">&gt;&gt;</a>&nbsp;&nbsp;&nbsp;HAL_ADC_IRQHandler
<LI><a href="#[47]">&gt;&gt;</a>&nbsp;&nbsp;&nbsp;ADC_DMAError
</UL>

<P><STRONG><a name="[57]"></a>HAL_ADC_IRQHandler</STRONG> (Thumb, 372 bytes, Stack size 16 bytes, stm32f4xx_hal_adc.o(i.HAL_ADC_IRQHandler))
<BR><BR>[Stack]<UL><LI>Max Depth = 16<LI>Call Chain = HAL_ADC_IRQHandler
</UL>
<BR>[Calls]<UL><LI><a href="#[80]">&gt;&gt;</a>&nbsp;&nbsp;&nbsp;HAL_ADCEx_InjectedConvCpltCallback
<LI><a href="#[55]">&gt;&gt;</a>&nbsp;&nbsp;&nbsp;HAL_ADC_ErrorCallback
<LI><a href="#[54]">&gt;&gt;</a>&nbsp;&nbsp;&nbsp;HAL_ADC_ConvCpltCallback
<LI><a href="#[81]">&gt;&gt;</a>&nbsp;&nbsp;&nbsp;HAL_ADC_LevelOutOfWindowCallback
</UL>
<BR>[Called By]<UL><LI><a href="#[1c]">&gt;&gt;</a>&nbsp;&nbsp;&nbsp;ADC_IRQHandler
</UL>

<P><STRONG><a name="[82]"></a>HAL_ADC_Init</STRONG> (Thumb, 100 bytes, Stack size 16 bytes, stm32f4xx_hal_adc.o(i.HAL_ADC_Init))
<BR><BR>[Stack]<UL><LI>Max Depth = 96<LI>Call Chain = HAL_ADC_Init &rArr; HAL_ADC_MspInit &rArr; HAL_NVIC_SetPriority &rArr; NVIC_SetPriority
</UL>
<BR>[Calls]<UL><LI><a href="#[83]">&gt;&gt;</a>&nbsp;&nbsp;&nbsp;HAL_ADC_MspInit
<LI><a href="#[84]">&gt;&gt;</a>&nbsp;&nbsp;&nbsp;ADC_Init
</UL>
<BR>[Called By]<UL><LI><a href="#[ea]">&gt;&gt;</a>&nbsp;&nbsp;&nbsp;MX_ADC1_Init
</UL>

<P><STRONG><a name="[81]"></a>HAL_ADC_LevelOutOfWindowCallback</STRONG> (Thumb, 2 bytes, Stack size 0 bytes, stm32f4xx_hal_adc.o(i.HAL_ADC_LevelOutOfWindowCallback))
<BR><BR>[Called By]<UL><LI><a href="#[57]">&gt;&gt;</a>&nbsp;&nbsp;&nbsp;HAL_ADC_IRQHandler
</UL>

<P><STRONG><a name="[83]"></a>HAL_ADC_MspInit</STRONG> (Thumb, 148 bytes, Stack size 32 bytes, stm32f4xx_hal_msp.o(i.HAL_ADC_MspInit))
<BR><BR>[Stack]<UL><LI>Max Depth = 80<LI>Call Chain = HAL_ADC_MspInit &rArr; HAL_NVIC_SetPriority &rArr; NVIC_SetPriority
</UL>
<BR>[Calls]<UL><LI><a href="#[87]">&gt;&gt;</a>&nbsp;&nbsp;&nbsp;HAL_NVIC_SetPriority
<LI><a href="#[88]">&gt;&gt;</a>&nbsp;&nbsp;&nbsp;HAL_NVIC_EnableIRQ
<LI><a href="#[68]">&gt;&gt;</a>&nbsp;&nbsp;&nbsp;HAL_GPIO_Init
<LI><a href="#[85]">&gt;&gt;</a>&nbsp;&nbsp;&nbsp;HAL_DMA_Init
<LI><a href="#[86]">&gt;&gt;</a>&nbsp;&nbsp;&nbsp;Error_Handler
</UL>
<BR>[Called By]<UL><LI><a href="#[82]">&gt;&gt;</a>&nbsp;&nbsp;&nbsp;HAL_ADC_Init
</UL>

<P><STRONG><a name="[89]"></a>HAL_ADC_Start_DMA</STRONG> (Thumb, 300 bytes, Stack size 24 bytes, stm32f4xx_hal_adc.o(i.HAL_ADC_Start_DMA))
<BR><BR>[Stack]<UL><LI>Max Depth = 68<LI>Call Chain = HAL_ADC_Start_DMA &rArr; HAL_DMA_Start_IT &rArr; DMA_SetConfig
</UL>
<BR>[Calls]<UL><LI><a href="#[8a]">&gt;&gt;</a>&nbsp;&nbsp;&nbsp;HAL_DMA_Start_IT
</UL>
<BR>[Called By]<UL><LI><a href="#[101]">&gt;&gt;</a>&nbsp;&nbsp;&nbsp;loop_app
</UL>

<P><STRONG><a name="[d2]"></a>HAL_DMA_Abort_IT</STRONG> (Thumb, 40 bytes, Stack size 0 bytes, stm32f4xx_hal_dma.o(i.HAL_DMA_Abort_IT))
<BR><BR>[Called By]<UL><LI><a href="#[cf]">&gt;&gt;</a>&nbsp;&nbsp;&nbsp;HAL_UART_IRQHandler
<LI><a href="#[92]">&gt;&gt;</a>&nbsp;&nbsp;&nbsp;I2C_ITError
</UL>

<P><STRONG><a name="[7e]"></a>HAL_DMA_IRQHandler</STRONG> (Thumb, 574 bytes, Stack size 24 bytes, stm32f4xx_hal_dma.o(i.HAL_DMA_IRQHandler))
<BR><BR>[Stack]<UL><LI>Max Depth = 24<LI>Call Chain = HAL_DMA_IRQHandler
</UL>
<BR>[Called By]<UL><LI><a href="#[3c]">&gt;&gt;</a>&nbsp;&nbsp;&nbsp;DMA2_Stream7_IRQHandler
<LI><a href="#[3b]">&gt;&gt;</a>&nbsp;&nbsp;&nbsp;DMA2_Stream6_IRQHandler
<LI><a href="#[36]">&gt;&gt;</a>&nbsp;&nbsp;&nbsp;DMA2_Stream2_IRQHandler
<LI><a href="#[35]">&gt;&gt;</a>&nbsp;&nbsp;&nbsp;DMA2_Stream1_IRQHandler
<LI><a href="#[34]">&gt;&gt;</a>&nbsp;&nbsp;&nbsp;DMA2_Stream0_IRQHandler
<LI><a href="#[16]">&gt;&gt;</a>&nbsp;&nbsp;&nbsp;DMA1_Stream1_IRQHandler
<LI><a href="#[15]">&gt;&gt;</a>&nbsp;&nbsp;&nbsp;DMA1_Stream0_IRQHandler
</UL>

<P><STRONG><a name="[85]"></a>HAL_DMA_Init</STRONG> (Thumb, 228 bytes, Stack size 24 bytes, stm32f4xx_hal_dma.o(i.HAL_DMA_Init))
<BR><BR>[Stack]<UL><LI>Max Depth = 24<LI>Call Chain = HAL_DMA_Init
</UL>
<BR>[Calls]<UL><LI><a href="#[8b]">&gt;&gt;</a>&nbsp;&nbsp;&nbsp;HAL_GetTick
<LI><a href="#[8c]">&gt;&gt;</a>&nbsp;&nbsp;&nbsp;DMA_CheckFifoParam
<LI><a href="#[8d]">&gt;&gt;</a>&nbsp;&nbsp;&nbsp;DMA_CalcBaseAndBitshift
</UL>
<BR>[Called By]<UL><LI><a href="#[d7]">&gt;&gt;</a>&nbsp;&nbsp;&nbsp;HAL_UART_MspInit
<LI><a href="#[a2]">&gt;&gt;</a>&nbsp;&nbsp;&nbsp;HAL_I2C_MspInit
<LI><a href="#[83]">&gt;&gt;</a>&nbsp;&nbsp;&nbsp;HAL_ADC_MspInit
</UL>

<P><STRONG><a name="[8a]"></a>HAL_DMA_Start_IT</STRONG> (Thumb, 158 bytes, Stack size 32 bytes, stm32f4xx_hal_dma.o(i.HAL_DMA_Start_IT))
<BR><BR>[Stack]<UL><LI>Max Depth = 44<LI>Call Chain = HAL_DMA_Start_IT &rArr; DMA_SetConfig
</UL>
<BR>[Calls]<UL><LI><a href="#[8e]">&gt;&gt;</a>&nbsp;&nbsp;&nbsp;DMA_SetConfig
</UL>
<BR>[Called By]<UL><LI><a href="#[89]">&gt;&gt;</a>&nbsp;&nbsp;&nbsp;HAL_ADC_Start_DMA
</UL>

<P><STRONG><a name="[8f]"></a>HAL_GPIO_EXTI_Callback</STRONG> (Thumb, 14 bytes, Stack size 0 bytes, interrupt.o(i.HAL_GPIO_EXTI_Callback))
<BR><BR>[Called By]<UL><LI><a href="#[7f]">&gt;&gt;</a>&nbsp;&nbsp;&nbsp;HAL_GPIO_EXTI_IRQHandler
</UL>

<P><STRONG><a name="[7f]"></a>HAL_GPIO_EXTI_IRQHandler</STRONG> (Thumb, 24 bytes, Stack size 8 bytes, stm32f4xx_hal_gpio.o(i.HAL_GPIO_EXTI_IRQHandler))
<BR><BR>[Stack]<UL><LI>Max Depth = 8<LI>Call Chain = HAL_GPIO_EXTI_IRQHandler
</UL>
<BR>[Calls]<UL><LI><a href="#[8f]">&gt;&gt;</a>&nbsp;&nbsp;&nbsp;HAL_GPIO_EXTI_Callback
</UL>
<BR>[Called By]<UL><LI><a href="#[1d]">&gt;&gt;</a>&nbsp;&nbsp;&nbsp;EXTI9_5_IRQHandler
</UL>

<P><STRONG><a name="[68]"></a>HAL_GPIO_Init</STRONG> (Thumb, 436 bytes, Stack size 24 bytes, stm32f4xx_hal_gpio.o(i.HAL_GPIO_Init))
<BR><BR>[Stack]<UL><LI>Max Depth = 24<LI>Call Chain = HAL_GPIO_Init
</UL>
<BR>[Called By]<UL><LI><a href="#[fc]">&gt;&gt;</a>&nbsp;&nbsp;&nbsp;WTC7514_init_gpio
<LI><a href="#[6a]">&gt;&gt;</a>&nbsp;&nbsp;&nbsp;AW9106_gpio_right_Init
<LI><a href="#[69]">&gt;&gt;</a>&nbsp;&nbsp;&nbsp;AW9106_gpio_left_Init
<LI><a href="#[67]">&gt;&gt;</a>&nbsp;&nbsp;&nbsp;AW9106_gpio_front_Init
<LI><a href="#[ed]">&gt;&gt;</a>&nbsp;&nbsp;&nbsp;MX_GPIO_Init
<LI><a href="#[d7]">&gt;&gt;</a>&nbsp;&nbsp;&nbsp;HAL_UART_MspInit
<LI><a href="#[c2]">&gt;&gt;</a>&nbsp;&nbsp;&nbsp;HAL_TIM_MspPostInit
<LI><a href="#[a2]">&gt;&gt;</a>&nbsp;&nbsp;&nbsp;HAL_I2C_MspInit
<LI><a href="#[83]">&gt;&gt;</a>&nbsp;&nbsp;&nbsp;HAL_ADC_MspInit
</UL>

<P><STRONG><a name="[59]"></a>HAL_GPIO_WritePin</STRONG> (Thumb, 12 bytes, Stack size 0 bytes, stm32f4xx_hal_gpio.o(i.HAL_GPIO_WritePin))
<BR><BR>[Called By]<UL><LI><a href="#[106]">&gt;&gt;</a>&nbsp;&nbsp;&nbsp;motor_Stop_working
<LI><a href="#[107]">&gt;&gt;</a>&nbsp;&nbsp;&nbsp;motor_Start_working
<LI><a href="#[fc]">&gt;&gt;</a>&nbsp;&nbsp;&nbsp;WTC7514_init_gpio
<LI><a href="#[6a]">&gt;&gt;</a>&nbsp;&nbsp;&nbsp;AW9106_gpio_right_Init
<LI><a href="#[69]">&gt;&gt;</a>&nbsp;&nbsp;&nbsp;AW9106_gpio_left_Init
<LI><a href="#[67]">&gt;&gt;</a>&nbsp;&nbsp;&nbsp;AW9106_gpio_front_Init
<LI><a href="#[101]">&gt;&gt;</a>&nbsp;&nbsp;&nbsp;loop_app
<LI><a href="#[ed]">&gt;&gt;</a>&nbsp;&nbsp;&nbsp;MX_GPIO_Init
<LI><a href="#[5b]">&gt;&gt;</a>&nbsp;&nbsp;&nbsp;AW9106_Hw_reset
<LI><a href="#[58]">&gt;&gt;</a>&nbsp;&nbsp;&nbsp;AW9106_Hw_reset
<LI><a href="#[5d]">&gt;&gt;</a>&nbsp;&nbsp;&nbsp;AW9106_Hw_reset
</UL>

<P><STRONG><a name="[8b]"></a>HAL_GetTick</STRONG> (Thumb, 6 bytes, Stack size 0 bytes, stm32f4xx_hal.o(i.HAL_GetTick))
<BR><BR>[Called By]<UL><LI><a href="#[af]">&gt;&gt;</a>&nbsp;&nbsp;&nbsp;HAL_RCC_OscConfig
<LI><a href="#[ab]">&gt;&gt;</a>&nbsp;&nbsp;&nbsp;HAL_RCC_ClockConfig
<LI><a href="#[85]">&gt;&gt;</a>&nbsp;&nbsp;&nbsp;HAL_DMA_Init
</UL>

<P><STRONG><a name="[d9]"></a>HAL_I2C_AbortCpltCallback</STRONG> (Thumb, 2 bytes, Stack size 0 bytes, stm32f4xx_hal_i2c.o(i.HAL_I2C_AbortCpltCallback))
<BR><BR>[Called By]<UL><LI><a href="#[92]">&gt;&gt;</a>&nbsp;&nbsp;&nbsp;I2C_ITError
<LI><a href="#[49]">&gt;&gt;</a>&nbsp;&nbsp;&nbsp;I2C_DMAAbort
</UL>

<P><STRONG><a name="[e4]"></a>HAL_I2C_AddrCallback</STRONG> (Thumb, 2 bytes, Stack size 0 bytes, stm32f4xx_hal_i2c.o(i.HAL_I2C_AddrCallback))
<BR><BR>[Called By]<UL><LI><a href="#[9b]">&gt;&gt;</a>&nbsp;&nbsp;&nbsp;I2C_Slave_ADDR
</UL>

<P><STRONG><a name="[90]"></a>HAL_I2C_ER_IRQHandler</STRONG> (Thumb, 224 bytes, Stack size 32 bytes, stm32f4xx_hal_i2c.o(i.HAL_I2C_ER_IRQHandler))
<BR><BR>[Stack]<UL><LI>Max Depth = 48<LI>Call Chain = HAL_I2C_ER_IRQHandler &rArr; I2C_Slave_AF
</UL>
<BR>[Calls]<UL><LI><a href="#[91]">&gt;&gt;</a>&nbsp;&nbsp;&nbsp;I2C_Slave_AF
<LI><a href="#[92]">&gt;&gt;</a>&nbsp;&nbsp;&nbsp;I2C_ITError
</UL>
<BR>[Called By]<UL><LI><a href="#[3f]">&gt;&gt;</a>&nbsp;&nbsp;&nbsp;I2C3_ER_IRQHandler
<LI><a href="#[26]">&gt;&gt;</a>&nbsp;&nbsp;&nbsp;I2C1_ER_IRQHandler
</UL>

<P><STRONG><a name="[93]"></a>HAL_I2C_EV_IRQHandler</STRONG> (Thumb, 368 bytes, Stack size 24 bytes, stm32f4xx_hal_i2c.o(i.HAL_I2C_EV_IRQHandler))
<BR><BR>[Stack]<UL><LI>Max Depth = 56<LI>Call Chain = HAL_I2C_EV_IRQHandler &rArr; I2C_Slave_STOPF &rArr; I2C_ITError
</UL>
<BR>[Calls]<UL><LI><a href="#[9c]">&gt;&gt;</a>&nbsp;&nbsp;&nbsp;I2C_Slave_STOPF
<LI><a href="#[9b]">&gt;&gt;</a>&nbsp;&nbsp;&nbsp;I2C_Slave_ADDR
<LI><a href="#[9d]">&gt;&gt;</a>&nbsp;&nbsp;&nbsp;I2C_SlaveTransmit_TXE
<LI><a href="#[9e]">&gt;&gt;</a>&nbsp;&nbsp;&nbsp;I2C_SlaveTransmit_BTF
<LI><a href="#[9f]">&gt;&gt;</a>&nbsp;&nbsp;&nbsp;I2C_SlaveReceive_RXNE
<LI><a href="#[a0]">&gt;&gt;</a>&nbsp;&nbsp;&nbsp;I2C_SlaveReceive_BTF
<LI><a href="#[94]">&gt;&gt;</a>&nbsp;&nbsp;&nbsp;I2C_Master_SB
<LI><a href="#[96]">&gt;&gt;</a>&nbsp;&nbsp;&nbsp;I2C_Master_ADDR
<LI><a href="#[95]">&gt;&gt;</a>&nbsp;&nbsp;&nbsp;I2C_Master_ADD10
<LI><a href="#[97]">&gt;&gt;</a>&nbsp;&nbsp;&nbsp;I2C_MasterTransmit_TXE
<LI><a href="#[98]">&gt;&gt;</a>&nbsp;&nbsp;&nbsp;I2C_MasterTransmit_BTF
<LI><a href="#[99]">&gt;&gt;</a>&nbsp;&nbsp;&nbsp;I2C_MasterReceive_RXNE
<LI><a href="#[9a]">&gt;&gt;</a>&nbsp;&nbsp;&nbsp;I2C_MasterReceive_BTF
</UL>
<BR>[Called By]<UL><LI><a href="#[3e]">&gt;&gt;</a>&nbsp;&nbsp;&nbsp;I2C3_EV_IRQHandler
<LI><a href="#[25]">&gt;&gt;</a>&nbsp;&nbsp;&nbsp;I2C1_EV_IRQHandler
</UL>

<P><STRONG><a name="[da]"></a>HAL_I2C_ErrorCallback</STRONG> (Thumb, 2 bytes, Stack size 0 bytes, stm32f4xx_hal_i2c.o(i.HAL_I2C_ErrorCallback))
<BR><BR>[Called By]<UL><LI><a href="#[92]">&gt;&gt;</a>&nbsp;&nbsp;&nbsp;I2C_ITError
<LI><a href="#[49]">&gt;&gt;</a>&nbsp;&nbsp;&nbsp;I2C_DMAAbort
</UL>

<P><STRONG><a name="[a1]"></a>HAL_I2C_Init</STRONG> (Thumb, 286 bytes, Stack size 16 bytes, stm32f4xx_hal_i2c.o(i.HAL_I2C_Init))
<BR><BR>[Stack]<UL><LI>Max Depth = 96<LI>Call Chain = HAL_I2C_Init &rArr; HAL_I2C_MspInit &rArr; HAL_NVIC_SetPriority &rArr; NVIC_SetPriority
</UL>
<BR>[Calls]<UL><LI><a href="#[a2]">&gt;&gt;</a>&nbsp;&nbsp;&nbsp;HAL_I2C_MspInit
<LI><a href="#[a3]">&gt;&gt;</a>&nbsp;&nbsp;&nbsp;HAL_RCC_GetPCLK1Freq
</UL>
<BR>[Called By]<UL><LI><a href="#[ef]">&gt;&gt;</a>&nbsp;&nbsp;&nbsp;MX_I2C3_Init
<LI><a href="#[ee]">&gt;&gt;</a>&nbsp;&nbsp;&nbsp;MX_I2C1_Init
</UL>

<P><STRONG><a name="[db]"></a>HAL_I2C_ListenCpltCallback</STRONG> (Thumb, 2 bytes, Stack size 0 bytes, stm32f4xx_hal_i2c.o(i.HAL_I2C_ListenCpltCallback))
<BR><BR>[Called By]<UL><LI><a href="#[9c]">&gt;&gt;</a>&nbsp;&nbsp;&nbsp;I2C_Slave_STOPF
<LI><a href="#[91]">&gt;&gt;</a>&nbsp;&nbsp;&nbsp;I2C_Slave_AF
<LI><a href="#[92]">&gt;&gt;</a>&nbsp;&nbsp;&nbsp;I2C_ITError
</UL>

<P><STRONG><a name="[dd]"></a>HAL_I2C_MasterRxCpltCallback</STRONG> (Thumb, 2 bytes, Stack size 0 bytes, stm32f4xx_hal_i2c.o(i.HAL_I2C_MasterRxCpltCallback))
<BR><BR>[Called By]<UL><LI><a href="#[99]">&gt;&gt;</a>&nbsp;&nbsp;&nbsp;I2C_MasterReceive_RXNE
<LI><a href="#[9a]">&gt;&gt;</a>&nbsp;&nbsp;&nbsp;I2C_MasterReceive_BTF
</UL>

<P><STRONG><a name="[de]"></a>HAL_I2C_MasterTxCpltCallback</STRONG> (Thumb, 2 bytes, Stack size 0 bytes, stm32f4xx_hal_i2c.o(i.HAL_I2C_MasterTxCpltCallback))
<BR><BR>[Called By]<UL><LI><a href="#[97]">&gt;&gt;</a>&nbsp;&nbsp;&nbsp;I2C_MasterTransmit_TXE
<LI><a href="#[98]">&gt;&gt;</a>&nbsp;&nbsp;&nbsp;I2C_MasterTransmit_BTF
</UL>

<P><STRONG><a name="[dc]"></a>HAL_I2C_MemRxCpltCallback</STRONG> (Thumb, 2 bytes, Stack size 0 bytes, stm32f4xx_hal_i2c.o(i.HAL_I2C_MemRxCpltCallback))
<BR><BR>[Called By]<UL><LI><a href="#[99]">&gt;&gt;</a>&nbsp;&nbsp;&nbsp;I2C_MasterReceive_RXNE
<LI><a href="#[9a]">&gt;&gt;</a>&nbsp;&nbsp;&nbsp;I2C_MasterReceive_BTF
</UL>

<P><STRONG><a name="[df]"></a>HAL_I2C_MemTxCpltCallback</STRONG> (Thumb, 2 bytes, Stack size 0 bytes, stm32f4xx_hal_i2c.o(i.HAL_I2C_MemTxCpltCallback))
<BR><BR>[Called By]<UL><LI><a href="#[97]">&gt;&gt;</a>&nbsp;&nbsp;&nbsp;I2C_MasterTransmit_TXE
<LI><a href="#[98]">&gt;&gt;</a>&nbsp;&nbsp;&nbsp;I2C_MasterTransmit_BTF
</UL>

<P><STRONG><a name="[a2]"></a>HAL_I2C_MspInit</STRONG> (Thumb, 372 bytes, Stack size 32 bytes, stm32f4xx_hal_msp.o(i.HAL_I2C_MspInit))
<BR><BR>[Stack]<UL><LI>Max Depth = 80<LI>Call Chain = HAL_I2C_MspInit &rArr; HAL_NVIC_SetPriority &rArr; NVIC_SetPriority
</UL>
<BR>[Calls]<UL><LI><a href="#[87]">&gt;&gt;</a>&nbsp;&nbsp;&nbsp;HAL_NVIC_SetPriority
<LI><a href="#[88]">&gt;&gt;</a>&nbsp;&nbsp;&nbsp;HAL_NVIC_EnableIRQ
<LI><a href="#[68]">&gt;&gt;</a>&nbsp;&nbsp;&nbsp;HAL_GPIO_Init
<LI><a href="#[85]">&gt;&gt;</a>&nbsp;&nbsp;&nbsp;HAL_DMA_Init
<LI><a href="#[86]">&gt;&gt;</a>&nbsp;&nbsp;&nbsp;Error_Handler
</UL>
<BR>[Called By]<UL><LI><a href="#[a1]">&gt;&gt;</a>&nbsp;&nbsp;&nbsp;HAL_I2C_Init
</UL>

<P><STRONG><a name="[e2]"></a>HAL_I2C_SlaveRxCpltCallback</STRONG> (Thumb, 2 bytes, Stack size 0 bytes, stm32f4xx_hal_i2c.o(i.HAL_I2C_SlaveRxCpltCallback))
<BR><BR>[Called By]<UL><LI><a href="#[9c]">&gt;&gt;</a>&nbsp;&nbsp;&nbsp;I2C_Slave_STOPF
<LI><a href="#[9f]">&gt;&gt;</a>&nbsp;&nbsp;&nbsp;I2C_SlaveReceive_RXNE
</UL>

<P><STRONG><a name="[e3]"></a>HAL_I2C_SlaveTxCpltCallback</STRONG> (Thumb, 2 bytes, Stack size 0 bytes, stm32f4xx_hal_i2c.o(i.HAL_I2C_SlaveTxCpltCallback))
<BR><BR>[Called By]<UL><LI><a href="#[91]">&gt;&gt;</a>&nbsp;&nbsp;&nbsp;I2C_Slave_AF
<LI><a href="#[9d]">&gt;&gt;</a>&nbsp;&nbsp;&nbsp;I2C_SlaveTransmit_TXE
</UL>

<P><STRONG><a name="[f7]"></a>HAL_IncTick</STRONG> (Thumb, 12 bytes, Stack size 0 bytes, stm32f4xx_hal.o(i.HAL_IncTick))
<BR><BR>[Called By]<UL><LI><a href="#[9]">&gt;&gt;</a>&nbsp;&nbsp;&nbsp;SysTick_Handler
</UL>

<P><STRONG><a name="[a4]"></a>HAL_Init</STRONG> (Thumb, 54 bytes, Stack size 8 bytes, stm32f4xx_hal.o(i.HAL_Init))
<BR><BR>[Stack]<UL><LI>Max Depth = 72<LI>Call Chain = HAL_Init &rArr; HAL_InitTick &rArr; HAL_NVIC_SetPriority &rArr; NVIC_SetPriority
</UL>
<BR>[Calls]<UL><LI><a href="#[a5]">&gt;&gt;</a>&nbsp;&nbsp;&nbsp;HAL_NVIC_SetPriorityGrouping
<LI><a href="#[a7]">&gt;&gt;</a>&nbsp;&nbsp;&nbsp;HAL_MspInit
<LI><a href="#[a6]">&gt;&gt;</a>&nbsp;&nbsp;&nbsp;HAL_InitTick
</UL>
<BR>[Called By]<UL><LI><a href="#[42]">&gt;&gt;</a>&nbsp;&nbsp;&nbsp;main
</UL>

<P><STRONG><a name="[a6]"></a>HAL_InitTick</STRONG> (Thumb, 36 bytes, Stack size 16 bytes, stm32f4xx_hal.o(i.HAL_InitTick))
<BR><BR>[Stack]<UL><LI>Max Depth = 64<LI>Call Chain = HAL_InitTick &rArr; HAL_NVIC_SetPriority &rArr; NVIC_SetPriority
</UL>
<BR>[Calls]<UL><LI><a href="#[a8]">&gt;&gt;</a>&nbsp;&nbsp;&nbsp;HAL_SYSTICK_Config
<LI><a href="#[87]">&gt;&gt;</a>&nbsp;&nbsp;&nbsp;HAL_NVIC_SetPriority
</UL>
<BR>[Called By]<UL><LI><a href="#[ab]">&gt;&gt;</a>&nbsp;&nbsp;&nbsp;HAL_RCC_ClockConfig
<LI><a href="#[a4]">&gt;&gt;</a>&nbsp;&nbsp;&nbsp;HAL_Init
</UL>

<P><STRONG><a name="[a7]"></a>HAL_MspInit</STRONG> (Thumb, 86 bytes, Stack size 8 bytes, stm32f4xx_hal_msp.o(i.HAL_MspInit))
<BR><BR>[Stack]<UL><LI>Max Depth = 56<LI>Call Chain = HAL_MspInit &rArr; HAL_NVIC_SetPriority &rArr; NVIC_SetPriority
</UL>
<BR>[Calls]<UL><LI><a href="#[a5]">&gt;&gt;</a>&nbsp;&nbsp;&nbsp;HAL_NVIC_SetPriorityGrouping
<LI><a href="#[87]">&gt;&gt;</a>&nbsp;&nbsp;&nbsp;HAL_NVIC_SetPriority
</UL>
<BR>[Called By]<UL><LI><a href="#[a4]">&gt;&gt;</a>&nbsp;&nbsp;&nbsp;HAL_Init
</UL>

<P><STRONG><a name="[88]"></a>HAL_NVIC_EnableIRQ</STRONG> (Thumb, 26 bytes, Stack size 0 bytes, stm32f4xx_hal_cortex.o(i.HAL_NVIC_EnableIRQ))
<BR><BR>[Called By]<UL><LI><a href="#[ed]">&gt;&gt;</a>&nbsp;&nbsp;&nbsp;MX_GPIO_Init
<LI><a href="#[ec]">&gt;&gt;</a>&nbsp;&nbsp;&nbsp;MX_DMA_Init
<LI><a href="#[d7]">&gt;&gt;</a>&nbsp;&nbsp;&nbsp;HAL_UART_MspInit
<LI><a href="#[b3]">&gt;&gt;</a>&nbsp;&nbsp;&nbsp;HAL_TIM_Base_MspInit
<LI><a href="#[a2]">&gt;&gt;</a>&nbsp;&nbsp;&nbsp;HAL_I2C_MspInit
<LI><a href="#[83]">&gt;&gt;</a>&nbsp;&nbsp;&nbsp;HAL_ADC_MspInit
</UL>

<P><STRONG><a name="[87]"></a>HAL_NVIC_SetPriority</STRONG> (Thumb, 124 bytes, Stack size 40 bytes, stm32f4xx_hal_cortex.o(i.HAL_NVIC_SetPriority))
<BR><BR>[Stack]<UL><LI>Max Depth = 48<LI>Call Chain = HAL_NVIC_SetPriority &rArr; NVIC_SetPriority
</UL>
<BR>[Calls]<UL><LI><a href="#[aa]">&gt;&gt;</a>&nbsp;&nbsp;&nbsp;NVIC_SetPriority
<LI><a href="#[a9]">&gt;&gt;</a>&nbsp;&nbsp;&nbsp;NVIC_GetPriorityGrouping
</UL>
<BR>[Called By]<UL><LI><a href="#[f8]">&gt;&gt;</a>&nbsp;&nbsp;&nbsp;SystemClock_Config
<LI><a href="#[ed]">&gt;&gt;</a>&nbsp;&nbsp;&nbsp;MX_GPIO_Init
<LI><a href="#[ec]">&gt;&gt;</a>&nbsp;&nbsp;&nbsp;MX_DMA_Init
<LI><a href="#[d7]">&gt;&gt;</a>&nbsp;&nbsp;&nbsp;HAL_UART_MspInit
<LI><a href="#[b3]">&gt;&gt;</a>&nbsp;&nbsp;&nbsp;HAL_TIM_Base_MspInit
<LI><a href="#[a7]">&gt;&gt;</a>&nbsp;&nbsp;&nbsp;HAL_MspInit
<LI><a href="#[a2]">&gt;&gt;</a>&nbsp;&nbsp;&nbsp;HAL_I2C_MspInit
<LI><a href="#[83]">&gt;&gt;</a>&nbsp;&nbsp;&nbsp;HAL_ADC_MspInit
<LI><a href="#[a6]">&gt;&gt;</a>&nbsp;&nbsp;&nbsp;HAL_InitTick
</UL>

<P><STRONG><a name="[a5]"></a>HAL_NVIC_SetPriorityGrouping</STRONG> (Thumb, 32 bytes, Stack size 0 bytes, stm32f4xx_hal_cortex.o(i.HAL_NVIC_SetPriorityGrouping))
<BR><BR>[Called By]<UL><LI><a href="#[a4]">&gt;&gt;</a>&nbsp;&nbsp;&nbsp;HAL_Init
<LI><a href="#[a7]">&gt;&gt;</a>&nbsp;&nbsp;&nbsp;HAL_MspInit
</UL>

<P><STRONG><a name="[ab]"></a>HAL_RCC_ClockConfig</STRONG> (Thumb, 446 bytes, Stack size 16 bytes, stm32f4xx_hal_rcc.o(i.HAL_RCC_ClockConfig))
<BR><BR>[Stack]<UL><LI>Max Depth = 80<LI>Call Chain = HAL_RCC_ClockConfig &rArr; HAL_InitTick &rArr; HAL_NVIC_SetPriority &rArr; NVIC_SetPriority
</UL>
<BR>[Calls]<UL><LI><a href="#[a6]">&gt;&gt;</a>&nbsp;&nbsp;&nbsp;HAL_InitTick
<LI><a href="#[8b]">&gt;&gt;</a>&nbsp;&nbsp;&nbsp;HAL_GetTick
<LI><a href="#[ac]">&gt;&gt;</a>&nbsp;&nbsp;&nbsp;HAL_RCC_GetSysClockFreq
</UL>
<BR>[Called By]<UL><LI><a href="#[f8]">&gt;&gt;</a>&nbsp;&nbsp;&nbsp;SystemClock_Config
</UL>

<P><STRONG><a name="[ad]"></a>HAL_RCC_GetHCLKFreq</STRONG> (Thumb, 6 bytes, Stack size 0 bytes, stm32f4xx_hal_rcc.o(i.HAL_RCC_GetHCLKFreq))
<BR><BR>[Called By]<UL><LI><a href="#[f8]">&gt;&gt;</a>&nbsp;&nbsp;&nbsp;SystemClock_Config
<LI><a href="#[ae]">&gt;&gt;</a>&nbsp;&nbsp;&nbsp;HAL_RCC_GetPCLK2Freq
<LI><a href="#[a3]">&gt;&gt;</a>&nbsp;&nbsp;&nbsp;HAL_RCC_GetPCLK1Freq
</UL>

<P><STRONG><a name="[a3]"></a>HAL_RCC_GetPCLK1Freq</STRONG> (Thumb, 36 bytes, Stack size 4 bytes, stm32f4xx_hal_rcc.o(i.HAL_RCC_GetPCLK1Freq))
<BR><BR>[Stack]<UL><LI>Max Depth = 4<LI>Call Chain = HAL_RCC_GetPCLK1Freq
</UL>
<BR>[Calls]<UL><LI><a href="#[ad]">&gt;&gt;</a>&nbsp;&nbsp;&nbsp;HAL_RCC_GetHCLKFreq
</UL>
<BR>[Called By]<UL><LI><a href="#[a1]">&gt;&gt;</a>&nbsp;&nbsp;&nbsp;HAL_I2C_Init
<LI><a href="#[d8]">&gt;&gt;</a>&nbsp;&nbsp;&nbsp;UART_SetConfig
</UL>

<P><STRONG><a name="[ae]"></a>HAL_RCC_GetPCLK2Freq</STRONG> (Thumb, 36 bytes, Stack size 4 bytes, stm32f4xx_hal_rcc.o(i.HAL_RCC_GetPCLK2Freq))
<BR><BR>[Stack]<UL><LI>Max Depth = 4<LI>Call Chain = HAL_RCC_GetPCLK2Freq
</UL>
<BR>[Calls]<UL><LI><a href="#[ad]">&gt;&gt;</a>&nbsp;&nbsp;&nbsp;HAL_RCC_GetHCLKFreq
</UL>
<BR>[Called By]<UL><LI><a href="#[d8]">&gt;&gt;</a>&nbsp;&nbsp;&nbsp;UART_SetConfig
</UL>

<P><STRONG><a name="[ac]"></a>HAL_RCC_GetSysClockFreq</STRONG> (Thumb, 168 bytes, Stack size 16 bytes, stm32f4xx_hal_rcc.o(i.HAL_RCC_GetSysClockFreq))
<BR><BR>[Stack]<UL><LI>Max Depth = 16<LI>Call Chain = HAL_RCC_GetSysClockFreq
</UL>
<BR>[Called By]<UL><LI><a href="#[ab]">&gt;&gt;</a>&nbsp;&nbsp;&nbsp;HAL_RCC_ClockConfig
</UL>

<P><STRONG><a name="[af]"></a>HAL_RCC_OscConfig</STRONG> (Thumb, 1090 bytes, Stack size 16 bytes, stm32f4xx_hal_rcc.o(i.HAL_RCC_OscConfig))
<BR><BR>[Stack]<UL><LI>Max Depth = 16<LI>Call Chain = HAL_RCC_OscConfig
</UL>
<BR>[Calls]<UL><LI><a href="#[8b]">&gt;&gt;</a>&nbsp;&nbsp;&nbsp;HAL_GetTick
</UL>
<BR>[Called By]<UL><LI><a href="#[f8]">&gt;&gt;</a>&nbsp;&nbsp;&nbsp;SystemClock_Config
</UL>

<P><STRONG><a name="[f9]"></a>HAL_SYSTICK_CLKSourceConfig</STRONG> (Thumb, 40 bytes, Stack size 0 bytes, stm32f4xx_hal_cortex.o(i.HAL_SYSTICK_CLKSourceConfig))
<BR><BR>[Called By]<UL><LI><a href="#[f8]">&gt;&gt;</a>&nbsp;&nbsp;&nbsp;SystemClock_Config
</UL>

<P><STRONG><a name="[b1]"></a>HAL_SYSTICK_Callback</STRONG> (Thumb, 14 bytes, Stack size 0 bytes, interrupt.o(i.HAL_SYSTICK_Callback))
<BR><BR>[Called By]<UL><LI><a href="#[b0]">&gt;&gt;</a>&nbsp;&nbsp;&nbsp;HAL_SYSTICK_IRQHandler
</UL>

<P><STRONG><a name="[a8]"></a>HAL_SYSTICK_Config</STRONG> (Thumb, 52 bytes, Stack size 16 bytes, stm32f4xx_hal_cortex.o(i.HAL_SYSTICK_Config))
<BR><BR>[Stack]<UL><LI>Max Depth = 24<LI>Call Chain = HAL_SYSTICK_Config &rArr; NVIC_SetPriority
</UL>
<BR>[Calls]<UL><LI><a href="#[aa]">&gt;&gt;</a>&nbsp;&nbsp;&nbsp;NVIC_SetPriority
</UL>
<BR>[Called By]<UL><LI><a href="#[f8]">&gt;&gt;</a>&nbsp;&nbsp;&nbsp;SystemClock_Config
<LI><a href="#[a6]">&gt;&gt;</a>&nbsp;&nbsp;&nbsp;HAL_InitTick
</UL>

<P><STRONG><a name="[b0]"></a>HAL_SYSTICK_IRQHandler</STRONG> (Thumb, 8 bytes, Stack size 8 bytes, stm32f4xx_hal_cortex.o(i.HAL_SYSTICK_IRQHandler))
<BR><BR>[Stack]<UL><LI>Max Depth = 8<LI>Call Chain = HAL_SYSTICK_IRQHandler
</UL>
<BR>[Calls]<UL><LI><a href="#[b1]">&gt;&gt;</a>&nbsp;&nbsp;&nbsp;HAL_SYSTICK_Callback
</UL>
<BR>[Called By]<UL><LI><a href="#[9]">&gt;&gt;</a>&nbsp;&nbsp;&nbsp;SysTick_Handler
</UL>

<P><STRONG><a name="[bf]"></a>HAL_TIMEx_BreakCallback</STRONG> (Thumb, 2 bytes, Stack size 0 bytes, stm32f4xx_hal_tim_ex.o(i.HAL_TIMEx_BreakCallback))
<BR><BR>[Called By]<UL><LI><a href="#[ba]">&gt;&gt;</a>&nbsp;&nbsp;&nbsp;HAL_TIM_IRQHandler
</UL>

<P><STRONG><a name="[c1]"></a>HAL_TIMEx_CommutationCallback</STRONG> (Thumb, 2 bytes, Stack size 0 bytes, stm32f4xx_hal_tim_ex.o(i.HAL_TIMEx_CommutationCallback))
<BR><BR>[Called By]<UL><LI><a href="#[ba]">&gt;&gt;</a>&nbsp;&nbsp;&nbsp;HAL_TIM_IRQHandler
</UL>

<P><STRONG><a name="[f1]"></a>HAL_TIMEx_MasterConfigSynchronization</STRONG> (Thumb, 98 bytes, Stack size 0 bytes, stm32f4xx_hal_tim_ex.o(i.HAL_TIMEx_MasterConfigSynchronization))
<BR><BR>[Called By]<UL><LI><a href="#[f3]">&gt;&gt;</a>&nbsp;&nbsp;&nbsp;MX_TIM5_Init
<LI><a href="#[f2]">&gt;&gt;</a>&nbsp;&nbsp;&nbsp;MX_TIM3_Init
<LI><a href="#[f0]">&gt;&gt;</a>&nbsp;&nbsp;&nbsp;MX_TIM2_Init
</UL>

<P><STRONG><a name="[b2]"></a>HAL_TIM_Base_Init</STRONG> (Thumb, 52 bytes, Stack size 8 bytes, stm32f4xx_hal_tim.o(i.HAL_TIM_Base_Init))
<BR><BR>[Stack]<UL><LI>Max Depth = 72<LI>Call Chain = HAL_TIM_Base_Init &rArr; HAL_TIM_Base_MspInit &rArr; HAL_NVIC_SetPriority &rArr; NVIC_SetPriority
</UL>
<BR>[Calls]<UL><LI><a href="#[b3]">&gt;&gt;</a>&nbsp;&nbsp;&nbsp;HAL_TIM_Base_MspInit
<LI><a href="#[b4]">&gt;&gt;</a>&nbsp;&nbsp;&nbsp;TIM_Base_SetConfig
</UL>
<BR>[Called By]<UL><LI><a href="#[f3]">&gt;&gt;</a>&nbsp;&nbsp;&nbsp;MX_TIM5_Init
<LI><a href="#[f2]">&gt;&gt;</a>&nbsp;&nbsp;&nbsp;MX_TIM3_Init
<LI><a href="#[f0]">&gt;&gt;</a>&nbsp;&nbsp;&nbsp;MX_TIM2_Init
</UL>

<P><STRONG><a name="[b3]"></a>HAL_TIM_Base_MspInit</STRONG> (Thumb, 178 bytes, Stack size 16 bytes, stm32f4xx_hal_msp.o(i.HAL_TIM_Base_MspInit))
<BR><BR>[Stack]<UL><LI>Max Depth = 64<LI>Call Chain = HAL_TIM_Base_MspInit &rArr; HAL_NVIC_SetPriority &rArr; NVIC_SetPriority
</UL>
<BR>[Calls]<UL><LI><a href="#[87]">&gt;&gt;</a>&nbsp;&nbsp;&nbsp;HAL_NVIC_SetPriority
<LI><a href="#[88]">&gt;&gt;</a>&nbsp;&nbsp;&nbsp;HAL_NVIC_EnableIRQ
</UL>
<BR>[Called By]<UL><LI><a href="#[b2]">&gt;&gt;</a>&nbsp;&nbsp;&nbsp;HAL_TIM_Base_Init
</UL>

<P><STRONG><a name="[102]"></a>HAL_TIM_Base_Start_IT</STRONG> (Thumb, 30 bytes, Stack size 0 bytes, stm32f4xx_hal_tim.o(i.HAL_TIM_Base_Start_IT))
<BR><BR>[Called By]<UL><LI><a href="#[101]">&gt;&gt;</a>&nbsp;&nbsp;&nbsp;loop_app
</UL>

<P><STRONG><a name="[b5]"></a>HAL_TIM_ConfigClockSource</STRONG> (Thumb, 306 bytes, Stack size 24 bytes, stm32f4xx_hal_tim.o(i.HAL_TIM_ConfigClockSource))
<BR><BR>[Stack]<UL><LI>Max Depth = 36<LI>Call Chain = HAL_TIM_ConfigClockSource &rArr; TIM_TI2_ConfigInputStage
</UL>
<BR>[Calls]<UL><LI><a href="#[b9]">&gt;&gt;</a>&nbsp;&nbsp;&nbsp;TIM_TI2_ConfigInputStage
<LI><a href="#[b7]">&gt;&gt;</a>&nbsp;&nbsp;&nbsp;TIM_TI1_ConfigInputStage
<LI><a href="#[b8]">&gt;&gt;</a>&nbsp;&nbsp;&nbsp;TIM_ITRx_SetConfig
<LI><a href="#[b6]">&gt;&gt;</a>&nbsp;&nbsp;&nbsp;TIM_ETR_SetConfig
</UL>
<BR>[Called By]<UL><LI><a href="#[f3]">&gt;&gt;</a>&nbsp;&nbsp;&nbsp;MX_TIM5_Init
<LI><a href="#[f2]">&gt;&gt;</a>&nbsp;&nbsp;&nbsp;MX_TIM3_Init
<LI><a href="#[f0]">&gt;&gt;</a>&nbsp;&nbsp;&nbsp;MX_TIM2_Init
</UL>

<P><STRONG><a name="[bb]"></a>HAL_TIM_IC_CaptureCallback</STRONG> (Thumb, 2 bytes, Stack size 0 bytes, stm32f4xx_hal_tim.o(i.HAL_TIM_IC_CaptureCallback))
<BR><BR>[Called By]<UL><LI><a href="#[ba]">&gt;&gt;</a>&nbsp;&nbsp;&nbsp;HAL_TIM_IRQHandler
</UL>

<P><STRONG><a name="[ba]"></a>HAL_TIM_IRQHandler</STRONG> (Thumb, 406 bytes, Stack size 8 bytes, stm32f4xx_hal_tim.o(i.HAL_TIM_IRQHandler))
<BR><BR>[Stack]<UL><LI>Max Depth = 48<LI>Call Chain = HAL_TIM_IRQHandler &rArr; HAL_TIM_PeriodElapsedCallback &rArr; control_walkingmotor_speed &rArr; HAL_TIM_WritePWMValue
</UL>
<BR>[Calls]<UL><LI><a href="#[be]">&gt;&gt;</a>&nbsp;&nbsp;&nbsp;HAL_TIM_PeriodElapsedCallback
<LI><a href="#[c1]">&gt;&gt;</a>&nbsp;&nbsp;&nbsp;HAL_TIMEx_CommutationCallback
<LI><a href="#[bf]">&gt;&gt;</a>&nbsp;&nbsp;&nbsp;HAL_TIMEx_BreakCallback
<LI><a href="#[c0]">&gt;&gt;</a>&nbsp;&nbsp;&nbsp;HAL_TIM_TriggerCallback
<LI><a href="#[bd]">&gt;&gt;</a>&nbsp;&nbsp;&nbsp;HAL_TIM_PWM_PulseFinishedCallback
<LI><a href="#[bc]">&gt;&gt;</a>&nbsp;&nbsp;&nbsp;HAL_TIM_OC_DelayElapsedCallback
<LI><a href="#[bb]">&gt;&gt;</a>&nbsp;&nbsp;&nbsp;HAL_TIM_IC_CaptureCallback
</UL>
<BR>[Called By]<UL><LI><a href="#[32]">&gt;&gt;</a>&nbsp;&nbsp;&nbsp;TIM5_IRQHandler
<LI><a href="#[23]">&gt;&gt;</a>&nbsp;&nbsp;&nbsp;TIM3_IRQHandler
<LI><a href="#[22]">&gt;&gt;</a>&nbsp;&nbsp;&nbsp;TIM2_IRQHandler
</UL>

<P><STRONG><a name="[c2]"></a>HAL_TIM_MspPostInit</STRONG> (Thumb, 114 bytes, Stack size 32 bytes, stm32f4xx_hal_msp.o(i.HAL_TIM_MspPostInit))
<BR><BR>[Stack]<UL><LI>Max Depth = 56<LI>Call Chain = HAL_TIM_MspPostInit &rArr; HAL_GPIO_Init
</UL>
<BR>[Calls]<UL><LI><a href="#[68]">&gt;&gt;</a>&nbsp;&nbsp;&nbsp;HAL_GPIO_Init
</UL>
<BR>[Called By]<UL><LI><a href="#[f3]">&gt;&gt;</a>&nbsp;&nbsp;&nbsp;MX_TIM5_Init
<LI><a href="#[f2]">&gt;&gt;</a>&nbsp;&nbsp;&nbsp;MX_TIM3_Init
<LI><a href="#[f0]">&gt;&gt;</a>&nbsp;&nbsp;&nbsp;MX_TIM2_Init
</UL>

<P><STRONG><a name="[bc]"></a>HAL_TIM_OC_DelayElapsedCallback</STRONG> (Thumb, 2 bytes, Stack size 0 bytes, stm32f4xx_hal_tim.o(i.HAL_TIM_OC_DelayElapsedCallback))
<BR><BR>[Called By]<UL><LI><a href="#[ba]">&gt;&gt;</a>&nbsp;&nbsp;&nbsp;HAL_TIM_IRQHandler
</UL>

<P><STRONG><a name="[c3]"></a>HAL_TIM_PWM_ConfigChannel</STRONG> (Thumb, 264 bytes, Stack size 16 bytes, stm32f4xx_hal_tim.o(i.HAL_TIM_PWM_ConfigChannel))
<BR><BR>[Stack]<UL><LI>Max Depth = 28<LI>Call Chain = HAL_TIM_PWM_ConfigChannel &rArr; TIM_OC2_SetConfig
</UL>
<BR>[Calls]<UL><LI><a href="#[c5]">&gt;&gt;</a>&nbsp;&nbsp;&nbsp;TIM_OC2_SetConfig
<LI><a href="#[c7]">&gt;&gt;</a>&nbsp;&nbsp;&nbsp;TIM_OC4_SetConfig
<LI><a href="#[c6]">&gt;&gt;</a>&nbsp;&nbsp;&nbsp;TIM_OC3_SetConfig
<LI><a href="#[c4]">&gt;&gt;</a>&nbsp;&nbsp;&nbsp;TIM_OC1_SetConfig
</UL>
<BR>[Called By]<UL><LI><a href="#[f3]">&gt;&gt;</a>&nbsp;&nbsp;&nbsp;MX_TIM5_Init
<LI><a href="#[f2]">&gt;&gt;</a>&nbsp;&nbsp;&nbsp;MX_TIM3_Init
<LI><a href="#[f0]">&gt;&gt;</a>&nbsp;&nbsp;&nbsp;MX_TIM2_Init
</UL>

<P><STRONG><a name="[c8]"></a>HAL_TIM_PWM_Init</STRONG> (Thumb, 52 bytes, Stack size 8 bytes, stm32f4xx_hal_tim.o(i.HAL_TIM_PWM_Init))
<BR><BR>[Stack]<UL><LI>Max Depth = 8<LI>Call Chain = HAL_TIM_PWM_Init
</UL>
<BR>[Calls]<UL><LI><a href="#[b4]">&gt;&gt;</a>&nbsp;&nbsp;&nbsp;TIM_Base_SetConfig
<LI><a href="#[c9]">&gt;&gt;</a>&nbsp;&nbsp;&nbsp;HAL_TIM_PWM_MspInit
</UL>
<BR>[Called By]<UL><LI><a href="#[f3]">&gt;&gt;</a>&nbsp;&nbsp;&nbsp;MX_TIM5_Init
<LI><a href="#[f2]">&gt;&gt;</a>&nbsp;&nbsp;&nbsp;MX_TIM3_Init
<LI><a href="#[f0]">&gt;&gt;</a>&nbsp;&nbsp;&nbsp;MX_TIM2_Init
</UL>

<P><STRONG><a name="[c9]"></a>HAL_TIM_PWM_MspInit</STRONG> (Thumb, 2 bytes, Stack size 0 bytes, stm32f4xx_hal_tim.o(i.HAL_TIM_PWM_MspInit))
<BR><BR>[Called By]<UL><LI><a href="#[c8]">&gt;&gt;</a>&nbsp;&nbsp;&nbsp;HAL_TIM_PWM_Init
</UL>

<P><STRONG><a name="[bd]"></a>HAL_TIM_PWM_PulseFinishedCallback</STRONG> (Thumb, 2 bytes, Stack size 0 bytes, stm32f4xx_hal_tim.o(i.HAL_TIM_PWM_PulseFinishedCallback))
<BR><BR>[Called By]<UL><LI><a href="#[ba]">&gt;&gt;</a>&nbsp;&nbsp;&nbsp;HAL_TIM_IRQHandler
</UL>

<P><STRONG><a name="[ca]"></a>HAL_TIM_PWM_Start_IT</STRONG> (Thumb, 136 bytes, Stack size 12 bytes, stm32f4xx_hal_tim.o(i.HAL_TIM_PWM_Start_IT))
<BR><BR>[Stack]<UL><LI>Max Depth = 24<LI>Call Chain = HAL_TIM_PWM_Start_IT &rArr; TIM_CCxChannelCmd
</UL>
<BR>[Calls]<UL><LI><a href="#[cb]">&gt;&gt;</a>&nbsp;&nbsp;&nbsp;TIM_CCxChannelCmd
</UL>
<BR>[Called By]<UL><LI><a href="#[107]">&gt;&gt;</a>&nbsp;&nbsp;&nbsp;motor_Start_working
<LI><a href="#[101]">&gt;&gt;</a>&nbsp;&nbsp;&nbsp;loop_app
</UL>

<P><STRONG><a name="[cc]"></a>HAL_TIM_PWM_Stop_IT</STRONG> (Thumb, 188 bytes, Stack size 12 bytes, stm32f4xx_hal_tim.o(i.HAL_TIM_PWM_Stop_IT))
<BR><BR>[Stack]<UL><LI>Max Depth = 24<LI>Call Chain = HAL_TIM_PWM_Stop_IT &rArr; TIM_CCxChannelCmd
</UL>
<BR>[Calls]<UL><LI><a href="#[cb]">&gt;&gt;</a>&nbsp;&nbsp;&nbsp;TIM_CCxChannelCmd
</UL>
<BR>[Called By]<UL><LI><a href="#[106]">&gt;&gt;</a>&nbsp;&nbsp;&nbsp;motor_Stop_working
</UL>

<P><STRONG><a name="[be]"></a>HAL_TIM_PeriodElapsedCallback</STRONG> (Thumb, 70 bytes, Stack size 8 bytes, interrupt.o(i.HAL_TIM_PeriodElapsedCallback))
<BR><BR>[Stack]<UL><LI>Max Depth = 40<LI>Call Chain = HAL_TIM_PeriodElapsedCallback &rArr; control_walkingmotor_speed &rArr; HAL_TIM_WritePWMValue
</UL>
<BR>[Calls]<UL><LI><a href="#[cd]">&gt;&gt;</a>&nbsp;&nbsp;&nbsp;control_walkingmotor_speed
<LI><a href="#[ce]">&gt;&gt;</a>&nbsp;&nbsp;&nbsp;control_pwm5_width
</UL>
<BR>[Called By]<UL><LI><a href="#[ba]">&gt;&gt;</a>&nbsp;&nbsp;&nbsp;HAL_TIM_IRQHandler
</UL>

<P><STRONG><a name="[c0]"></a>HAL_TIM_TriggerCallback</STRONG> (Thumb, 2 bytes, Stack size 0 bytes, stm32f4xx_hal_tim.o(i.HAL_TIM_TriggerCallback))
<BR><BR>[Called By]<UL><LI><a href="#[ba]">&gt;&gt;</a>&nbsp;&nbsp;&nbsp;HAL_TIM_IRQHandler
</UL>

<P><STRONG><a name="[d3]"></a>HAL_UART_ErrorCallback</STRONG> (Thumb, 2 bytes, Stack size 0 bytes, stm32f4xx_hal_uart.o(i.HAL_UART_ErrorCallback))
<BR><BR>[Called By]<UL><LI><a href="#[cf]">&gt;&gt;</a>&nbsp;&nbsp;&nbsp;HAL_UART_IRQHandler
<LI><a href="#[48]">&gt;&gt;</a>&nbsp;&nbsp;&nbsp;UART_DMAAbortOnError
</UL>

<P><STRONG><a name="[cf]"></a>HAL_UART_IRQHandler</STRONG> (Thumb, 326 bytes, Stack size 32 bytes, stm32f4xx_hal_uart.o(i.HAL_UART_IRQHandler))
<BR><BR>[Stack]<UL><LI>Max Depth = 48<LI>Call Chain = HAL_UART_IRQHandler &rArr; UART_Receive_IT
</UL>
<BR>[Calls]<UL><LI><a href="#[d2]">&gt;&gt;</a>&nbsp;&nbsp;&nbsp;HAL_DMA_Abort_IT
<LI><a href="#[d3]">&gt;&gt;</a>&nbsp;&nbsp;&nbsp;HAL_UART_ErrorCallback
<LI><a href="#[d4]">&gt;&gt;</a>&nbsp;&nbsp;&nbsp;UART_Transmit_IT
<LI><a href="#[d0]">&gt;&gt;</a>&nbsp;&nbsp;&nbsp;UART_Receive_IT
<LI><a href="#[d5]">&gt;&gt;</a>&nbsp;&nbsp;&nbsp;UART_EndTransmit_IT
<LI><a href="#[d1]">&gt;&gt;</a>&nbsp;&nbsp;&nbsp;UART_EndRxTransfer
</UL>
<BR>[Called By]<UL><LI><a href="#[3d]">&gt;&gt;</a>&nbsp;&nbsp;&nbsp;USART6_IRQHandler
<LI><a href="#[2b]">&gt;&gt;</a>&nbsp;&nbsp;&nbsp;USART1_IRQHandler
</UL>

<P><STRONG><a name="[d6]"></a>HAL_UART_Init</STRONG> (Thumb, 114 bytes, Stack size 8 bytes, stm32f4xx_hal_uart.o(i.HAL_UART_Init))
<BR><BR>[Stack]<UL><LI>Max Depth = 88<LI>Call Chain = HAL_UART_Init &rArr; HAL_UART_MspInit &rArr; HAL_NVIC_SetPriority &rArr; NVIC_SetPriority
</UL>
<BR>[Calls]<UL><LI><a href="#[d7]">&gt;&gt;</a>&nbsp;&nbsp;&nbsp;HAL_UART_MspInit
<LI><a href="#[d8]">&gt;&gt;</a>&nbsp;&nbsp;&nbsp;UART_SetConfig
</UL>
<BR>[Called By]<UL><LI><a href="#[f5]">&gt;&gt;</a>&nbsp;&nbsp;&nbsp;MX_USART6_UART_Init
<LI><a href="#[f4]">&gt;&gt;</a>&nbsp;&nbsp;&nbsp;MX_USART1_UART_Init
</UL>

<P><STRONG><a name="[d7]"></a>HAL_UART_MspInit</STRONG> (Thumb, 436 bytes, Stack size 32 bytes, stm32f4xx_hal_msp.o(i.HAL_UART_MspInit))
<BR><BR>[Stack]<UL><LI>Max Depth = 80<LI>Call Chain = HAL_UART_MspInit &rArr; HAL_NVIC_SetPriority &rArr; NVIC_SetPriority
</UL>
<BR>[Calls]<UL><LI><a href="#[87]">&gt;&gt;</a>&nbsp;&nbsp;&nbsp;HAL_NVIC_SetPriority
<LI><a href="#[88]">&gt;&gt;</a>&nbsp;&nbsp;&nbsp;HAL_NVIC_EnableIRQ
<LI><a href="#[68]">&gt;&gt;</a>&nbsp;&nbsp;&nbsp;HAL_GPIO_Init
<LI><a href="#[85]">&gt;&gt;</a>&nbsp;&nbsp;&nbsp;HAL_DMA_Init
<LI><a href="#[86]">&gt;&gt;</a>&nbsp;&nbsp;&nbsp;Error_Handler
</UL>
<BR>[Called By]<UL><LI><a href="#[d6]">&gt;&gt;</a>&nbsp;&nbsp;&nbsp;HAL_UART_Init
</UL>

<P><STRONG><a name="[fb]"></a>HAL_UART_RxCpltCallback</STRONG> (Thumb, 2 bytes, Stack size 0 bytes, stm32f4xx_hal_uart.o(i.HAL_UART_RxCpltCallback))
<BR><BR>[Called By]<UL><LI><a href="#[d0]">&gt;&gt;</a>&nbsp;&nbsp;&nbsp;UART_Receive_IT
</UL>

<P><STRONG><a name="[fa]"></a>HAL_UART_TxCpltCallback</STRONG> (Thumb, 2 bytes, Stack size 0 bytes, stm32f4xx_hal_uart.o(i.HAL_UART_TxCpltCallback))
<BR><BR>[Called By]<UL><LI><a href="#[d5]">&gt;&gt;</a>&nbsp;&nbsp;&nbsp;UART_EndTransmit_IT
</UL>

<P><STRONG><a name="[2]"></a>HardFault_Handler</STRONG> (Thumb, 4 bytes, Stack size 0 bytes, stm32f4xx_it.o(i.HardFault_Handler))
<BR>[Address Reference Count : 1]<UL><LI> startup_stm32f401xc.o(RESET)
</UL>
<P><STRONG><a name="[26]"></a>I2C1_ER_IRQHandler</STRONG> (Thumb, 10 bytes, Stack size 8 bytes, stm32f4xx_it.o(i.I2C1_ER_IRQHandler))
<BR><BR>[Stack]<UL><LI>Max Depth = 56<LI>Call Chain = I2C1_ER_IRQHandler &rArr; HAL_I2C_ER_IRQHandler &rArr; I2C_Slave_AF
</UL>
<BR>[Calls]<UL><LI><a href="#[90]">&gt;&gt;</a>&nbsp;&nbsp;&nbsp;HAL_I2C_ER_IRQHandler
</UL>
<BR>[Address Reference Count : 1]<UL><LI> startup_stm32f401xc.o(RESET)
</UL>
<P><STRONG><a name="[25]"></a>I2C1_EV_IRQHandler</STRONG> (Thumb, 10 bytes, Stack size 8 bytes, stm32f4xx_it.o(i.I2C1_EV_IRQHandler))
<BR><BR>[Stack]<UL><LI>Max Depth = 64<LI>Call Chain = I2C1_EV_IRQHandler &rArr; HAL_I2C_EV_IRQHandler &rArr; I2C_Slave_STOPF &rArr; I2C_ITError
</UL>
<BR>[Calls]<UL><LI><a href="#[93]">&gt;&gt;</a>&nbsp;&nbsp;&nbsp;HAL_I2C_EV_IRQHandler
</UL>
<BR>[Address Reference Count : 1]<UL><LI> startup_stm32f401xc.o(RESET)
</UL>
<P><STRONG><a name="[3f]"></a>I2C3_ER_IRQHandler</STRONG> (Thumb, 10 bytes, Stack size 8 bytes, stm32f4xx_it.o(i.I2C3_ER_IRQHandler))
<BR><BR>[Stack]<UL><LI>Max Depth = 56<LI>Call Chain = I2C3_ER_IRQHandler &rArr; HAL_I2C_ER_IRQHandler &rArr; I2C_Slave_AF
</UL>
<BR>[Calls]<UL><LI><a href="#[90]">&gt;&gt;</a>&nbsp;&nbsp;&nbsp;HAL_I2C_ER_IRQHandler
</UL>
<BR>[Address Reference Count : 1]<UL><LI> startup_stm32f401xc.o(RESET)
</UL>
<P><STRONG><a name="[3e]"></a>I2C3_EV_IRQHandler</STRONG> (Thumb, 10 bytes, Stack size 8 bytes, stm32f4xx_it.o(i.I2C3_EV_IRQHandler))
<BR><BR>[Stack]<UL><LI>Max Depth = 64<LI>Call Chain = I2C3_EV_IRQHandler &rArr; HAL_I2C_EV_IRQHandler &rArr; I2C_Slave_STOPF &rArr; I2C_ITError
</UL>
<BR>[Calls]<UL><LI><a href="#[93]">&gt;&gt;</a>&nbsp;&nbsp;&nbsp;HAL_I2C_EV_IRQHandler
</UL>
<BR>[Address Reference Count : 1]<UL><LI> startup_stm32f401xc.o(RESET)
</UL>
<P><STRONG><a name="[e0]"></a>I2C_NoAck</STRONG> (Thumb, 100 bytes, Stack size 4 bytes, demo_iic_7514.o(i.I2C_NoAck))
<BR><BR>[Stack]<UL><LI>Max Depth = 4<LI>Call Chain = I2C_NoAck
</UL>
<BR>[Calls]<UL><LI><a href="#[e1]">&gt;&gt;</a>&nbsp;&nbsp;&nbsp;delay
</UL>
<BR>[Called By]<UL><LI><a href="#[f6]">&gt;&gt;</a>&nbsp;&nbsp;&nbsp;ReadData
</UL>

<P><STRONG><a name="[e5]"></a>I2C_ack</STRONG> (Thumb, 100 bytes, Stack size 4 bytes, demo_iic_7514.o(i.I2C_ack))
<BR><BR>[Stack]<UL><LI>Max Depth = 4<LI>Call Chain = I2C_ack
</UL>
<BR>[Calls]<UL><LI><a href="#[e1]">&gt;&gt;</a>&nbsp;&nbsp;&nbsp;delay
</UL>
<BR>[Called By]<UL><LI><a href="#[f6]">&gt;&gt;</a>&nbsp;&nbsp;&nbsp;ReadData
</UL>

<P><STRONG><a name="[e6]"></a>I2C_receive_1byte</STRONG> (Thumb, 100 bytes, Stack size 8 bytes, demo_iic_7514.o(i.I2C_receive_1byte))
<BR><BR>[Stack]<UL><LI>Max Depth = 8<LI>Call Chain = I2C_receive_1byte
</UL>
<BR>[Calls]<UL><LI><a href="#[e1]">&gt;&gt;</a>&nbsp;&nbsp;&nbsp;delay
</UL>
<BR>[Called By]<UL><LI><a href="#[f6]">&gt;&gt;</a>&nbsp;&nbsp;&nbsp;ReadData
</UL>

<P><STRONG><a name="[e7]"></a>I2C_send_1byte</STRONG> (Thumb, 206 bytes, Stack size 12 bytes, demo_iic_7514.o(i.I2C_send_1byte))
<BR><BR>[Stack]<UL><LI>Max Depth = 12<LI>Call Chain = I2C_send_1byte
</UL>
<BR>[Calls]<UL><LI><a href="#[e1]">&gt;&gt;</a>&nbsp;&nbsp;&nbsp;delay
</UL>
<BR>[Called By]<UL><LI><a href="#[fe]">&gt;&gt;</a>&nbsp;&nbsp;&nbsp;WriteData
<LI><a href="#[f6]">&gt;&gt;</a>&nbsp;&nbsp;&nbsp;ReadData
</UL>

<P><STRONG><a name="[e8]"></a>I2C_start</STRONG> (Thumb, 76 bytes, Stack size 4 bytes, demo_iic_7514.o(i.I2C_start))
<BR><BR>[Stack]<UL><LI>Max Depth = 4<LI>Call Chain = I2C_start
</UL>
<BR>[Calls]<UL><LI><a href="#[e1]">&gt;&gt;</a>&nbsp;&nbsp;&nbsp;delay
</UL>
<BR>[Called By]<UL><LI><a href="#[fe]">&gt;&gt;</a>&nbsp;&nbsp;&nbsp;WriteData
<LI><a href="#[f6]">&gt;&gt;</a>&nbsp;&nbsp;&nbsp;ReadData
</UL>

<P><STRONG><a name="[e9]"></a>I2C_stop</STRONG> (Thumb, 94 bytes, Stack size 4 bytes, demo_iic_7514.o(i.I2C_stop))
<BR><BR>[Stack]<UL><LI>Max Depth = 4<LI>Call Chain = I2C_stop
</UL>
<BR>[Calls]<UL><LI><a href="#[e1]">&gt;&gt;</a>&nbsp;&nbsp;&nbsp;delay
</UL>
<BR>[Called By]<UL><LI><a href="#[fd]">&gt;&gt;</a>&nbsp;&nbsp;&nbsp;WTC7514_init_param
<LI><a href="#[fe]">&gt;&gt;</a>&nbsp;&nbsp;&nbsp;WriteData
<LI><a href="#[f6]">&gt;&gt;</a>&nbsp;&nbsp;&nbsp;ReadData
</UL>

<P><STRONG><a name="[3]"></a>MemManage_Handler</STRONG> (Thumb, 4 bytes, Stack size 0 bytes, stm32f4xx_it.o(i.MemManage_Handler))
<BR>[Address Reference Count : 1]<UL><LI> startup_stm32f401xc.o(RESET)
</UL>
<P><STRONG><a name="[1]"></a>NMI_Handler</STRONG> (Thumb, 2 bytes, Stack size 0 bytes, stm32f4xx_it.o(i.NMI_Handler))
<BR>[Address Reference Count : 1]<UL><LI> startup_stm32f401xc.o(RESET)
</UL>
<P><STRONG><a name="[8]"></a>PendSV_Handler</STRONG> (Thumb, 2 bytes, Stack size 0 bytes, stm32f4xx_it.o(i.PendSV_Handler))
<BR>[Address Reference Count : 1]<UL><LI> startup_stm32f401xc.o(RESET)
</UL>
<P><STRONG><a name="[f6]"></a>ReadData</STRONG> (Thumb, 94 bytes, Stack size 24 bytes, demo_iic_7514.o(i.ReadData))
<BR><BR>[Stack]<UL><LI>Max Depth = 36<LI>Call Chain = ReadData &rArr; I2C_send_1byte
</UL>
<BR>[Calls]<UL><LI><a href="#[e1]">&gt;&gt;</a>&nbsp;&nbsp;&nbsp;delay
<LI><a href="#[e9]">&gt;&gt;</a>&nbsp;&nbsp;&nbsp;I2C_stop
<LI><a href="#[e8]">&gt;&gt;</a>&nbsp;&nbsp;&nbsp;I2C_start
<LI><a href="#[e7]">&gt;&gt;</a>&nbsp;&nbsp;&nbsp;I2C_send_1byte
<LI><a href="#[e6]">&gt;&gt;</a>&nbsp;&nbsp;&nbsp;I2C_receive_1byte
<LI><a href="#[e5]">&gt;&gt;</a>&nbsp;&nbsp;&nbsp;I2C_ack
<LI><a href="#[e0]">&gt;&gt;</a>&nbsp;&nbsp;&nbsp;I2C_NoAck
</UL>
<BR>[Called By]<UL><LI><a href="#[ff]">&gt;&gt;</a>&nbsp;&nbsp;&nbsp;WTC7514_read_param
</UL>

<P><STRONG><a name="[6]"></a>SVC_Handler</STRONG> (Thumb, 2 bytes, Stack size 0 bytes, stm32f4xx_it.o(i.SVC_Handler))
<BR>[Address Reference Count : 1]<UL><LI> startup_stm32f401xc.o(RESET)
</UL>
<P><STRONG><a name="[9]"></a>SysTick_Handler</STRONG> (Thumb, 12 bytes, Stack size 8 bytes, stm32f4xx_it.o(i.SysTick_Handler))
<BR><BR>[Stack]<UL><LI>Max Depth = 16<LI>Call Chain = SysTick_Handler &rArr; HAL_SYSTICK_IRQHandler
</UL>
<BR>[Calls]<UL><LI><a href="#[b0]">&gt;&gt;</a>&nbsp;&nbsp;&nbsp;HAL_SYSTICK_IRQHandler
<LI><a href="#[f7]">&gt;&gt;</a>&nbsp;&nbsp;&nbsp;HAL_IncTick
</UL>
<BR>[Address Reference Count : 1]<UL><LI> startup_stm32f401xc.o(RESET)
</UL>
<P><STRONG><a name="[f8]"></a>SystemClock_Config</STRONG> (Thumb, 194 bytes, Stack size 80 bytes, main.o(i.SystemClock_Config))
<BR><BR>[Stack]<UL><LI>Max Depth = 160<LI>Call Chain = SystemClock_Config &rArr; HAL_RCC_ClockConfig &rArr; HAL_InitTick &rArr; HAL_NVIC_SetPriority &rArr; NVIC_SetPriority
</UL>
<BR>[Calls]<UL><LI><a href="#[a8]">&gt;&gt;</a>&nbsp;&nbsp;&nbsp;HAL_SYSTICK_Config
<LI><a href="#[f9]">&gt;&gt;</a>&nbsp;&nbsp;&nbsp;HAL_SYSTICK_CLKSourceConfig
<LI><a href="#[af]">&gt;&gt;</a>&nbsp;&nbsp;&nbsp;HAL_RCC_OscConfig
<LI><a href="#[ad]">&gt;&gt;</a>&nbsp;&nbsp;&nbsp;HAL_RCC_GetHCLKFreq
<LI><a href="#[ab]">&gt;&gt;</a>&nbsp;&nbsp;&nbsp;HAL_RCC_ClockConfig
<LI><a href="#[87]">&gt;&gt;</a>&nbsp;&nbsp;&nbsp;HAL_NVIC_SetPriority
<LI><a href="#[86]">&gt;&gt;</a>&nbsp;&nbsp;&nbsp;Error_Handler
</UL>
<BR>[Called By]<UL><LI><a href="#[42]">&gt;&gt;</a>&nbsp;&nbsp;&nbsp;main
</UL>

<P><STRONG><a name="[43]"></a>SystemInit</STRONG> (Thumb, 82 bytes, Stack size 0 bytes, system_stm32f4xx.o(i.SystemInit))
<BR>[Address Reference Count : 1]<UL><LI> startup_stm32f401xc.o(.text)
</UL>
<P><STRONG><a name="[22]"></a>TIM2_IRQHandler</STRONG> (Thumb, 10 bytes, Stack size 8 bytes, stm32f4xx_it.o(i.TIM2_IRQHandler))
<BR><BR>[Stack]<UL><LI>Max Depth = 56<LI>Call Chain = TIM2_IRQHandler &rArr; HAL_TIM_IRQHandler &rArr; HAL_TIM_PeriodElapsedCallback &rArr; control_walkingmotor_speed &rArr; HAL_TIM_WritePWMValue
</UL>
<BR>[Calls]<UL><LI><a href="#[ba]">&gt;&gt;</a>&nbsp;&nbsp;&nbsp;HAL_TIM_IRQHandler
</UL>
<BR>[Address Reference Count : 1]<UL><LI> startup_stm32f401xc.o(RESET)
</UL>
<P><STRONG><a name="[23]"></a>TIM3_IRQHandler</STRONG> (Thumb, 10 bytes, Stack size 8 bytes, stm32f4xx_it.o(i.TIM3_IRQHandler))
<BR><BR>[Stack]<UL><LI>Max Depth = 56<LI>Call Chain = TIM3_IRQHandler &rArr; HAL_TIM_IRQHandler &rArr; HAL_TIM_PeriodElapsedCallback &rArr; control_walkingmotor_speed &rArr; HAL_TIM_WritePWMValue
</UL>
<BR>[Calls]<UL><LI><a href="#[ba]">&gt;&gt;</a>&nbsp;&nbsp;&nbsp;HAL_TIM_IRQHandler
</UL>
<BR>[Address Reference Count : 1]<UL><LI> startup_stm32f401xc.o(RESET)
</UL>
<P><STRONG><a name="[32]"></a>TIM5_IRQHandler</STRONG> (Thumb, 10 bytes, Stack size 8 bytes, stm32f4xx_it.o(i.TIM5_IRQHandler))
<BR><BR>[Stack]<UL><LI>Max Depth = 56<LI>Call Chain = TIM5_IRQHandler &rArr; HAL_TIM_IRQHandler &rArr; HAL_TIM_PeriodElapsedCallback &rArr; control_walkingmotor_speed &rArr; HAL_TIM_WritePWMValue
</UL>
<BR>[Calls]<UL><LI><a href="#[ba]">&gt;&gt;</a>&nbsp;&nbsp;&nbsp;HAL_TIM_IRQHandler
</UL>
<BR>[Address Reference Count : 1]<UL><LI> startup_stm32f401xc.o(RESET)
</UL>
<P><STRONG><a name="[b4]"></a>TIM_Base_SetConfig</STRONG> (Thumb, 148 bytes, Stack size 0 bytes, stm32f4xx_hal_tim.o(i.TIM_Base_SetConfig))
<BR><BR>[Called By]<UL><LI><a href="#[c8]">&gt;&gt;</a>&nbsp;&nbsp;&nbsp;HAL_TIM_PWM_Init
<LI><a href="#[b2]">&gt;&gt;</a>&nbsp;&nbsp;&nbsp;HAL_TIM_Base_Init
</UL>

<P><STRONG><a name="[cb]"></a>TIM_CCxChannelCmd</STRONG> (Thumb, 28 bytes, Stack size 12 bytes, stm32f4xx_hal_tim.o(i.TIM_CCxChannelCmd))
<BR><BR>[Stack]<UL><LI>Max Depth = 12<LI>Call Chain = TIM_CCxChannelCmd
</UL>
<BR>[Called By]<UL><LI><a href="#[cc]">&gt;&gt;</a>&nbsp;&nbsp;&nbsp;HAL_TIM_PWM_Stop_IT
<LI><a href="#[ca]">&gt;&gt;</a>&nbsp;&nbsp;&nbsp;HAL_TIM_PWM_Start_IT
</UL>

<P><STRONG><a name="[c5]"></a>TIM_OC2_SetConfig</STRONG> (Thumb, 106 bytes, Stack size 12 bytes, stm32f4xx_hal_tim.o(i.TIM_OC2_SetConfig))
<BR><BR>[Stack]<UL><LI>Max Depth = 12<LI>Call Chain = TIM_OC2_SetConfig
</UL>
<BR>[Called By]<UL><LI><a href="#[c3]">&gt;&gt;</a>&nbsp;&nbsp;&nbsp;HAL_TIM_PWM_ConfigChannel
</UL>

<P><STRONG><a name="[2b]"></a>USART1_IRQHandler</STRONG> (Thumb, 10 bytes, Stack size 8 bytes, stm32f4xx_it.o(i.USART1_IRQHandler))
<BR><BR>[Stack]<UL><LI>Max Depth = 56<LI>Call Chain = USART1_IRQHandler &rArr; HAL_UART_IRQHandler &rArr; UART_Receive_IT
</UL>
<BR>[Calls]<UL><LI><a href="#[cf]">&gt;&gt;</a>&nbsp;&nbsp;&nbsp;HAL_UART_IRQHandler
</UL>
<BR>[Address Reference Count : 1]<UL><LI> startup_stm32f401xc.o(RESET)
</UL>
<P><STRONG><a name="[3d]"></a>USART6_IRQHandler</STRONG> (Thumb, 10 bytes, Stack size 8 bytes, stm32f4xx_it.o(i.USART6_IRQHandler))
<BR><BR>[Stack]<UL><LI>Max Depth = 56<LI>Call Chain = USART6_IRQHandler &rArr; HAL_UART_IRQHandler &rArr; UART_Receive_IT
</UL>
<BR>[Calls]<UL><LI><a href="#[cf]">&gt;&gt;</a>&nbsp;&nbsp;&nbsp;HAL_UART_IRQHandler
</UL>
<BR>[Address Reference Count : 1]<UL><LI> startup_stm32f401xc.o(RESET)
</UL>
<P><STRONG><a name="[5]"></a>UsageFault_Handler</STRONG> (Thumb, 4 bytes, Stack size 0 bytes, stm32f4xx_it.o(i.UsageFault_Handler))
<BR>[Address Reference Count : 1]<UL><LI> startup_stm32f401xc.o(RESET)
</UL>
<P><STRONG><a name="[fc]"></a>WTC7514_init_gpio</STRONG> (Thumb, 94 bytes, Stack size 24 bytes, demo_iic_7514.o(i.WTC7514_init_gpio))
[...]
<BR><BR>[Stack]<UL><LI>Max Depth = 16<LI>Call Chain = I2C_Master_ADDR
</UL>
<BR>[Called By]<UL><LI><a href="#[93]">&gt;&gt;</a>&nbsp;&nbsp;&nbsp;HAL_I2C_EV_IRQHandler
</UL>

<P><STRONG><a name="[94]"></a>I2C_Master_SB</STRONG> (Thumb, 130 bytes, Stack size 0 bytes, stm32f4xx_hal_i2c.o(i.I2C_Master_SB))
<BR><BR>[Called By]<UL><LI><a href="#[93]">&gt;&gt;</a>&nbsp;&nbsp;&nbsp;HAL_I2C_EV_IRQHandler
</UL>

<P><STRONG><a name="[a0]"></a>I2C_SlaveReceive_BTF</STRONG> (Thumb, 30 bytes, Stack size 0 bytes, stm32f4xx_hal_i2c.o(i.I2C_SlaveReceive_BTF))
<BR><BR>[Called By]<UL><LI><a href="#[93]">&gt;&gt;</a>&nbsp;&nbsp;&nbsp;HAL_I2C_EV_IRQHandler
</UL>

<P><STRONG><a name="[9f]"></a>I2C_SlaveReceive_RXNE</STRONG> (Thumb, 72 bytes, Stack size 16 bytes, stm32f4xx_hal_i2c.o(i.I2C_SlaveReceive_RXNE))
<BR><BR>[Stack]<UL><LI>Max Depth = 16<LI>Call Chain = I2C_SlaveReceive_RXNE
</UL>
<BR>[Calls]<UL><LI><a href="#[e2]">&gt;&gt;</a>&nbsp;&nbsp;&nbsp;HAL_I2C_SlaveRxCpltCallback
</UL>
<BR>[Called By]<UL><LI><a href="#[93]">&gt;&gt;</a>&nbsp;&nbsp;&nbsp;HAL_I2C_EV_IRQHandler
</UL>

<P><STRONG><a name="[9e]"></a>I2C_SlaveTransmit_BTF</STRONG> (Thumb, 28 bytes, Stack size 0 bytes, stm32f4xx_hal_i2c.o(i.I2C_SlaveTransmit_BTF))
<BR><BR>[Called By]<UL><LI><a href="#[93]">&gt;&gt;</a>&nbsp;&nbsp;&nbsp;HAL_I2C_EV_IRQHandler
</UL>

<P><STRONG><a name="[9d]"></a>I2C_SlaveTransmit_TXE</STRONG> (Thumb, 70 bytes, Stack size 16 bytes, stm32f4xx_hal_i2c.o(i.I2C_SlaveTransmit_TXE))
<BR><BR>[Stack]<UL><LI>Max Depth = 16<LI>Call Chain = I2C_SlaveTransmit_TXE
</UL>
<BR>[Calls]<UL><LI><a href="#[e3]">&gt;&gt;</a>&nbsp;&nbsp;&nbsp;HAL_I2C_SlaveTxCpltCallback
</UL>
<BR>[Called By]<UL><LI><a href="#[93]">&gt;&gt;</a>&nbsp;&nbsp;&nbsp;HAL_I2C_EV_IRQHandler
</UL>

<P><STRONG><a name="[9b]"></a>I2C_Slave_ADDR</STRONG> (Thumb, 54 bytes, Stack size 16 bytes, stm32f4xx_hal_i2c.o(i.I2C_Slave_ADDR))
<BR><BR>[Stack]<UL><LI>Max Depth = 16<LI>Call Chain = I2C_Slave_ADDR
</UL>
<BR>[Calls]<UL><LI><a href="#[e4]">&gt;&gt;</a>&nbsp;&nbsp;&nbsp;HAL_I2C_AddrCallback
</UL>
<BR>[Called By]<UL><LI><a href="#[93]">&gt;&gt;</a>&nbsp;&nbsp;&nbsp;HAL_I2C_EV_IRQHandler
</UL>

<P><STRONG><a name="[91]"></a>I2C_Slave_AF</STRONG> (Thumb, 158 bytes, Stack size 16 bytes, stm32f4xx_hal_i2c.o(i.I2C_Slave_AF))
<BR><BR>[Stack]<UL><LI>Max Depth = 16<LI>Call Chain = I2C_Slave_AF
</UL>
<BR>[Calls]<UL><LI><a href="#[db]">&gt;&gt;</a>&nbsp;&nbsp;&nbsp;HAL_I2C_ListenCpltCallback
<LI><a href="#[e3]">&gt;&gt;</a>&nbsp;&nbsp;&nbsp;HAL_I2C_SlaveTxCpltCallback
</UL>
<BR>[Called By]<UL><LI><a href="#[90]">&gt;&gt;</a>&nbsp;&nbsp;&nbsp;HAL_I2C_ER_IRQHandler
</UL>

<P><STRONG><a name="[9c]"></a>I2C_Slave_STOPF</STRONG> (Thumb, 268 bytes, Stack size 16 bytes, stm32f4xx_hal_i2c.o(i.I2C_Slave_STOPF))
<BR><BR>[Stack]<UL><LI>Max Depth = 32<LI>Call Chain = I2C_Slave_STOPF &rArr; I2C_ITError
</UL>
<BR>[Calls]<UL><LI><a href="#[db]">&gt;&gt;</a>&nbsp;&nbsp;&nbsp;HAL_I2C_ListenCpltCallback
<LI><a href="#[92]">&gt;&gt;</a>&nbsp;&nbsp;&nbsp;I2C_ITError
<LI><a href="#[e2]">&gt;&gt;</a>&nbsp;&nbsp;&nbsp;HAL_I2C_SlaveRxCpltCallback
</UL>
<BR>[Called By]<UL><LI><a href="#[93]">&gt;&gt;</a>&nbsp;&nbsp;&nbsp;HAL_I2C_EV_IRQHandler
</UL>

<P><STRONG><a name="[48]"></a>UART_DMAAbortOnError</STRONG> (Thumb, 20 bytes, Stack size 16 bytes, stm32f4xx_hal_uart.o(i.UART_DMAAbortOnError))
<BR><BR>[Stack]<UL><LI>Max Depth = 16<LI>Call Chain = UART_DMAAbortOnError
</UL>
<BR>[Calls]<UL><LI><a href="#[d3]">&gt;&gt;</a>&nbsp;&nbsp;&nbsp;HAL_UART_ErrorCallback
</UL>
<BR>[Address Reference Count : 1]<UL><LI> stm32f4xx_hal_uart.o(i.HAL_UART_IRQHandler)
</UL>
<P><STRONG><a name="[d1]"></a>UART_EndRxTransfer</STRONG> (Thumb, 32 bytes, Stack size 0 bytes, stm32f4xx_hal_uart.o(i.UART_EndRxTransfer))
<BR><BR>[Called By]<UL><LI><a href="#[cf]">&gt;&gt;</a>&nbsp;&nbsp;&nbsp;HAL_UART_IRQHandler
</UL>

<P><STRONG><a name="[d5]"></a>UART_EndTransmit_IT</STRONG> (Thumb, 32 bytes, Stack size 8 bytes, stm32f4xx_hal_uart.o(i.UART_EndTransmit_IT))
<BR><BR>[Stack]<UL><LI>Max Depth = 8<LI>Call Chain = UART_EndTransmit_IT
</UL>
<BR>[Calls]<UL><LI><a href="#[fa]">&gt;&gt;</a>&nbsp;&nbsp;&nbsp;HAL_UART_TxCpltCallback
</UL>
<BR>[Called By]<UL><LI><a href="#[cf]">&gt;&gt;</a>&nbsp;&nbsp;&nbsp;HAL_UART_IRQHandler
</UL>

<P><STRONG><a name="[d0]"></a>UART_Receive_IT</STRONG> (Thumb, 154 bytes, Stack size 16 bytes, stm32f4xx_hal_uart.o(i.UART_Receive_IT))
<BR><BR>[Stack]<UL><LI>Max Depth = 16<LI>Call Chain = UART_Receive_IT
</UL>
<BR>[Calls]<UL><LI><a href="#[fb]">&gt;&gt;</a>&nbsp;&nbsp;&nbsp;HAL_UART_RxCpltCallback
</UL>
<BR>[Called By]<UL><LI><a href="#[cf]">&gt;&gt;</a>&nbsp;&nbsp;&nbsp;HAL_UART_IRQHandler
</UL>

<P><STRONG><a name="[d8]"></a>UART_SetConfig</STRONG> (Thumb, 864 bytes, Stack size 24 bytes, stm32f4xx_hal_uart.o(i.UART_SetConfig))
<BR><BR>[Stack]<UL><LI>Max Depth = 28<LI>Call Chain = UART_SetConfig &rArr; HAL_RCC_GetPCLK2Freq
</UL>
<BR>[Calls]<UL><LI><a href="#[ae]">&gt;&gt;</a>&nbsp;&nbsp;&nbsp;HAL_RCC_GetPCLK2Freq
<LI><a href="#[a3]">&gt;&gt;</a>&nbsp;&nbsp;&nbsp;HAL_RCC_GetPCLK1Freq
</UL>
<BR>[Called By]<UL><LI><a href="#[d6]">&gt;&gt;</a>&nbsp;&nbsp;&nbsp;HAL_UART_Init
</UL>

<P><STRONG><a name="[d4]"></a>UART_Transmit_IT</STRONG> (Thumb, 104 bytes, Stack size 0 bytes, stm32f4xx_hal_uart.o(i.UART_Transmit_IT))
<BR><BR>[Called By]<UL><LI><a href="#[cf]">&gt;&gt;</a>&nbsp;&nbsp;&nbsp;HAL_UART_IRQHandler
</UL>

<P><STRONG><a name="[45]"></a>ADC_DMAConvCplt</STRONG> (Thumb, 110 bytes, Stack size 16 bytes, stm32f4xx_hal_adc.o(i.ADC_DMAConvCplt))
<BR><BR>[Stack]<UL><LI>Max Depth = 16<LI>Call Chain = ADC_DMAConvCplt
</UL>
<BR>[Calls]<UL><LI><a href="#[54]">&gt;&gt;</a>&nbsp;&nbsp;&nbsp;HAL_ADC_ConvCpltCallback
</UL>
<BR>[Address Reference Count : 1]<UL><LI> stm32f4xx_hal_adc.o(i.HAL_ADC_Start_DMA)
</UL>
<P><STRONG><a name="[47]"></a>ADC_DMAError</STRONG> (Thumb, 26 bytes, Stack size 16 bytes, stm32f4xx_hal_adc.o(i.ADC_DMAError))
<BR><BR>[Stack]<UL><LI>Max Depth = 16<LI>Call Chain = ADC_DMAError
</UL>
<BR>[Calls]<UL><LI><a href="#[55]">&gt;&gt;</a>&nbsp;&nbsp;&nbsp;HAL_ADC_ErrorCallback
</UL>
<BR>[Address Reference Count : 1]<UL><LI> stm32f4xx_hal_adc.o(i.HAL_ADC_Start_DMA)
</UL>
<P><STRONG><a name="[46]"></a>ADC_DMAHalfConvCplt</STRONG> (Thumb, 14 bytes, Stack size 16 bytes, stm32f4xx_hal_adc.o(i.ADC_DMAHalfConvCplt))
<BR><BR>[Stack]<UL><LI>Max Depth = 16<LI>Call Chain = ADC_DMAHalfConvCplt
</UL>
<BR>[Calls]<UL><LI><a href="#[56]">&gt;&gt;</a>&nbsp;&nbsp;&nbsp;HAL_ADC_ConvHalfCpltCallback
</UL>
<BR>[Address Reference Count : 1]<UL><LI> stm32f4xx_hal_adc.o(i.HAL_ADC_Start_DMA)
</UL>
<P><STRONG><a name="[84]"></a>ADC_Init</STRONG> (Thumb, 362 bytes, Stack size 0 bytes, stm32f4xx_hal_adc.o(i.ADC_Init))
<BR><BR>[Called By]<UL><LI><a href="#[82]">&gt;&gt;</a>&nbsp;&nbsp;&nbsp;HAL_ADC_Init
</UL>

<P><STRONG><a name="[58]"></a>AW9106_Hw_reset</STRONG> (Thumb, 38 bytes, Stack size 8 bytes, left_breaking.o(i.AW9106_Hw_reset))
<BR><BR>[Stack]<UL><LI>Max Depth = 8<LI>Call Chain = AW9106_Hw_reset
</UL>
<BR>[Calls]<UL><LI><a href="#[59]">&gt;&gt;</a>&nbsp;&nbsp;&nbsp;HAL_GPIO_WritePin
<LI><a href="#[5a]">&gt;&gt;</a>&nbsp;&nbsp;&nbsp;AW9106_delay_1us
</UL>
<BR>[Called By]<UL><LI><a href="#[79]">&gt;&gt;</a>&nbsp;&nbsp;&nbsp;AW9106_left_init
</UL>

<P><STRONG><a name="[5f]"></a>AW9106_SoftReset</STRONG> (Thumb, 18 bytes, Stack size 8 bytes, left_breaking.o(i.AW9106_SoftReset))
<BR><BR>[Stack]<UL><LI>Max Depth = 64<LI>Call Chain = AW9106_SoftReset &rArr; AW9106_i2c_write_reg &rArr; AW9106_i2c_write_reg_org &rArr; AW9106_i2c_write_byte
</UL>
<BR>[Calls]<UL><LI><a href="#[60]">&gt;&gt;</a>&nbsp;&nbsp;&nbsp;AW9106_i2c_write_reg
<LI><a href="#[5a]">&gt;&gt;</a>&nbsp;&nbsp;&nbsp;AW9106_delay_1us
</UL>
<BR>[Called By]<UL><LI><a href="#[79]">&gt;&gt;</a>&nbsp;&nbsp;&nbsp;AW9106_left_init
</UL>

<P><STRONG><a name="[5a]"></a>AW9106_delay_1us</STRONG> (Thumb, 20 bytes, Stack size 0 bytes, left_breaking.o(i.AW9106_delay_1us))
<BR><BR>[Called By]<UL><LI><a href="#[73]">&gt;&gt;</a>&nbsp;&nbsp;&nbsp;AW9106_i2c_write_byte
<LI><a href="#[70]">&gt;&gt;</a>&nbsp;&nbsp;&nbsp;AW9106_i2c_stop
<LI><a href="#[6d]">&gt;&gt;</a>&nbsp;&nbsp;&nbsp;AW9106_i2c_start
<LI><a href="#[6b]">&gt;&gt;</a>&nbsp;&nbsp;&nbsp;AW9106_i2c_initial
<LI><a href="#[5f]">&gt;&gt;</a>&nbsp;&nbsp;&nbsp;AW9106_SoftReset
<LI><a href="#[58]">&gt;&gt;</a>&nbsp;&nbsp;&nbsp;AW9106_Hw_reset
</UL>

<P><STRONG><a name="[6b]"></a>AW9106_i2c_initial</STRONG> (Thumb, 44 bytes, Stack size 8 bytes, left_breaking.o(i.AW9106_i2c_initial))
<BR><BR>[Stack]<UL><LI>Max Depth = 8<LI>Call Chain = AW9106_i2c_initial
</UL>
<BR>[Calls]<UL><LI><a href="#[5a]">&gt;&gt;</a>&nbsp;&nbsp;&nbsp;AW9106_delay_1us
</UL>
<BR>[Called By]<UL><LI><a href="#[79]">&gt;&gt;</a>&nbsp;&nbsp;&nbsp;AW9106_left_init
</UL>

<P><STRONG><a name="[6d]"></a>AW9106_i2c_start</STRONG> (Thumb, 68 bytes, Stack size 8 bytes, left_breaking.o(i.AW9106_i2c_start))
<BR><BR>[Stack]<UL><LI>Max Depth = 8<LI>Call Chain = AW9106_i2c_start
</UL>
<BR>[Calls]<UL><LI><a href="#[5a]">&gt;&gt;</a>&nbsp;&nbsp;&nbsp;AW9106_delay_1us
</UL>
<BR>[Called By]<UL><LI><a href="#[76]">&gt;&gt;</a>&nbsp;&nbsp;&nbsp;AW9106_i2c_write_reg_org
</UL>

<P><STRONG><a name="[70]"></a>AW9106_i2c_stop</STRONG> (Thumb, 52 bytes, Stack size 8 bytes, left_breaking.o(i.AW9106_i2c_stop))
<BR><BR>[Stack]<UL><LI>Max Depth = 8<LI>Call Chain = AW9106_i2c_stop
</UL>
<BR>[Calls]<UL><LI><a href="#[5a]">&gt;&gt;</a>&nbsp;&nbsp;&nbsp;AW9106_delay_1us
</UL>
<BR>[Called By]<UL><LI><a href="#[76]">&gt;&gt;</a>&nbsp;&nbsp;&nbsp;AW9106_i2c_write_reg_org
</UL>

<P><STRONG><a name="[73]"></a>AW9106_i2c_write_byte</STRONG> (Thumb, 140 bytes, Stack size 16 bytes, left_breaking.o(i.AW9106_i2c_write_byte))
<BR><BR>[Stack]<UL><LI>Max Depth = 16<LI>Call Chain = AW9106_i2c_write_byte
</UL>
<BR>[Calls]<UL><LI><a href="#[5a]">&gt;&gt;</a>&nbsp;&nbsp;&nbsp;AW9106_delay_1us
</UL>
<BR>[Called By]<UL><LI><a href="#[76]">&gt;&gt;</a>&nbsp;&nbsp;&nbsp;AW9106_i2c_write_reg_org
</UL>

<P><STRONG><a name="[60]"></a>AW9106_i2c_write_reg</STRONG> (Thumb, 44 bytes, Stack size 24 bytes, left_breaking.o(i.AW9106_i2c_write_reg))
<BR><BR>[Stack]<UL><LI>Max Depth = 56<LI>Call Chain = AW9106_i2c_write_reg &rArr; AW9106_i2c_write_reg_org &rArr; AW9106_i2c_write_byte
</UL>
<BR>[Calls]<UL><LI><a href="#[76]">&gt;&gt;</a>&nbsp;&nbsp;&nbsp;AW9106_i2c_write_reg_org
</UL>
<BR>[Called By]<UL><LI><a href="#[7c]">&gt;&gt;</a>&nbsp;&nbsp;&nbsp;AW9523_breath_left_loop
<LI><a href="#[79]">&gt;&gt;</a>&nbsp;&nbsp;&nbsp;AW9106_left_init
<LI><a href="#[5f]">&gt;&gt;</a>&nbsp;&nbsp;&nbsp;AW9106_SoftReset
</UL>

<P><STRONG><a name="[76]"></a>AW9106_i2c_write_reg_org</STRONG> (Thumb, 74 bytes, Stack size 16 bytes, left_breaking.o(i.AW9106_i2c_write_reg_org))
<BR><BR>[Stack]<UL><LI>Max Depth = 32<LI>Call Chain = AW9106_i2c_write_reg_org &rArr; AW9106_i2c_write_byte
</UL>
<BR>[Calls]<UL><LI><a href="#[73]">&gt;&gt;</a>&nbsp;&nbsp;&nbsp;AW9106_i2c_write_byte
<LI><a href="#[70]">&gt;&gt;</a>&nbsp;&nbsp;&nbsp;AW9106_i2c_stop
<LI><a href="#[6d]">&gt;&gt;</a>&nbsp;&nbsp;&nbsp;AW9106_i2c_start
</UL>
<BR>[Called By]<UL><LI><a href="#[60]">&gt;&gt;</a>&nbsp;&nbsp;&nbsp;AW9106_i2c_write_reg
</UL>

<P><STRONG><a name="[5b]"></a>AW9106_Hw_reset</STRONG> (Thumb, 38 bytes, Stack size 8 bytes, right_breaking.o(i.AW9106_Hw_reset))
<BR><BR>[Stack]<UL><LI>Max Depth = 8<LI>Call Chain = AW9106_Hw_reset
</UL>
<BR>[Calls]<UL><LI><a href="#[59]">&gt;&gt;</a>&nbsp;&nbsp;&nbsp;HAL_GPIO_WritePin
<LI><a href="#[5c]">&gt;&gt;</a>&nbsp;&nbsp;&nbsp;AW9106_delay_1us
</UL>
<BR>[Called By]<UL><LI><a href="#[7a]">&gt;&gt;</a>&nbsp;&nbsp;&nbsp;AW9106_right_init
</UL>

<P><STRONG><a name="[61]"></a>AW9106_SoftReset</STRONG> (Thumb, 18 bytes, Stack size 8 bytes, right_breaking.o(i.AW9106_SoftReset))
<BR><BR>[Stack]<UL><LI>Max Depth = 64<LI>Call Chain = AW9106_SoftReset &rArr; AW9106_i2c_write_reg &rArr; AW9106_i2c_write_reg_org &rArr; AW9106_i2c_write_byte
</UL>
<BR>[Calls]<UL><LI><a href="#[62]">&gt;&gt;</a>&nbsp;&nbsp;&nbsp;AW9106_i2c_write_reg
<LI><a href="#[5c]">&gt;&gt;</a>&nbsp;&nbsp;&nbsp;AW9106_delay_1us
</UL>
<BR>[Called By]<UL><LI><a href="#[7a]">&gt;&gt;</a>&nbsp;&nbsp;&nbsp;AW9106_right_init
</UL>

<P><STRONG><a name="[5c]"></a>AW9106_delay_1us</STRONG> (Thumb, 20 bytes, Stack size 0 bytes, right_breaking.o(i.AW9106_delay_1us))
<BR><BR>[Called By]<UL><LI><a href="#[74]">&gt;&gt;</a>&nbsp;&nbsp;&nbsp;AW9106_i2c_write_byte
<LI><a href="#[71]">&gt;&gt;</a>&nbsp;&nbsp;&nbsp;AW9106_i2c_stop
<LI><a href="#[6e]">&gt;&gt;</a>&nbsp;&nbsp;&nbsp;AW9106_i2c_start
<LI><a href="#[6c]">&gt;&gt;</a>&nbsp;&nbsp;&nbsp;AW9106_i2c_initial
<LI><a href="#[61]">&gt;&gt;</a>&nbsp;&nbsp;&nbsp;AW9106_SoftReset
<LI><a href="#[5b]">&gt;&gt;</a>&nbsp;&nbsp;&nbsp;AW9106_Hw_reset
</UL>

<P><STRONG><a name="[6c]"></a>AW9106_i2c_initial</STRONG> (Thumb, 44 bytes, Stack size 8 bytes, right_breaking.o(i.AW9106_i2c_initial))
<BR><BR>[Stack]<UL><LI>Max Depth = 8<LI>Call Chain = AW9106_i2c_initial
</UL>
<BR>[Calls]<UL><LI><a href="#[5c]">&gt;&gt;</a>&nbsp;&nbsp;&nbsp;AW9106_delay_1us
</UL>
<BR>[Called By]<UL><LI><a href="#[7a]">&gt;&gt;</a>&nbsp;&nbsp;&nbsp;AW9106_right_init
</UL>

<P><STRONG><a name="[6e]"></a>AW9106_i2c_start</STRONG> (Thumb, 68 bytes, Stack size 8 bytes, right_breaking.o(i.AW9106_i2c_start))
<BR><BR>[Stack]<UL><LI>Max Depth = 8<LI>Call Chain = AW9106_i2c_start
</UL>
<BR>[Calls]<UL><LI><a href="#[5c]">&gt;&gt;</a>&nbsp;&nbsp;&nbsp;AW9106_delay_1us
</UL>
<BR>[Called By]<UL><LI><a href="#[77]">&gt;&gt;</a>&nbsp;&nbsp;&nbsp;AW9106_i2c_write_reg_org
</UL>

<P><STRONG><a name="[71]"></a>AW9106_i2c_stop</STRONG> (Thumb, 52 bytes, Stack size 8 bytes, right_breaking.o(i.AW9106_i2c_stop))
<BR><BR>[Stack]<UL><LI>Max Depth = 8<LI>Call Chain = AW9106_i2c_stop
</UL>
<BR>[Calls]<UL><LI><a href="#[5c]">&gt;&gt;</a>&nbsp;&nbsp;&nbsp;AW9106_delay_1us
</UL>
<BR>[Called By]<UL><LI><a href="#[77]">&gt;&gt;</a>&nbsp;&nbsp;&nbsp;AW9106_i2c_write_reg_org
</UL>

<P><STRONG><a name="[74]"></a>AW9106_i2c_write_byte</STRONG> (Thumb, 140 bytes, Stack size 16 bytes, right_breaking.o(i.AW9106_i2c_write_byte))
<BR><BR>[Stack]<UL><LI>Max Depth = 16<LI>Call Chain = AW9106_i2c_write_byte
</UL>
<BR>[Calls]<UL><LI><a href="#[5c]">&gt;&gt;</a>&nbsp;&nbsp;&nbsp;AW9106_delay_1us
</UL>
<BR>[Called By]<UL><LI><a href="#[77]">&gt;&gt;</a>&nbsp;&nbsp;&nbsp;AW9106_i2c_write_reg_org
</UL>

<P><STRONG><a name="[62]"></a>AW9106_i2c_write_reg</STRONG> (Thumb, 44 bytes, Stack size 24 bytes, right_breaking.o(i.AW9106_i2c_write_reg))
<BR><BR>[Stack]<UL><LI>Max Depth = 56<LI>Call Chain = AW9106_i2c_write_reg &rArr; AW9106_i2c_write_reg_org &rArr; AW9106_i2c_write_byte
</UL>
<BR>[Calls]<UL><LI><a href="#[77]">&gt;&gt;</a>&nbsp;&nbsp;&nbsp;AW9106_i2c_write_reg_org
</UL>
<BR>[Called By]<UL><LI><a href="#[7d]">&gt;&gt;</a>&nbsp;&nbsp;&nbsp;AW9523_breath_right_loop
<LI><a href="#[7a]">&gt;&gt;</a>&nbsp;&nbsp;&nbsp;AW9106_right_init
<LI><a href="#[61]">&gt;&gt;</a>&nbsp;&nbsp;&nbsp;AW9106_SoftReset
</UL>

<P><STRONG><a name="[77]"></a>AW9106_i2c_write_reg_org</STRONG> (Thumb, 74 bytes, Stack size 16 bytes, right_breaking.o(i.AW9106_i2c_write_reg_org))
<BR><BR>[Stack]<UL><LI>Max Depth = 32<LI>Call Chain = AW9106_i2c_write_reg_org &rArr; AW9106_i2c_write_byte
</UL>
<BR>[Calls]<UL><LI><a href="#[74]">&gt;&gt;</a>&nbsp;&nbsp;&nbsp;AW9106_i2c_write_byte
<LI><a href="#[71]">&gt;&gt;</a>&nbsp;&nbsp;&nbsp;AW9106_i2c_stop
<LI><a href="#[6e]">&gt;&gt;</a>&nbsp;&nbsp;&nbsp;AW9106_i2c_start
</UL>
<BR>[Called By]<UL><LI><a href="#[62]">&gt;&gt;</a>&nbsp;&nbsp;&nbsp;AW9106_i2c_write_reg
</UL>

<P><STRONG><a name="[5d]"></a>AW9106_Hw_reset</STRONG> (Thumb, 38 bytes, Stack size 8 bytes, front_breaking.o(i.AW9106_Hw_reset))
<BR><BR>[Stack]<UL><LI>Max Depth = 8<LI>Call Chain = AW9106_Hw_reset
</UL>
<BR>[Calls]<UL><LI><a href="#[59]">&gt;&gt;</a>&nbsp;&nbsp;&nbsp;HAL_GPIO_WritePin
<LI><a href="#[5e]">&gt;&gt;</a>&nbsp;&nbsp;&nbsp;AW9106_delay_1us
</UL>
<BR>[Called By]<UL><LI><a href="#[65]">&gt;&gt;</a>&nbsp;&nbsp;&nbsp;AW9106_front_init
</UL>

<P><STRONG><a name="[63]"></a>AW9106_SoftReset</STRONG> (Thumb, 18 bytes, Stack size 8 bytes, front_breaking.o(i.AW9106_SoftReset))
<BR><BR>[Stack]<UL><LI>Max Depth = 64<LI>Call Chain = AW9106_SoftReset &rArr; AW9106_i2c_write_reg &rArr; AW9106_i2c_write_reg_org &rArr; AW9106_i2c_write_byte
</UL>
<BR>[Calls]<UL><LI><a href="#[64]">&gt;&gt;</a>&nbsp;&nbsp;&nbsp;AW9106_i2c_write_reg
<LI><a href="#[5e]">&gt;&gt;</a>&nbsp;&nbsp;&nbsp;AW9106_delay_1us
</UL>
<BR>[Called By]<UL><LI><a href="#[65]">&gt;&gt;</a>&nbsp;&nbsp;&nbsp;AW9106_front_init
</UL>

<P><STRONG><a name="[5e]"></a>AW9106_delay_1us</STRONG> (Thumb, 20 bytes, Stack size 0 bytes, front_breaking.o(i.AW9106_delay_1us))
<BR><BR>[Called By]<UL><LI><a href="#[75]">&gt;&gt;</a>&nbsp;&nbsp;&nbsp;AW9106_i2c_write_byte
<LI><a href="#[72]">&gt;&gt;</a>&nbsp;&nbsp;&nbsp;AW9106_i2c_stop
<LI><a href="#[6f]">&gt;&gt;</a>&nbsp;&nbsp;&nbsp;AW9106_i2c_start
<LI><a href="#[66]">&gt;&gt;</a>&nbsp;&nbsp;&nbsp;AW9106_i2c_initial
<LI><a href="#[63]">&gt;&gt;</a>&nbsp;&nbsp;&nbsp;AW9106_SoftReset
<LI><a href="#[5d]">&gt;&gt;</a>&nbsp;&nbsp;&nbsp;AW9106_Hw_reset
</UL>

<P><STRONG><a name="[66]"></a>AW9106_i2c_initial</STRONG> (Thumb, 44 bytes, Stack size 8 bytes, front_breaking.o(i.AW9106_i2c_initial))
<BR><BR>[Stack]<UL><LI>Max Depth = 8<LI>Call Chain = AW9106_i2c_initial
</UL>
<BR>[Calls]<UL><LI><a href="#[5e]">&gt;&gt;</a>&nbsp;&nbsp;&nbsp;AW9106_delay_1us
</UL>
<BR>[Called By]<UL><LI><a href="#[65]">&gt;&gt;</a>&nbsp;&nbsp;&nbsp;AW9106_front_init
</UL>

<P><STRONG><a name="[6f]"></a>AW9106_i2c_start</STRONG> (Thumb, 68 bytes, Stack size 8 bytes, front_breaking.o(i.AW9106_i2c_start))
<BR><BR>[Stack]<UL><LI>Max Depth = 8<LI>Call Chain = AW9106_i2c_start
</UL>
<BR>[Calls]<UL><LI><a href="#[5e]">&gt;&gt;</a>&nbsp;&nbsp;&nbsp;AW9106_delay_1us
</UL>
<BR>[Called By]<UL><LI><a href="#[78]">&gt;&gt;</a>&nbsp;&nbsp;&nbsp;AW9106_i2c_write_reg_org
</UL>

<P><STRONG><a name="[72]"></a>AW9106_i2c_stop</STRONG> (Thumb, 52 bytes, Stack size 8 bytes, front_breaking.o(i.AW9106_i2c_stop))
<BR><BR>[Stack]<UL><LI>Max Depth = 8<LI>Call Chain = AW9106_i2c_stop
</UL>
<BR>[Calls]<UL><LI><a href="#[5e]">&gt;&gt;</a>&nbsp;&nbsp;&nbsp;AW9106_delay_1us
</UL>
<BR>[Called By]<UL><LI><a href="#[78]">&gt;&gt;</a>&nbsp;&nbsp;&nbsp;AW9106_i2c_write_reg_org
</UL>

<P><STRONG><a name="[75]"></a>AW9106_i2c_write_byte</STRONG> (Thumb, 140 bytes, Stack size 16 bytes, front_breaking.o(i.AW9106_i2c_write_byte))
<BR><BR>[Stack]<UL><LI>Max Depth = 16<LI>Call Chain = AW9106_i2c_write_byte
</UL>
<BR>[Calls]<UL><LI><a href="#[5e]">&gt;&gt;</a>&nbsp;&nbsp;&nbsp;AW9106_delay_1us
</UL>
<BR>[Called By]<UL><LI><a href="#[78]">&gt;&gt;</a>&nbsp;&nbsp;&nbsp;AW9106_i2c_write_reg_org
</UL>

<P><STRONG><a name="[64]"></a>AW9106_i2c_write_reg</STRONG> (Thumb, 44 bytes, Stack size 24 bytes, front_breaking.o(i.AW9106_i2c_write_reg))
<BR><BR>[Stack]<UL><LI>Max Depth = 56<LI>Call Chain = AW9106_i2c_write_reg &rArr; AW9106_i2c_write_reg_org &rArr; AW9106_i2c_write_byte
</UL>
<BR>[Calls]<UL><LI><a href="#[78]">&gt;&gt;</a>&nbsp;&nbsp;&nbsp;AW9106_i2c_write_reg_org
</UL>
<BR>[Called By]<UL><LI><a href="#[7b]">&gt;&gt;</a>&nbsp;&nbsp;&nbsp;AW9523_breath_front_loop
<LI><a href="#[65]">&gt;&gt;</a>&nbsp;&nbsp;&nbsp;AW9106_front_init
<LI><a href="#[63]">&gt;&gt;</a>&nbsp;&nbsp;&nbsp;AW9106_SoftReset
</UL>

<P><STRONG><a name="[78]"></a>AW9106_i2c_write_reg_org</STRONG> (Thumb, 74 bytes, Stack size 16 bytes, front_breaking.o(i.AW9106_i2c_write_reg_org))
<BR><BR>[Stack]<UL><LI>Max Depth = 32<LI>Call Chain = AW9106_i2c_write_reg_org &rArr; AW9106_i2c_write_byte
</UL>
<BR>[Calls]<UL><LI><a href="#[75]">&gt;&gt;</a>&nbsp;&nbsp;&nbsp;AW9106_i2c_write_byte
<LI><a href="#[72]">&gt;&gt;</a>&nbsp;&nbsp;&nbsp;AW9106_i2c_stop
<LI><a href="#[6f]">&gt;&gt;</a>&nbsp;&nbsp;&nbsp;AW9106_i2c_start
</UL>
<BR>[Called By]<UL><LI><a href="#[64]">&gt;&gt;</a>&nbsp;&nbsp;&nbsp;AW9106_i2c_write_reg
</UL>
<P>
<H3>
Undefined Global Symbols
</H3><HR></body></html>
